../Core/Src/main.c:78:6:HAL_GPIO_EXTI_Callback	16	static
../Core/Src/main.c:122:5:main	8	static
../Core/Src/main.c:290:6:SystemClock_Config	88	static
../Core/Src/main.c:336:13:MX_I2C1_Init	8	static
../Core/Src/main.c:370:13:MX_I2S3_Init	8	static
../Core/Src/main.c:404:13:MX_TIM1_Init	32	static
../Core/Src/main.c:450:13:MX_USART2_UART_Init	8	static
../Core/Src/main.c:481:13:MX_DMA_Init	16	static
../Core/Src/main.c:499:13:MX_GPIO_Init	48	static
../Core/Src/main.c:567:5:__io_putchar	16	static
../Core/Src/main.c:583:6:Error_Handler	4	static,ignoring_inline_asm
