../Core/Src/main.c:84:5:main	8	static
../Core/Src/main.c:139:6:SystemClock_Config	80	static
../Core/Src/main.c:176:6:PeriphCommonClock_Config	32	static
../Core/Src/main.c:197:13:MX_I2C1_Init	8	static
../Core/Src/main.c:231:13:MX_I2S2_Init	8	static
../Core/Src/main.c:265:13:MX_I2S3_Init	8	static
../Core/Src/main.c:299:13:MX_SPI1_Init	8	static
../Core/Src/main.c:337:13:MX_USART1_UART_Init	8	static
../Core/Src/main.c:370:13:MX_GPIO_Init	56	static
../Core/Src/main.c:448:5:__io_putchar	16	static
../Core/Src/main.c:460:6:read_SD_card	9152	static
../Core/Src/main.c:514:6:process_SD_card	8424	static
../Core/Src/main.c:596:6:Error_Handler	4	static,ignoring_inline_asm
