../Core/Src/main.c:87:13:display_song_info	72	static
../Core/Src/main.c:100:13:update_volume_display	40	static
../Core/Src/main.c:114:5:main	96	static
../Core/Src/main.c:255:6:SystemClock_Config	88	static
../Core/Src/main.c:301:13:MX_DAC_Init	16	static
../Core/Src/main.c:341:13:MX_I2C1_Init	8	static
../Core/Src/main.c:375:13:MX_I2S3_Init	8	static
../Core/Src/main.c:409:13:MX_TIM1_Init	32	static
../Core/Src/main.c:453:13:MX_DMA_Init	16	static
../Core/Src/main.c:471:13:MX_GPIO_Init	56	static
../Core/Src/main.c:553:6:HAL_GPIO_EXTI_Callback	24	static
../Core/Src/main.c:599:6:Error_Handler	4	static,ignoring_inline_asm
