../Audio/wav_player.c:91:12:get_I2S_freq_index	24	static
../Audio/wav_player.c:110:13:audio_clock_config	40	static
../Audio/wav_player.c:133:6:wavPlayer_reset	4	static
../Audio/wav_player.c:147:6:wavPlayer_fileSelect	64	static
../Audio/wav_player.c:168:6:wavPlayer_play	8	static
../Audio/wav_player.c:192:6:wavPlayer_process	8	static
../Audio/wav_player.c:241:6:wavPlayer_stop	8	static
../Audio/wav_player.c:252:6:wavPlayer_pause	8	static
../Audio/wav_player.c:257:6:wavPlayer_resume	8	static
../Audio/wav_player.c:263:6:wavPlayer_setVolume	16	static
../Audio/wav_player.c:271:6:wavPlayer_isFinished	4	static
../Audio/wav_player.c:279:6:audioI2S_halfTransfer_Callback	4	static
../Audio/wav_player.c:283:6:audioI2S_fullTransfer_Callback	4	static
../Audio/wav_player.c:287:6:HAL_I2S_TxCpltCallback	16	static
../Audio/wav_player.c:294:6:HAL_I2S_TxHalfCpltCallback	16	static
