Archive member included to satisfy reference by file (symbol)

c:/st/stm32cubeide_1.10.1/stm32cubeide/plugins/com.st.stm32cube.ide.mcu.externaltools.gnu-tools-for-stm32.10.3-2021.10.win32_1.0.0.202111181127/tools/bin/../lib/gcc/arm-none-eabi/10.3.1/../../../../arm-none-eabi/lib/thumb/v7e-m+fp/hard\libc_nano.a(lib_a-errno.o)
                              ./Core/Src/syscalls.o (__errno)
c:/st/stm32cubeide_1.10.1/stm32cubeide/plugins/com.st.stm32cube.ide.mcu.externaltools.gnu-tools-for-stm32.10.3-2021.10.win32_1.0.0.202111181127/tools/bin/../lib/gcc/arm-none-eabi/10.3.1/../../../../arm-none-eabi/lib/thumb/v7e-m+fp/hard\libc_nano.a(lib_a-exit.o)
                              c:/st/stm32cubeide_1.10.1/stm32cubeide/plugins/com.st.stm32cube.ide.mcu.externaltools.gnu-tools-for-stm32.10.3-2021.10.win32_1.0.0.202111181127/tools/bin/../lib/gcc/arm-none-eabi/10.3.1/../../../../arm-none-eabi/lib/thumb/v7e-m+fp/hard/crt0.o (exit)
c:/st/stm32cubeide_1.10.1/stm32cubeide/plugins/com.st.stm32cube.ide.mcu.externaltools.gnu-tools-for-stm32.10.3-2021.10.win32_1.0.0.202111181127/tools/bin/../lib/gcc/arm-none-eabi/10.3.1/../../../../arm-none-eabi/lib/thumb/v7e-m+fp/hard\libc_nano.a(lib_a-impure.o)
                              c:/st/stm32cubeide_1.10.1/stm32cubeide/plugins/com.st.stm32cube.ide.mcu.externaltools.gnu-tools-for-stm32.10.3-2021.10.win32_1.0.0.202111181127/tools/bin/../lib/gcc/arm-none-eabi/10.3.1/../../../../arm-none-eabi/lib/thumb/v7e-m+fp/hard\libc_nano.a(lib_a-exit.o) (_global_impure_ptr)
c:/st/stm32cubeide_1.10.1/stm32cubeide/plugins/com.st.stm32cube.ide.mcu.externaltools.gnu-tools-for-stm32.10.3-2021.10.win32_1.0.0.202111181127/tools/bin/../lib/gcc/arm-none-eabi/10.3.1/../../../../arm-none-eabi/lib/thumb/v7e-m+fp/hard\libc_nano.a(lib_a-init.o)
                              c:/st/stm32cubeide_1.10.1/stm32cubeide/plugins/com.st.stm32cube.ide.mcu.externaltools.gnu-tools-for-stm32.10.3-2021.10.win32_1.0.0.202111181127/tools/bin/../lib/gcc/arm-none-eabi/10.3.1/../../../../arm-none-eabi/lib/thumb/v7e-m+fp/hard/crt0.o (__libc_init_array)
c:/st/stm32cubeide_1.10.1/stm32cubeide/plugins/com.st.stm32cube.ide.mcu.externaltools.gnu-tools-for-stm32.10.3-2021.10.win32_1.0.0.202111181127/tools/bin/../lib/gcc/arm-none-eabi/10.3.1/../../../../arm-none-eabi/lib/thumb/v7e-m+fp/hard\libc_nano.a(lib_a-malloc.o)
                              ./Middlewares/ST/STM32_USB_Host_Library/Class/MSC/Src/usbh_msc.o (malloc)
c:/st/stm32cubeide_1.10.1/stm32cubeide/plugins/com.st.stm32cube.ide.mcu.externaltools.gnu-tools-for-stm32.10.3-2021.10.win32_1.0.0.202111181127/tools/bin/../lib/gcc/arm-none-eabi/10.3.1/../../../../arm-none-eabi/lib/thumb/v7e-m+fp/hard\libc_nano.a(lib_a-memcpy-stub.o)
                              ./Audio/MY_CS43L22.o (memcpy)
c:/st/stm32cubeide_1.10.1/stm32cubeide/plugins/com.st.stm32cube.ide.mcu.externaltools.gnu-tools-for-stm32.10.3-2021.10.win32_1.0.0.202111181127/tools/bin/../lib/gcc/arm-none-eabi/10.3.1/../../../../arm-none-eabi/lib/thumb/v7e-m+fp/hard\libc_nano.a(lib_a-memset.o)
                              c:/st/stm32cubeide_1.10.1/stm32cubeide/plugins/com.st.stm32cube.ide.mcu.externaltools.gnu-tools-for-stm32.10.3-2021.10.win32_1.0.0.202111181127/tools/bin/../lib/gcc/arm-none-eabi/10.3.1/../../../../arm-none-eabi/lib/thumb/v7e-m+fp/hard/crt0.o (memset)
c:/st/stm32cubeide_1.10.1/stm32cubeide/plugins/com.st.stm32cube.ide.mcu.externaltools.gnu-tools-for-stm32.10.3-2021.10.win32_1.0.0.202111181127/tools/bin/../lib/gcc/arm-none-eabi/10.3.1/../../../../arm-none-eabi/lib/thumb/v7e-m+fp/hard\libc_nano.a(lib_a-nano-freer.o)
                              c:/st/stm32cubeide_1.10.1/stm32cubeide/plugins/com.st.stm32cube.ide.mcu.externaltools.gnu-tools-for-stm32.10.3-2021.10.win32_1.0.0.202111181127/tools/bin/../lib/gcc/arm-none-eabi/10.3.1/../../../../arm-none-eabi/lib/thumb/v7e-m+fp/hard\libc_nano.a(lib_a-malloc.o) (_free_r)
c:/st/stm32cubeide_1.10.1/stm32cubeide/plugins/com.st.stm32cube.ide.mcu.externaltools.gnu-tools-for-stm32.10.3-2021.10.win32_1.0.0.202111181127/tools/bin/../lib/gcc/arm-none-eabi/10.3.1/../../../../arm-none-eabi/lib/thumb/v7e-m+fp/hard\libc_nano.a(lib_a-nano-mallocr.o)
                              c:/st/stm32cubeide_1.10.1/stm32cubeide/plugins/com.st.stm32cube.ide.mcu.externaltools.gnu-tools-for-stm32.10.3-2021.10.win32_1.0.0.202111181127/tools/bin/../lib/gcc/arm-none-eabi/10.3.1/../../../../arm-none-eabi/lib/thumb/v7e-m+fp/hard\libc_nano.a(lib_a-malloc.o) (_malloc_r)
c:/st/stm32cubeide_1.10.1/stm32cubeide/plugins/com.st.stm32cube.ide.mcu.externaltools.gnu-tools-for-stm32.10.3-2021.10.win32_1.0.0.202111181127/tools/bin/../lib/gcc/arm-none-eabi/10.3.1/../../../../arm-none-eabi/lib/thumb/v7e-m+fp/hard\libc_nano.a(lib_a-sbrkr.o)
[...]
Memory Configuration

Name             Origin             Length             Attributes
CCMRAM           0x0000000010000000 0x0000000000010000 xrw
RAM              0x0000000020000000 0x0000000000020000 xrw
FLASH            0x0000000008000000 0x0000000000100000 xr
*default*        0x0000000000000000 0xffffffffffffffff

Linker script and memory map

LOAD c:/st/stm32cubeide_1.10.1/stm32cubeide/plugins/com.st.stm32cube.ide.mcu.externaltools.gnu-tools-for-stm32.10.3-2021.10.win32_1.0.0.202111181127/tools/bin/../lib/gcc/arm-none-eabi/10.3.1/thumb/v7e-m+fp/hard/crti.o
LOAD c:/st/stm32cubeide_1.10.1/stm32cubeide/plugins/com.st.stm32cube.ide.mcu.externaltools.gnu-tools-for-stm32.10.3-2021.10.win32_1.0.0.202111181127/tools/bin/../lib/gcc/arm-none-eabi/10.3.1/thumb/v7e-m+fp/hard/crtbegin.o
LOAD c:/st/stm32cubeide_1.10.1/stm32cubeide/plugins/com.st.stm32cube.ide.mcu.externaltools.gnu-tools-for-stm32.10.3-2021.10.win32_1.0.0.202111181127/tools/bin/../lib/gcc/arm-none-eabi/10.3.1/../../../../arm-none-eabi/lib/thumb/v7e-m+fp/hard/crt0.o
LOAD ./Audio/MY_CS43L22.o
LOAD ./Audio/audioI2S.o
LOAD ./Audio/wav_player.o
LOAD ./Core/Src/LCD1602.o
LOAD ./Core/Src/main.o
LOAD ./Core/Src/stm32f4xx_hal_msp.o
LOAD ./Core/Src/stm32f4xx_it.o
LOAD ./Core/Src/syscalls.o
LOAD ./Core/Src/sysmem.o
LOAD ./Core/Src/system_stm32f4xx.o
LOAD ./Core/Startup/startup_stm32f407vgtx.o
LOAD ./Drivers/STM32F4xx_HAL_Driver/Src/stm32f4xx_hal.o
LOAD ./Drivers/STM32F4xx_HAL_Driver/Src/stm32f4xx_hal_cortex.o
LOAD ./Drivers/STM32F4xx_HAL_Driver/Src/stm32f4xx_hal_dac.o
LOAD ./Drivers/STM32F4xx_HAL_Driver/Src/stm32f4xx_hal_dac_ex.o
LOAD ./Drivers/STM32F4xx_HAL_Driver/Src/stm32f4xx_hal_dma.o
LOAD ./Drivers/STM32F4xx_HAL_Driver/Src/stm32f4xx_hal_dma_ex.o
LOAD ./Drivers/STM32F4xx_HAL_Driver/Src/stm32f4xx_hal_exti.o
LOAD ./Drivers/STM32F4xx_HAL_Driver/Src/stm32f4xx_hal_flash.o
LOAD ./Drivers/STM32F4xx_HAL_Driver/Src/stm32f4xx_hal_flash_ex.o
LOAD ./Drivers/STM32F4xx_HAL_Driver/Src/stm32f4xx_hal_flash_ramfunc.o
LOAD ./Drivers/STM32F4xx_HAL_Driver/Src/stm32f4xx_hal_gpio.o
LOAD ./Drivers/STM32F4xx_HAL_Driver/Src/stm32f4xx_hal_hcd.o
LOAD ./Drivers/STM32F4xx_HAL_Driver/Src/stm32f4xx_hal_i2c.o
LOAD ./Drivers/STM32F4xx_HAL_Driver/Src/stm32f4xx_hal_i2c_ex.o
LOAD ./Drivers/STM32F4xx_HAL_Driver/Src/stm32f4xx_hal_i2s.o
LOAD ./Drivers/STM32F4xx_HAL_Driver/Src/stm32f4xx_hal_i2s_ex.o
LOAD ./Drivers/STM32F4xx_HAL_Driver/Src/stm32f4xx_hal_pwr.o
LOAD ./Drivers/STM32F4xx_HAL_Driver/Src/stm32f4xx_hal_pwr_ex.o
LOAD ./Drivers/STM32F4xx_HAL_Driver/Src/stm32f4xx_hal_rcc.o
LOAD ./Drivers/STM32F4xx_HAL_Driver/Src/stm32f4xx_hal_rcc_ex.o
LOAD ./Drivers/STM32F4xx_HAL_Driver/Src/stm32f4xx_hal_tim.o
LOAD ./Drivers/STM32F4xx_HAL_Driver/Src/stm32f4xx_hal_tim_ex.o
LOAD ./Drivers/STM32F4xx_HAL_Driver/Src/stm32f4xx_ll_usb.o
LOAD ./FATFS/App/fatfs.o
LOAD ./FATFS/Target/usbh_diskio.o
LOAD ./Middlewares/ST/STM32_USB_Host_Library/Class/MSC/Src/usbh_msc.o
LOAD ./Middlewares/ST/STM32_USB_Host_Library/Class/MSC/Src/usbh_msc_bot.o
LOAD ./Middlewares/ST/STM32_USB_Host_Library/Class/MSC/Src/usbh_msc_scsi.o
LOAD ./Middlewares/ST/STM32_USB_Host_Library/Core/Src/usbh_core.o
LOAD ./Middlewares/ST/STM32_USB_Host_Library/Core/Src/usbh_ctlreq.o
LOAD ./Middlewares/ST/STM32_USB_Host_Library/Core/Src/usbh_ioreq.o
LOAD ./Middlewares/ST/STM32_USB_Host_Library/Core/Src/usbh_pipes.o
LOAD ./Middlewares/Third_Party/FatFs/src/diskio.o
LOAD ./Middlewares/Third_Party/FatFs/src/ff.o
LOAD ./Middlewares/Third_Party/FatFs/src/ff_gen_drv.o
LOAD ./Middlewares/Third_Party/FatFs/src/option/syscall.o
LOAD ./USB_HOST/App/usb_host.o
LOAD ./USB_HOST/Target/usbh_conf.o
START GROUP
LOAD c:/st/stm32cubeide_1.10.1/stm32cubeide/plugins/com.st.stm32cube.ide.mcu.externaltools.gnu-tools-for-stm32.10.3-2021.10.win32_1.0.0.202111181127/tools/bin/../lib/gcc/arm-none-eabi/10.3.1/../../../../arm-none-eabi/lib/thumb/v7e-m+fp/hard\libc_nano.a
LOAD c:/st/stm32cubeide_1.10.1/stm32cubeide/plugins/com.st.stm32cube.ide.mcu.externaltools.gnu-tools-for-stm32.10.3-2021.10.win32_1.0.0.202111181127/tools/bin/../lib/gcc/arm-none-eabi/10.3.1/../../../../arm-none-eabi/lib/thumb/v7e-m+fp/hard\libm.a
END GROUP
START GROUP
LOAD c:/st/stm32cubeide_1.10.1/stm32cubeide/plugins/com.st.stm32cube.ide.mcu.externaltools.gnu-tools-for-stm32.10.3-2021.10.win32_1.0.0.202111181127/tools/bin/../lib/gcc/arm-none-eabi/10.3.1/thumb/v7e-m+fp/hard\libgcc.a
LOAD c:/st/stm32cubeide_1.10.1/stm32cubeide/plugins/com.st.stm32cube.ide.mcu.externaltools.gnu-tools-for-stm32.10.3-2021.10.win32_1.0.0.202111181127/tools/bin/../lib/gcc/arm-none-eabi/10.3.1/../../../../arm-none-eabi/lib/thumb/v7e-m+fp/hard\libc_nano.a
END GROUP
START GROUP
LOAD c:/st/stm32cubeide_1.10.1/stm32cubeide/plugins/com.st.stm32cube.ide.mcu.externaltools.gnu-tools-for-stm32.10.3-2021.10.win32_1.0.0.202111181127/tools/bin/../lib/gcc/arm-none-eabi/10.3.1/thumb/v7e-m+fp/hard\libgcc.a
LOAD c:/st/stm32cubeide_1.10.1/stm32cubeide/plugins/com.st.stm32cube.ide.mcu.externaltools.gnu-tools-for-stm32.10.3-2021.10.win32_1.0.0.202111181127/tools/bin/../lib/gcc/arm-none-eabi/10.3.1/../../../../arm-none-eabi/lib/thumb/v7e-m+fp/hard\libc_nano.a
LOAD c:/st/stm32cubeide_1.10.1/stm32cubeide/plugins/com.st.stm32cube.ide.mcu.externaltools.gnu-tools-for-stm32.10.3-2021.10.win32_1.0.0.202111181127/tools/bin/../lib/gcc/arm-none-eabi/10.3.1/../../../../arm-none-eabi/lib/thumb/v7e-m+fp/hard\libnosys.a
END GROUP
START GROUP
LOAD c:/st/stm32cubeide_1.10.1/stm32cubeide/plugins/com.st.stm32cube.ide.mcu.externaltools.gnu-tools-for-stm32.10.3-2021.10.win32_1.0.0.202111181127/tools/bin/../lib/gcc/arm-none-eabi/10.3.1/thumb/v7e-m+fp/hard\libgcc.a
LOAD c:/st/stm32cubeide_1.10.1/stm32cubeide/plugins/com.st.stm32cube.ide.mcu.externaltools.gnu-tools-for-stm32.10.3-2021.10.win32_1.0.0.202111181127/tools/bin/../lib/gcc/arm-none-eabi/10.3.1/../../../../arm-none-eabi/lib/thumb/v7e-m+fp/hard\libc_nano.a
LOAD c:/st/stm32cubeide_1.10.1/stm32cubeide/plugins/com.st.stm32cube.ide.mcu.externaltools.gnu-tools-for-stm32.10.3-2021.10.win32_1.0.0.202111181127/tools/bin/../lib/gcc/arm-none-eabi/10.3.1/../../../../arm-none-eabi/lib/thumb/v7e-m+fp/hard\libnosys.a
END GROUP
LOAD c:/st/stm32cubeide_1.10.1/stm32cubeide/plugins/com.st.stm32cube.ide.mcu.externaltools.gnu-tools-for-stm32.10.3-2021.10.win32_1.0.0.202111181127/tools/bin/../lib/gcc/arm-none-eabi/10.3.1/thumb/v7e-m+fp/hard/crtend.o
LOAD c:/st/stm32cubeide_1.10.1/stm32cubeide/plugins/com.st.stm32cube.ide.mcu.externaltools.gnu-tools-for-stm32.10.3-2021.10.win32_1.0.0.202111181127/tools/bin/../lib/gcc/arm-none-eabi/10.3.1/thumb/v7e-m+fp/hard/crtn.o
                0x0000000020020000                _estack = (ORIGIN (RAM) + LENGTH (RAM))
                0x0000000000002000                _Min_Heap_Size = 0x2000
                0x0000000000002000                _Min_Stack_Size = 0x2000

.isr_vector     0x0000000008000000      0x188
                0x0000000008000000                . = ALIGN (0x4)
 *(.isr_vector)
 .isr_vector    0x0000000008000000      0x188 ./Core/Startup/startup_stm32f407vgtx.o
                0x0000000008000000                g_pfnVectors
                0x0000000008000188                . = ALIGN (0x4)

.text           0x0000000008000190     0xefe4
                0x0000000008000190                . = ALIGN (0x4)
 *(.text)
 .text          0x0000000008000190       0x40 c:/st/stm32cubeide_1.10.1/stm32cubeide/plugins/com.st.stm32cube.ide.mcu.externaltools.gnu-tools-for-stm32.10.3-2021.10.win32_1.0.0.202111181127/tools/bin/../lib/gcc/arm-none-eabi/10.3.1/thumb/v7e-m+fp/hard/crtbegin.o
 .text          0x00000000080001d0       0xa0 c:/st/stm32cubeide_1.10.1/stm32cubeide/plugins/com.st.stm32cube.ide.mcu.externaltools.gnu-tools-for-stm32.10.3-2021.10.win32_1.0.0.202111181127/tools/bin/../lib/gcc/arm-none-eabi/10.3.1/../../../../arm-none-eabi/lib/thumb/v7e-m+fp/hard\libc_nano.a(lib_a-memchr.o)
                0x00000000080001d0                memchr
 .text          0x0000000008000270       0x30 c:/st/stm32cubeide_1.10.1/stm32cubeide/plugins/com.st.stm32cube.ide.mcu.externaltools.gnu-tools-for-stm32.10.3-2021.10.win32_1.0.0.202111181127/tools/bin/../lib/gcc/arm-none-eabi/10.3.1/thumb/v7e-m+fp/hard\libgcc.a(_aeabi_uldivmod.o)
                0x0000000008000270                __aeabi_uldivmod
 .text          0x00000000080002a0      0x2d0 c:/st/stm32cubeide_1.10.1/stm32cubeide/plugins/com.st.stm32cube.ide.mcu.externaltools.gnu-tools-for-stm32.10.3-2021.10.win32_1.0.0.202111181127/tools/bin/../lib/gcc/arm-none-eabi/10.3.1/thumb/v7e-m+fp/hard\libgcc.a(_udivmoddi4.o)
                0x00000000080002a0                __udivmoddi4
 .text          0x0000000008000570        0x4 c:/st/stm32cubeide_1.10.1/stm32cubeide/plugins/com.st.stm32cube.ide.mcu.externaltools.gnu-tools-for-stm32.10.3-2021.10.win32_1.0.0.202111181127/tools/bin/../lib/gcc/arm-none-eabi/10.3.1/thumb/v7e-m+fp/hard\libgcc.a(_dvmd_tls.o)
                0x0000000008000570                __aeabi_idiv0
                0x0000000008000570                __aeabi_ldiv0
 *(.text*)
 .text.write_register
                0x0000000008000574       0x34 ./Audio/MY_CS43L22.o
 .text.read_register
                0x00000000080005a8       0x40 ./Audio/MY_CS43L22.o
 .text.CS43_Init
                0x00000000080005e8      0x20c ./Audio/MY_CS43L22.o
                0x00000000080005e8                CS43_Init
 .text.CS43_Enable_RightLeft
                0x00000000080007f4       0x94 ./Audio/MY_CS43L22.o
                0x00000000080007f4                CS43_Enable_RightLeft
 .text.CS43_SetVolume
                0x0000000008000888       0x36 ./Audio/MY_CS43L22.o
                0x0000000008000888                CS43_SetVolume
 .text.CS43_SetMute
                0x00000000080008be       0x7e ./Audio/MY_CS43L22.o
                0x00000000080008be                CS43_SetMute
 .text.CS43_Start
                0x000000000800093c       0x98 ./Audio/MY_CS43L22.o
                0x000000000800093c                CS43_Start
 .text.CS43_Stop
                0x00000000080009d4       0x34 ./Audio/MY_CS43L22.o
                0x00000000080009d4                CS43_Stop
 .text.audioI2S_pllClockConfig
                0x0000000008000a08       0x98 ./Audio/audioI2S.o
 .text.I2S3_freqUpdate
                0x0000000008000aa0       0x88 ./Audio/audioI2S.o
 .text.audioI2S_setHandle
                0x0000000008000b28       0x20 ./Audio/audioI2S.o
                0x0000000008000b28                audioI2S_setHandle
 .text.audioI2S_init
                0x0000000008000b48       0x1e ./Audio/audioI2S.o
                0x0000000008000b48                audioI2S_init
 *fill*         0x0000000008000b66        0x2 
 .text.audioI2S_play
                0x0000000008000b68       0x3c ./Audio/audioI2S.o
                0x0000000008000b68                audioI2S_play
 .text.audioI2S_pause
                0x0000000008000ba4       0x1c ./Audio/audioI2S.o
                0x0000000008000ba4                audioI2S_pause
 .text.audioI2S_resume
                0x0000000008000bc0       0x1c ./Audio/audioI2S.o
                0x0000000008000bc0                audioI2S_resume
 .text.audioI2S_stop
                0x0000000008000bdc       0x1c ./Audio/audioI2S.o
                0x0000000008000bdc                audioI2S_stop
 .text.HAL_I2S_TxCpltCallback
                0x0000000008000bf8       0x24 ./Audio/audioI2S.o
                0x0000000008000bf8                HAL_I2S_TxCpltCallback
 .text.HAL_I2S_TxHalfCpltCallback
                0x0000000008000c1c       0x24 ./Audio/audioI2S.o
                0x0000000008000c1c                HAL_I2S_TxHalfCpltCallback
 .text.wavPlayer_reset
                0x0000000008000c40       0x24 ./Audio/wav_player.o
 .text.wavPlayer_fileSelect
                0x0000000008000c64       0x54 ./Audio/wav_player.o
                0x0000000008000c64                wavPlayer_fileSelect
 .text.wavPlayer_play
                0x0000000008000cb8       0x64 ./Audio/wav_player.o
                0x0000000008000cb8                wavPlayer_play
 .text.wavPlayer_process
                0x0000000008000d1c       0xe4 ./Audio/wav_player.o
                0x0000000008000d1c                wavPlayer_process
 .text.wavPlayer_stop
                0x0000000008000e00       0x20 ./Audio/wav_player.o
                0x0000000008000e00                wavPlayer_stop
 .text.wavPlayer_pause
                0x0000000008000e20        0xc ./Audio/wav_player.o
                0x0000000008000e20                wavPlayer_pause
 .text.wavPlayer_resume
                0x0000000008000e2c        0xc ./Audio/wav_player.o
                0x0000000008000e2c                wavPlayer_resume
 .text.wavPlayer_isFinished
                0x0000000008000e38       0x18 ./Audio/wav_player.o
                0x0000000008000e38                wavPlayer_isFinished
 .text.audioI2S_halfTransfer_Callback
                0x0000000008000e50       0x18 ./Audio/wav_player.o
                0x0000000008000e50                audioI2S_halfTransfer_Callback
 .text.audioI2S_fullTransfer_Callback
                0x0000000008000e68       0x18 ./Audio/wav_player.o
                0x0000000008000e68                audioI2S_fullTransfer_Callback
 .text.delay    0x0000000008000e80       0x34 ./Core/Src/LCD1602.o
                0x0000000008000e80                delay
 .text.send_to_lcd
                0x0000000008000eb4       0x9c ./Core/Src/LCD1602.o
                0x0000000008000eb4                send_to_lcd
 .text.lcd_send_cmd
                0x0000000008000f50       0x34 ./Core/Src/LCD1602.o
                0x0000000008000f50                lcd_send_cmd
 .text.lcd_send_data
                0x0000000008000f84       0x34 ./Core/Src/LCD1602.o
                0x0000000008000f84                lcd_send_data
 .text.lcd_clear
                0x0000000008000fb8       0x14 ./Core/Src/LCD1602.o
                0x0000000008000fb8                lcd_clear
 .text.lcd_put_cur
                0x0000000008000fcc       0x3e ./Core/Src/LCD1602.o
                0x0000000008000fcc                lcd_put_cur
 .text.lcd_init
                0x000000000800100a       0x74 ./Core/Src/LCD1602.o
                0x000000000800100a                lcd_init
 .text.lcd_send_string
                0x000000000800107e       0x2a ./Core/Src/LCD1602.o
                0x000000000800107e                lcd_send_string
 .text.display_song_info
                0x00000000080010a8       0x78 ./Core/Src/main.o
 .text.update_volume_display
                0x0000000008001120       0x38 ./Core/Src/main.o
 .text.main     0x0000000008001158      0x24c ./Core/Src/main.o
                0x0000000008001158                main
 .text.SystemClock_Config
                0x00000000080013a4       0xd4 ./Core/Src/main.o
                0x00000000080013a4                SystemClock_Config
 .text.MX_DAC_Init
                0x0000000008001478       0x54 ./Core/Src/main.o
 .text.MX_I2C1_Init
                0x00000000080014cc       0x5c ./Core/Src/main.o
 .text.MX_I2S3_Init
                0x0000000008001528       0x5c ./Core/Src/main.o
 .text.MX_TIM1_Init
                0x0000000008001584       0xa0 ./Core/Src/main.o
 .text.MX_DMA_Init
                0x0000000008001624       0x40 ./Core/Src/main.o
 .text.MX_GPIO_Init
                0x0000000008001664      0x1e0 ./Core/Src/main.o
 .text.HAL_GPIO_EXTI_Callback
                0x0000000008001844       0xec ./Core/Src/main.o
                0x0000000008001844                HAL_GPIO_EXTI_Callback
 .text.Error_Handler
                0x0000000008001930        0xa ./Core/Src/main.o
                0x0000000008001930                Error_Handler
 *fill*         0x000000000800193a        0x2 
 .text.HAL_MspInit
                0x000000000800193c       0x50 ./Core/Src/stm32f4xx_hal_msp.o
                0x000000000800193c                HAL_MspInit
 .text.HAL_DAC_MspInit
                0x000000000800198c       0x88 ./Core/Src/stm32f4xx_hal_msp.o
                0x000000000800198c                HAL_DAC_MspInit
 .text.HAL_I2C_MspInit
                0x0000000008001a14       0x90 ./Core/Src/stm32f4xx_hal_msp.o
                0x0000000008001a14                HAL_I2C_MspInit
 .text.HAL_I2S_MspInit
                0x0000000008001aa4      0x17c ./Core/Src/stm32f4xx_hal_msp.o
                0x0000000008001aa4                HAL_I2S_MspInit
 .text.HAL_TIM_Base_MspInit
                0x0000000008001c20       0x44 ./Core/Src/stm32f4xx_hal_msp.o
                0x0000000008001c20                HAL_TIM_Base_MspInit
 .text.NMI_Handler
                0x0000000008001c64        0x6 ./Core/Src/stm32f4xx_it.o
                0x0000000008001c64                NMI_Handler
 .text.HardFault_Handler
                0x0000000008001c6a        0x6 ./Core/Src/stm32f4xx_it.o
                0x0000000008001c6a                HardFault_Handler
 .text.MemManage_Handler
                0x0000000008001c70        0x6 ./Core/Src/stm32f4xx_it.o
                0x0000000008001c70                MemManage_Handler
 .text.BusFault_Handler
                0x0000000008001c76        0x6 ./Core/Src/stm32f4xx_it.o
                0x0000000008001c76                BusFault_Handler
 .text.UsageFault_Handler
                0x0000000008001c7c        0x6 ./Core/Src/stm32f4xx_it.o
                0x0000000008001c7c                UsageFault_Handler
 .text.SVC_Handler
                0x0000000008001c82        0xe ./Core/Src/stm32f4xx_it.o
                0x0000000008001c82                SVC_Handler
 .text.DebugMon_Handler
                0x0000000008001c90        0xe ./Core/Src/stm32f4xx_it.o
                0x0000000008001c90                DebugMon_Handler
 .text.PendSV_Handler
                0x0000000008001c9e        0xe ./Core/Src/stm32f4xx_it.o
                0x0000000008001c9e                PendSV_Handler
 .text.SysTick_Handler
                0x0000000008001cac        0xc ./Core/Src/stm32f4xx_it.o
                0x0000000008001cac                SysTick_Handler
 .text.EXTI1_IRQHandler
                0x0000000008001cb8        0xe ./Core/Src/stm32f4xx_it.o
                0x0000000008001cb8                EXTI1_IRQHandler
 .text.EXTI2_IRQHandler
                0x0000000008001cc6        0xe ./Core/Src/stm32f4xx_it.o
                0x0000000008001cc6                EXTI2_IRQHandler
 .text.EXTI3_IRQHandler
                0x0000000008001cd4        0xe ./Core/Src/stm32f4xx_it.o
                0x0000000008001cd4                EXTI3_IRQHandler
 .text.EXTI4_IRQHandler
                0x0000000008001ce2        0xe ./Core/Src/stm32f4xx_it.o
                0x0000000008001ce2                EXTI4_IRQHandler
 .text.DMA1_Stream5_IRQHandler
                0x0000000008001cf0       0x14 ./Core/Src/stm32f4xx_it.o
                0x0000000008001cf0                DMA1_Stream5_IRQHandler
 .text.OTG_FS_IRQHandler
                0x0000000008001d04       0x14 ./Core/Src/stm32f4xx_it.o
                0x0000000008001d04                OTG_FS_IRQHandler
 .text._sbrk    0x0000000008001d18       0x6c ./Core/Src/sysmem.o
                0x0000000008001d18                _sbrk
 .text.SystemInit
                0x0000000008001d84       0x24 ./Core/Src/system_stm32f4xx.o
                0x0000000008001d84                SystemInit
 .text.Reset_Handler
                0x0000000008001da8       0x50 ./Core/Startup/startup_stm32f407vgtx.o
                0x0000000008001da8                Reset_Handler
 .text.Default_Handler
                0x0000000008001df8        0x2 ./Core/Startup/startup_stm32f407vgtx.o
                0x0000000008001df8                RTC_Alarm_IRQHandler
                0x0000000008001df8                HASH_RNG_IRQHandler
                0x0000000008001df8                TIM8_CC_IRQHandler
                0x0000000008001df8                TIM1_CC_IRQHandler
                0x0000000008001df8                DMA2_Stream5_IRQHandler
                0x0000000008001df8                PVD_IRQHandler
                0x0000000008001df8                SDIO_IRQHandler
                0x0000000008001df8                TAMP_STAMP_IRQHandler
                0x0000000008001df8                CAN2_RX1_IRQHandler
                0x0000000008001df8                TIM8_TRG_COM_TIM14_IRQHandler
                0x0000000008001df8                TIM1_UP_TIM10_IRQHandler
                0x0000000008001df8                TIM8_UP_TIM13_IRQHandler
                0x0000000008001df8                I2C3_ER_IRQHandler
                0x0000000008001df8                EXTI0_IRQHandler
                0x0000000008001df8                I2C2_EV_IRQHandler
                0x0000000008001df8                DMA1_Stream2_IRQHandler
                0x0000000008001df8                CAN1_RX0_IRQHandler
                0x0000000008001df8                FPU_IRQHandler
                0x0000000008001df8                OTG_HS_WKUP_IRQHandler
                0x0000000008001df8                CAN2_SCE_IRQHandler
                0x0000000008001df8                DMA2_Stream2_IRQHandler
                0x0000000008001df8                SPI1_IRQHandler
                0x0000000008001df8                TIM6_DAC_IRQHandler
                0x0000000008001df8                TIM1_BRK_TIM9_IRQHandler
                0x0000000008001df8                DCMI_IRQHandler
                0x0000000008001df8                CAN2_RX0_IRQHandler
                0x0000000008001df8                DMA2_Stream3_IRQHandler
                0x0000000008001df8                USART6_IRQHandler
                0x0000000008001df8                USART3_IRQHandler
                0x0000000008001df8                CAN1_RX1_IRQHandler
                0x0000000008001df8                UART5_IRQHandler
                0x0000000008001df8                DMA2_Stream0_IRQHandler
                0x0000000008001df8                TIM4_IRQHandler
                0x0000000008001df8                I2C1_EV_IRQHandler
                0x0000000008001df8                DMA1_Stream6_IRQHandler
                0x0000000008001df8                DMA1_Stream1_IRQHandler
                0x0000000008001df8                UART4_IRQHandler
                0x0000000008001df8                TIM3_IRQHandler
                0x0000000008001df8                RCC_IRQHandler
                0x0000000008001df8                TIM8_BRK_TIM12_IRQHandler
                0x0000000008001df8                Default_Handler
                0x0000000008001df8                EXTI15_10_IRQHandler
                0x0000000008001df8                ADC_IRQHandler
                0x0000000008001df8                DMA1_Stream7_IRQHandler
                0x0000000008001df8                TIM7_IRQHandler
                0x0000000008001df8                CAN2_TX_IRQHandler
                0x0000000008001df8                TIM5_IRQHandler
                0x0000000008001df8                DMA2_Stream7_IRQHandler
                0x0000000008001df8                I2C3_EV_IRQHandler
                0x0000000008001df8                EXTI9_5_IRQHandler
                0x0000000008001df8                RTC_WKUP_IRQHandler
                0x0000000008001df8                ETH_WKUP_IRQHandler
                0x0000000008001df8                SPI2_IRQHandler
                0x0000000008001df8                OTG_HS_EP1_IN_IRQHandler
                0x0000000008001df8                DMA1_Stream0_IRQHandler
                0x0000000008001df8                CAN1_TX_IRQHandler
                0x0000000008001df8                FSMC_IRQHandler
                0x0000000008001df8                ETH_IRQHandler
                0x0000000008001df8                OTG_HS_EP1_OUT_IRQHandler
                0x0000000008001df8                WWDG_IRQHandler
                0x0000000008001df8                TIM2_IRQHandler
                0x0000000008001df8                OTG_FS_WKUP_IRQHandler
                0x0000000008001df8                TIM1_TRG_COM_TIM11_IRQHandler
                0x0000000008001df8                OTG_HS_IRQHandler
                0x0000000008001df8                USART2_IRQHandler
                0x0000000008001df8                I2C2_ER_IRQHandler
                0x0000000008001df8                DMA2_Stream1_IRQHandler
                0x0000000008001df8                CAN1_SCE_IRQHandler
                0x0000000008001df8                FLASH_IRQHandler
                0x0000000008001df8                DMA2_Stream4_IRQHandler
                0x0000000008001df8                USART1_IRQHandler
                0x0000000008001df8                SPI3_IRQHandler
                0x0000000008001df8                DMA1_Stream4_IRQHandler
                0x0000000008001df8                I2C1_ER_IRQHandler
                0x0000000008001df8                DMA2_Stream6_IRQHandler
                0x0000000008001df8                DMA1_Stream3_IRQHandler
 *fill*         0x0000000008001dfa        0x2 
 .text.HAL_Init
                0x0000000008001dfc       0x44 ./Drivers/STM32F4xx_HAL_Driver/Src/stm32f4xx_hal.o
                0x0000000008001dfc                HAL_Init
 .text.HAL_InitTick
                0x0000000008001e40       0x60 ./Drivers/STM32F4xx_HAL_Driver/Src/stm32f4xx_hal.o
                0x0000000008001e40                HAL_InitTick
 .text.HAL_IncTick
                0x0000000008001ea0       0x28 ./Drivers/STM32F4xx_HAL_Driver/Src/stm32f4xx_hal.o
                0x0000000008001ea0                HAL_IncTick
 .text.HAL_GetTick
                0x0000000008001ec8       0x18 ./Drivers/STM32F4xx_HAL_Driver/Src/stm32f4xx_hal.o
                0x0000000008001ec8                HAL_GetTick
 .text.HAL_Delay
                0x0000000008001ee0       0x48 ./Drivers/STM32F4xx_HAL_Driver/Src/stm32f4xx_hal.o
                0x0000000008001ee0                HAL_Delay
 .text.__NVIC_SetPriorityGrouping
                0x0000000008001f28       0x48 ./Drivers/STM32F4xx_HAL_Driver/Src/stm32f4xx_hal_cortex.o
 .text.__NVIC_GetPriorityGrouping
                0x0000000008001f70       0x1c ./Drivers/STM32F4xx_HAL_Driver/Src/stm32f4xx_hal_cortex.o
 .text.__NVIC_EnableIRQ
                0x0000000008001f8c       0x3c ./Drivers/STM32F4xx_HAL_Driver/Src/stm32f4xx_hal_cortex.o
 .text.__NVIC_SetPriority
                0x0000000008001fc8       0x54 ./Drivers/STM32F4xx_HAL_Driver/Src/stm32f4xx_hal_cortex.o
 .text.NVIC_EncodePriority
                0x000000000800201c       0x66 ./Drivers/STM32F4xx_HAL_Driver/Src/stm32f4xx_hal_cortex.o
 *fill*         0x0000000008002082        0x2 
 .text.SysTick_Config
                0x0000000008002084       0x44 ./Drivers/STM32F4xx_HAL_Driver/Src/stm32f4xx_hal_cortex.o
 .text.HAL_NVIC_SetPriorityGrouping
                0x00000000080020c8       0x16 ./Drivers/STM32F4xx_HAL_Driver/Src/stm32f4xx_hal_cortex.o
                0x00000000080020c8                HAL_NVIC_SetPriorityGrouping
 .text.HAL_NVIC_SetPriority
                0x00000000080020de       0x38 ./Drivers/STM32F4xx_HAL_Driver/Src/stm32f4xx_hal_cortex.o
                0x00000000080020de                HAL_NVIC_SetPriority
 .text.HAL_NVIC_EnableIRQ
                0x0000000008002116       0x1c ./Drivers/STM32F4xx_HAL_Driver/Src/stm32f4xx_hal_cortex.o
                0x0000000008002116                HAL_NVIC_EnableIRQ
 .text.HAL_SYSTICK_Config
                0x0000000008002132       0x18 ./Drivers/STM32F4xx_HAL_Driver/Src/stm32f4xx_hal_cortex.o
                0x0000000008002132                HAL_SYSTICK_Config
 .text.HAL_DAC_Init
                0x000000000800214a       0x44 ./Drivers/STM32F4xx_HAL_Driver/Src/stm32f4xx_hal_dac.o
                0x000000000800214a                HAL_DAC_Init
 .text.HAL_DAC_ConfigChannel
                0x000000000800218e       0x9e ./Drivers/STM32F4xx_HAL_Driver/Src/stm32f4xx_hal_dac.o
                0x000000000800218e                HAL_DAC_ConfigChannel
 .text.HAL_DMA_Init
                0x000000000800222c      0x15c ./Drivers/STM32F4xx_HAL_Driver/Src/stm32f4xx_hal_dma.o
                0x000000000800222c                HAL_DMA_Init
 .text.HAL_DMA_Start_IT
                0x0000000008002388       0xb0 ./Drivers/STM32F4xx_HAL_Driver/Src/stm32f4xx_hal_dma.o
                0x0000000008002388                HAL_DMA_Start_IT
 .text.HAL_DMA_Abort
                0x0000000008002438       0xe0 ./Drivers/STM32F4xx_HAL_Driver/Src/stm32f4xx_hal_dma.o
                0x0000000008002438                HAL_DMA_Abort
 .text.HAL_DMA_IRQHandler
                0x0000000008002518      0x314 ./Drivers/STM32F4xx_HAL_Driver/Src/stm32f4xx_hal_dma.o
                0x0000000008002518                HAL_DMA_IRQHandler
 .text.DMA_SetConfig
                0x000000000800282c       0x5c ./Drivers/STM32F4xx_HAL_Driver/Src/stm32f4xx_hal_dma.o
 .text.DMA_CalcBaseAndBitshift
                0x0000000008002888       0x6c ./Drivers/STM32F4xx_HAL_Driver/Src/stm32f4xx_hal_dma.o
 .text.DMA_CheckFifoParam
                0x00000000080028f4       0xf8 ./Drivers/STM32F4xx_HAL_Driver/Src/stm32f4xx_hal_dma.o
 .text.HAL_GPIO_Init
                0x00000000080029ec      0x338 ./Drivers/STM32F4xx_HAL_Driver/Src/stm32f4xx_hal_gpio.o
                0x00000000080029ec                HAL_GPIO_Init
 .text.HAL_GPIO_ReadPin
                0x0000000008002d24       0x30 ./Drivers/STM32F4xx_HAL_Driver/Src/stm32f4xx_hal_gpio.o
                0x0000000008002d24                HAL_GPIO_ReadPin
 .text.HAL_GPIO_WritePin
                0x0000000008002d54       0x32 ./Drivers/STM32F4xx_HAL_Driver/Src/stm32f4xx_hal_gpio.o
                0x0000000008002d54                HAL_GPIO_WritePin
 .text.HAL_GPIO_TogglePin
                0x0000000008002d86       0x34 ./Drivers/STM32F4xx_HAL_Driver/Src/stm32f4xx_hal_gpio.o
                0x0000000008002d86                HAL_GPIO_TogglePin
 *fill*         0x0000000008002dba        0x2 
 .text.HAL_GPIO_EXTI_IRQHandler
                0x0000000008002dbc       0x30 ./Drivers/STM32F4xx_HAL_Driver/Src/stm32f4xx_hal_gpio.o
                0x0000000008002dbc                HAL_GPIO_EXTI_IRQHandler
 .text.HAL_HCD_Init
                0x0000000008002dec       0xc4 ./Drivers/STM32F4xx_HAL_Driver/Src/stm32f4xx_hal_hcd.o
                0x0000000008002dec                HAL_HCD_Init
 .text.HAL_HCD_HC_Init
                0x0000000008002eb0      0x11e ./Drivers/STM32F4xx_HAL_Driver/Src/stm32f4xx_hal_hcd.o
                0x0000000008002eb0                HAL_HCD_HC_Init
 .text.HAL_HCD_HC_Halt
                0x0000000008002fce       0x46 ./Drivers/STM32F4xx_HAL_Driver/Src/stm32f4xx_hal_hcd.o
                0x0000000008002fce                HAL_HCD_HC_Halt
 .text.HAL_HCD_HC_SubmitRequest
                0x0000000008003014      0x2ac ./Drivers/STM32F4xx_HAL_Driver/Src/stm32f4xx_hal_hcd.o
                0x0000000008003014                HAL_HCD_HC_SubmitRequest
 .text.HAL_HCD_IRQHandler
                0x00000000080032c0      0x216 ./Drivers/STM32F4xx_HAL_Driver/Src/stm32f4xx_hal_hcd.o
                0x00000000080032c0                HAL_HCD_IRQHandler
 .text.HAL_HCD_Start
                0x00000000080034d6       0x46 ./Drivers/STM32F4xx_HAL_Driver/Src/stm32f4xx_hal_hcd.o
                0x00000000080034d6                HAL_HCD_Start
 .text.HAL_HCD_Stop
                0x000000000800351c       0x3a ./Drivers/STM32F4xx_HAL_Driver/Src/stm32f4xx_hal_hcd.o
                0x000000000800351c                HAL_HCD_Stop
 .text.HAL_HCD_ResetPort
                0x0000000008003556       0x1c ./Drivers/STM32F4xx_HAL_Driver/Src/stm32f4xx_hal_hcd.o
                0x0000000008003556                HAL_HCD_ResetPort
 .text.HAL_HCD_HC_GetURBState
                0x0000000008003572       0x28 ./Drivers/STM32F4xx_HAL_Driver/Src/stm32f4xx_hal_hcd.o
                0x0000000008003572                HAL_HCD_HC_GetURBState
 .text.HAL_HCD_HC_GetXferCount
                0x000000000800359a       0x28 ./Drivers/STM32F4xx_HAL_Driver/Src/stm32f4xx_hal_hcd.o
                0x000000000800359a                HAL_HCD_HC_GetXferCount
 .text.HAL_HCD_GetCurrentFrame
                0x00000000080035c2       0x1c ./Drivers/STM32F4xx_HAL_Driver/Src/stm32f4xx_hal_hcd.o
                0x00000000080035c2                HAL_HCD_GetCurrentFrame
 .text.HAL_HCD_GetCurrentSpeed
                0x00000000080035de       0x1c ./Drivers/STM32F4xx_HAL_Driver/Src/stm32f4xx_hal_hcd.o
                0x00000000080035de                HAL_HCD_GetCurrentSpeed
 .text.HCD_HC_IN_IRQHandler
                0x00000000080035fa      0x6aa ./Drivers/STM32F4xx_HAL_Driver/Src/stm32f4xx_hal_hcd.o
 .text.HCD_HC_OUT_IRQHandler
                0x0000000008003ca4      0x6d2 ./Drivers/STM32F4xx_HAL_Driver/Src/stm32f4xx_hal_hcd.o
 .text.HCD_RXQLVL_IRQHandler
                0x0000000008004376      0x1a4 ./Drivers/STM32F4xx_HAL_Driver/Src/stm32f4xx_hal_hcd.o
 .text.HCD_Port_IRQHandler
                0x000000000800451a       0xe6 ./Drivers/STM32F4xx_HAL_Driver/Src/stm32f4xx_hal_hcd.o
 .text.HAL_I2C_Init
                0x0000000008004600      0x288 ./Drivers/STM32F4xx_HAL_Driver/Src/stm32f4xx_hal_i2c.o
                0x0000000008004600                HAL_I2C_Init
 .text.HAL_I2C_Master_Transmit
                0x0000000008004888      0x1fc ./Drivers/STM32F4xx_HAL_Driver/Src/stm32f4xx_hal_i2c.o
                0x0000000008004888                HAL_I2C_Master_Transmit
 .text.HAL_I2C_Master_Receive
                0x0000000008004a84      0x44c ./Drivers/STM32F4xx_HAL_Driver/Src/stm32f4xx_hal_i2c.o
                0x0000000008004a84                HAL_I2C_Master_Receive
 .text.I2C_MasterRequestWrite
                0x0000000008004ed0      0x104 ./Drivers/STM32F4xx_HAL_Driver/Src/stm32f4xx_hal_i2c.o
 .text.I2C_MasterRequestRead
                0x0000000008004fd4      0x19c ./Drivers/STM32F4xx_HAL_Driver/Src/stm32f4xx_hal_i2c.o
 .text.I2C_WaitOnFlagUntilTimeout
                0x0000000008005170       0xae ./Drivers/STM32F4xx_HAL_Driver/Src/stm32f4xx_hal_i2c.o
 .text.I2C_WaitOnMasterAddressFlagUntilTimeout
                0x000000000800521e       0xfe ./Drivers/STM32F4xx_HAL_Driver/Src/stm32f4xx_hal_i2c.o
 .text.I2C_WaitOnTXEFlagUntilTimeout
                0x000000000800531c       0x82 ./Drivers/STM32F4xx_HAL_Driver/Src/stm32f4xx_hal_i2c.o
 .text.I2C_WaitOnBTFFlagUntilTimeout
                0x000000000800539e       0x82 ./Drivers/STM32F4xx_HAL_Driver/Src/stm32f4xx_hal_i2c.o
 .text.I2C_WaitOnRXNEFlagUntilTimeout
                0x0000000008005420       0xac ./Drivers/STM32F4xx_HAL_Driver/Src/stm32f4xx_hal_i2c.o
 .text.I2C_IsAcknowledgeFailed
                0x00000000080054cc       0x5e ./Drivers/STM32F4xx_HAL_Driver/Src/stm32f4xx_hal_i2c.o
 *fill*         0x000000000800552a        0x2 
 .text.HAL_I2S_Init
                0x000000000800552c      0x280 ./Drivers/STM32F4xx_HAL_Driver/Src/stm32f4xx_hal_i2s.o
                0x000000000800552c                HAL_I2S_Init
 .text.HAL_I2S_Transmit_DMA
                0x00000000080057ac      0x150 ./Drivers/STM32F4xx_HAL_Driver/Src/stm32f4xx_hal_i2s.o
                0x00000000080057ac                HAL_I2S_Transmit_DMA
 .text.HAL_I2S_DMAPause
                0x00000000080058fc       0xc4 ./Drivers/STM32F4xx_HAL_Driver/Src/stm32f4xx_hal_i2s.o
                0x00000000080058fc                HAL_I2S_DMAPause
 .text.HAL_I2S_DMAResume
                0x00000000080059c0      0x128 ./Drivers/STM32F4xx_HAL_Driver/Src/stm32f4xx_hal_i2s.o
                0x00000000080059c0                HAL_I2S_DMAResume
 .text.HAL_I2S_DMAStop
                0x0000000008005ae8      0x3b4 ./Drivers/STM32F4xx_HAL_Driver/Src/stm32f4xx_hal_i2s.o
                0x0000000008005ae8                HAL_I2S_DMAStop
 .text.HAL_I2S_RxCpltCallback
                0x0000000008005e9c       0x14 ./Drivers/STM32F4xx_HAL_Driver/Src/stm32f4xx_hal_i2s.o
                0x0000000008005e9c                HAL_I2S_RxCpltCallback
 .text.HAL_I2S_ErrorCallback
                0x0000000008005eb0       0x14 ./Drivers/STM32F4xx_HAL_Driver/Src/stm32f4xx_hal_i2s.o
                0x0000000008005eb0                HAL_I2S_ErrorCallback
 .text.I2S_DMATxCplt
                0x0000000008005ec4       0x42 ./Drivers/STM32F4xx_HAL_Driver/Src/stm32f4xx_hal_i2s.o
 .text.I2S_DMATxHalfCplt
                0x0000000008005f06       0x1c ./Drivers/STM32F4xx_HAL_Driver/Src/stm32f4xx_hal_i2s.o
 .text.I2S_DMAError
                0x0000000008005f22       0x4c ./Drivers/STM32F4xx_HAL_Driver/Src/stm32f4xx_hal_i2s.o
 .text.I2S_Transmit_IT
                0x0000000008005f6e       0x5c ./Drivers/STM32F4xx_HAL_Driver/Src/stm32f4xx_hal_i2s.o
 .text.I2S_Receive_IT
                0x0000000008005fca       0x5e ./Drivers/STM32F4xx_HAL_Driver/Src/stm32f4xx_hal_i2s.o
 .text.I2S_IRQHandler
                0x0000000008006028      0x114 ./Drivers/STM32F4xx_HAL_Driver/Src/stm32f4xx_hal_i2s.o
 .text.I2S_WaitFlagStateUntilTimeout
                0x000000000800613c       0x72 ./Drivers/STM32F4xx_HAL_Driver/Src/stm32f4xx_hal_i2s.o
 *fill*         0x00000000080061ae        0x2 
 .text.HAL_I2SEx_FullDuplex_IRQHandler
                0x00000000080061b0      0x2a8 ./Drivers/STM32F4xx_HAL_Driver/Src/stm32f4xx_hal_i2s_ex.o
                0x00000000080061b0                HAL_I2SEx_FullDuplex_IRQHandler
 .text.HAL_I2SEx_TxRxCpltCallback
                0x0000000008006458       0x14 ./Drivers/STM32F4xx_HAL_Driver/Src/stm32f4xx_hal_i2s_ex.o
                0x0000000008006458                HAL_I2SEx_TxRxCpltCallback
 .text.I2SEx_TxISR_I2S
                0x000000000800646c       0x62 ./Drivers/STM32F4xx_HAL_Driver/Src/stm32f4xx_hal_i2s_ex.o
 *fill*         0x00000000080064ce        0x2 
 .text.I2SEx_TxISR_I2SExt
                0x00000000080064d0       0x98 ./Drivers/STM32F4xx_HAL_Driver/Src/stm32f4xx_hal_i2s_ex.o
 .text.I2SEx_RxISR_I2S
                0x0000000008006568       0x64 ./Drivers/STM32F4xx_HAL_Driver/Src/stm32f4xx_hal_i2s_ex.o
 .text.I2SEx_RxISR_I2SExt
                0x00000000080065cc       0x98 ./Drivers/STM32F4xx_HAL_Driver/Src/stm32f4xx_hal_i2s_ex.o
 .text.HAL_RCC_OscConfig
                0x0000000008006664      0x4f0 ./Drivers/STM32F4xx_HAL_Driver/Src/stm32f4xx_hal_rcc.o
                0x0000000008006664                HAL_RCC_OscConfig
 .text.HAL_RCC_ClockConfig
                0x0000000008006b54      0x1cc ./Drivers/STM32F4xx_HAL_Driver/Src/stm32f4xx_hal_rcc.o
                0x0000000008006b54                HAL_RCC_ClockConfig
 .text.HAL_RCC_GetSysClockFreq
                0x0000000008006d20      0x20c ./Drivers/STM32F4xx_HAL_Driver/Src/stm32f4xx_hal_rcc.o
                0x0000000008006d20                HAL_RCC_GetSysClockFreq
 .text.HAL_RCC_GetHCLKFreq
                0x0000000008006f2c       0x18 ./Drivers/STM32F4xx_HAL_Driver/Src/stm32f4xx_hal_rcc.o
                0x0000000008006f2c                HAL_RCC_GetHCLKFreq
 .text.HAL_RCC_GetPCLK1Freq
                0x0000000008006f44       0x28 ./Drivers/STM32F4xx_HAL_Driver/Src/stm32f4xx_hal_rcc.o
                0x0000000008006f44                HAL_RCC_GetPCLK1Freq
 .text.HAL_RCCEx_PeriphCLKConfig
                0x0000000008006f6c      0x1c4 ./Drivers/STM32F4xx_HAL_Driver/Src/stm32f4xx_hal_rcc_ex.o
                0x0000000008006f6c                HAL_RCCEx_PeriphCLKConfig
 .text.HAL_RCCEx_GetPeriphCLKConfig
                0x0000000008007130       0x58 ./Drivers/STM32F4xx_HAL_Driver/Src/stm32f4xx_hal_rcc_ex.o
                0x0000000008007130                HAL_RCCEx_GetPeriphCLKConfig
 .text.HAL_RCCEx_GetPeriphCLKFreq
                0x0000000008007188       0xbc ./Drivers/STM32F4xx_HAL_Driver/Src/stm32f4xx_hal_rcc_ex.o
                0x0000000008007188                HAL_RCCEx_GetPeriphCLKFreq
 .text.HAL_TIM_Base_Init
                0x0000000008007244       0x9e ./Drivers/STM32F4xx_HAL_Driver/Src/stm32f4xx_hal_tim.o
                0x0000000008007244                HAL_TIM_Base_Init
 *fill*         0x00000000080072e2        0x2 
 .text.HAL_TIM_Base_Start
                0x00000000080072e4       0xd0 ./Drivers/STM32F4xx_HAL_Driver/Src/stm32f4xx_hal_tim.o
                0x00000000080072e4                HAL_TIM_Base_Start
 .text.HAL_TIM_ConfigClockSource
                0x00000000080073b4      0x18e ./Drivers/STM32F4xx_HAL_Driver/Src/stm32f4xx_hal_tim.o
                0x00000000080073b4                HAL_TIM_ConfigClockSource
 *fill*         0x0000000008007542        0x2 
 .text.TIM_Base_SetConfig
                0x0000000008007544      0x140 ./Drivers/STM32F4xx_HAL_Driver/Src/stm32f4xx_hal_tim.o
                0x0000000008007544                TIM_Base_SetConfig
 .text.TIM_TI1_ConfigInputStage
                0x0000000008007684       0x5e ./Drivers/STM32F4xx_HAL_Driver/Src/stm32f4xx_hal_tim.o
 .text.TIM_TI2_ConfigInputStage
                0x00000000080076e2       0x60 ./Drivers/STM32F4xx_HAL_Driver/Src/stm32f4xx_hal_tim.o
 .text.TIM_ITRx_SetConfig
                0x0000000008007742       0x36 ./Drivers/STM32F4xx_HAL_Driver/Src/stm32f4xx_hal_tim.o
 .text.TIM_ETR_SetConfig
                0x0000000008007778       0x40 ./Drivers/STM32F4xx_HAL_Driver/Src/stm32f4xx_hal_tim.o
                0x0000000008007778                TIM_ETR_SetConfig
 .text.HAL_TIMEx_MasterConfigSynchronization
                0x00000000080077b8       0xf8 ./Drivers/STM32F4xx_HAL_Driver/Src/stm32f4xx_hal_tim_ex.o
                0x00000000080077b8                HAL_TIMEx_MasterConfigSynchronization
 .text.USB_CoreInit
                0x00000000080078b0       0xc2 ./Drivers/STM32F4xx_HAL_Driver/Src/stm32f4xx_ll_usb.o
                0x00000000080078b0                USB_CoreInit
 .text.USB_EnableGlobalInt
                0x0000000008007972       0x22 ./Drivers/STM32F4xx_HAL_Driver/Src/stm32f4xx_ll_usb.o
                0x0000000008007972                USB_EnableGlobalInt
 .text.USB_DisableGlobalInt
                0x0000000008007994       0x22 ./Drivers/STM32F4xx_HAL_Driver/Src/stm32f4xx_ll_usb.o
                0x0000000008007994                USB_DisableGlobalInt
 .text.USB_SetCurrentMode
                0x00000000080079b6       0x98 ./Drivers/STM32F4xx_HAL_Driver/Src/stm32f4xx_ll_usb.o
                0x00000000080079b6                USB_SetCurrentMode
 *fill*         0x0000000008007a4e        0x2 
 .text.USB_FlushTxFifo
                0x0000000008007a50       0x68 ./Drivers/STM32F4xx_HAL_Driver/Src/stm32f4xx_ll_usb.o
                0x0000000008007a50                USB_FlushTxFifo
 .text.USB_FlushRxFifo
                0x0000000008007ab8       0x60 ./Drivers/STM32F4xx_HAL_Driver/Src/stm32f4xx_ll_usb.o
                0x0000000008007ab8                USB_FlushRxFifo
 .text.USB_WritePacket
                0x0000000008007b18       0x7c ./Drivers/STM32F4xx_HAL_Driver/Src/stm32f4xx_ll_usb.o
                0x0000000008007b18                USB_WritePacket
 .text.USB_ReadPacket
                0x0000000008007b94       0xb0 ./Drivers/STM32F4xx_HAL_Driver/Src/stm32f4xx_ll_usb.o
                0x0000000008007b94                USB_ReadPacket
 .text.USB_ReadInterrupts
                0x0000000008007c44       0x26 ./Drivers/STM32F4xx_HAL_Driver/Src/stm32f4xx_ll_usb.o
                0x0000000008007c44                USB_ReadInterrupts
 .text.USB_GetMode
                0x0000000008007c6a       0x1c ./Drivers/STM32F4xx_HAL_Driver/Src/stm32f4xx_ll_usb.o
                0x0000000008007c6a                USB_GetMode
 *fill*         0x0000000008007c86        0x2 
 .text.USB_CoreReset
                0x0000000008007c88       0x68 ./Drivers/STM32F4xx_HAL_Driver/Src/stm32f4xx_ll_usb.o
 .text.USB_HostInit
                0x0000000008007cf0      0x180 ./Drivers/STM32F4xx_HAL_Driver/Src/stm32f4xx_ll_usb.o
                0x0000000008007cf0                USB_HostInit
 .text.USB_InitFSLSPClkSel
                0x0000000008007e70       0x74 ./Drivers/STM32F4xx_HAL_Driver/Src/stm32f4xx_ll_usb.o
                0x0000000008007e70                USB_InitFSLSPClkSel
 .text.USB_ResetPort
                0x0000000008007ee4       0x54 ./Drivers/STM32F4xx_HAL_Driver/Src/stm32f4xx_ll_usb.o
                0x0000000008007ee4                USB_ResetPort
 .text.USB_DriveVbus
                0x0000000008007f38       0x72 ./Drivers/STM32F4xx_HAL_Driver/Src/stm32f4xx_ll_usb.o
                0x0000000008007f38                USB_DriveVbus
 .text.USB_GetHostSpeed
                0x0000000008007faa       0x2e ./Drivers/STM32F4xx_HAL_Driver/Src/stm32f4xx_ll_usb.o
                0x0000000008007faa                USB_GetHostSpeed
 .text.USB_GetCurrentFrame
                0x0000000008007fd8       0x22 ./Drivers/STM32F4xx_HAL_Driver/Src/stm32f4xx_ll_usb.o
                0x0000000008007fd8                USB_GetCurrentFrame
 *fill*         0x0000000008007ffa        0x2 
 .text.USB_HC_Init
                0x0000000008007ffc      0x244 ./Drivers/STM32F4xx_HAL_Driver/Src/stm32f4xx_ll_usb.o
                0x0000000008007ffc                USB_HC_Init
 .text.USB_HC_StartXfer
                0x0000000008008240      0x284 ./Drivers/STM32F4xx_HAL_Driver/Src/stm32f4xx_ll_usb.o
                0x0000000008008240                USB_HC_StartXfer
 .text.USB_HC_ReadInterrupt
                0x00000000080084c4       0x22 ./Drivers/STM32F4xx_HAL_Driver/Src/stm32f4xx_ll_usb.o
                0x00000000080084c4                USB_HC_ReadInterrupt
 .text.USB_HC_Halt
                0x00000000080084e6      0x1f8 ./Drivers/STM32F4xx_HAL_Driver/Src/stm32f4xx_ll_usb.o
                0x00000000080084e6                USB_HC_Halt
 *fill*         0x00000000080086de        0x2 
 .text.USB_DoPing
                0x00000000080086e0       0x78 ./Drivers/STM32F4xx_HAL_Driver/Src/stm32f4xx_ll_usb.o
                0x00000000080086e0                USB_DoPing
 .text.USB_StopHost
                0x0000000008008758      0x124 ./Drivers/STM32F4xx_HAL_Driver/Src/stm32f4xx_ll_usb.o
                0x0000000008008758                USB_StopHost
 .text.MX_FATFS_Init
                0x000000000800887c       0x24 ./FATFS/App/fatfs.o
                0x000000000800887c                MX_FATFS_Init
 .text.get_fattime
                0x00000000080088a0       0x10 ./FATFS/App/fatfs.o
                0x00000000080088a0                get_fattime
 .text.USBH_initialize
                0x00000000080088b0       0x18 ./FATFS/Target/usbh_diskio.o
                0x00000000080088b0                USBH_initialize
 .text.USBH_status
                0x00000000080088c8       0x38 ./FATFS/Target/usbh_diskio.o
                0x00000000080088c8                USBH_status
 .text.USBH_read
                0x0000000008008900       0x74 ./FATFS/Target/usbh_diskio.o
                0x0000000008008900                USBH_read
 .text.USBH_write
                0x0000000008008974       0x84 ./FATFS/Target/usbh_diskio.o
                0x0000000008008974                USBH_write
 .text.USBH_ioctl
                0x00000000080089f8       0xd8 ./FATFS/Target/usbh_diskio.o
                0x00000000080089f8                USBH_ioctl
 .text.USBH_MSC_InterfaceInit
                0x0000000008008ad0      0x244 ./Middlewares/ST/STM32_USB_Host_Library/Class/MSC/Src/usbh_msc.o
 .text.USBH_MSC_InterfaceDeInit
                0x0000000008008d14       0x8c ./Middlewares/ST/STM32_USB_Host_Library/Class/MSC/Src/usbh_msc.o
 .text.USBH_MSC_ClassRequest
                0x0000000008008da0       0xce ./Middlewares/ST/STM32_USB_Host_Library/Class/MSC/Src/usbh_msc.o
 *fill*         0x0000000008008e6e        0x2 
 .text.USBH_MSC_Process
                0x0000000008008e70      0x520 ./Middlewares/ST/STM32_USB_Host_Library/Class/MSC/Src/usbh_msc.o
 .text.USBH_MSC_SOFProcess
                0x0000000008009390       0x16 ./Middlewares/ST/STM32_USB_Host_Library/Class/MSC/Src/usbh_msc.o
 .text.USBH_MSC_RdWrProcess
                0x00000000080093a6      0x19e ./Middlewares/ST/STM32_USB_Host_Library/Class/MSC/Src/usbh_msc.o
 .text.USBH_MSC_UnitIsReady
                0x0000000008009544       0x4c ./Middlewares/ST/STM32_USB_Host_Library/Class/MSC/Src/usbh_msc.o
                0x0000000008009544                USBH_MSC_UnitIsReady
 .text.USBH_MSC_GetLUNInfo
                0x0000000008009590       0x48 ./Middlewares/ST/STM32_USB_Host_Library/Class/MSC/Src/usbh_msc.o
                0x0000000008009590                USBH_MSC_GetLUNInfo
 .text.USBH_MSC_Read
                0x00000000080095d8       0xd2 ./Middlewares/ST/STM32_USB_Host_Library/Class/MSC/Src/usbh_msc.o
                0x00000000080095d8                USBH_MSC_Read
 .text.USBH_MSC_Write
                0x00000000080096aa       0xd2 ./Middlewares/ST/STM32_USB_Host_Library/Class/MSC/Src/usbh_msc.o
                0x00000000080096aa                USBH_MSC_Write
 .text.USBH_MSC_BOT_REQ_Reset
                0x000000000800977c       0x3a ./Middlewares/ST/STM32_USB_Host_Library/Class/MSC/Src/usbh_msc_bot.o
                0x000000000800977c                USBH_MSC_BOT_REQ_Reset
 .text.USBH_MSC_BOT_REQ_GetMaxLUN
                0x00000000080097b6       0x3c ./Middlewares/ST/STM32_USB_Host_Library/Class/MSC/Src/usbh_msc_bot.o
                0x00000000080097b6                USBH_MSC_BOT_REQ_GetMaxLUN
 *fill*         0x00000000080097f2        0x2 
 .text.USBH_MSC_BOT_Init
                0x00000000080097f4       0x44 ./Middlewares/ST/STM32_USB_Host_Library/Class/MSC/Src/usbh_msc_bot.o
                0x00000000080097f4                USBH_MSC_BOT_Init
 .text.USBH_MSC_BOT_Process
                0x0000000008009838      0x39c ./Middlewares/ST/STM32_USB_Host_Library/Class/MSC/Src/usbh_msc_bot.o
                0x0000000008009838                USBH_MSC_BOT_Process
 .text.USBH_MSC_BOT_Abort
                0x0000000008009bd4       0x58 ./Middlewares/ST/STM32_USB_Host_Library/Class/MSC/Src/usbh_msc_bot.o
 .text.USBH_MSC_DecodeCSW
                0x0000000008009c2c       0x88 ./Middlewares/ST/STM32_USB_Host_Library/Class/MSC/Src/usbh_msc_bot.o
 .text.USBH_MSC_SCSI_TestUnitReady
                0x0000000008009cb4       0x86 ./Middlewares/ST/STM32_USB_Host_Library/Class/MSC/Src/usbh_msc_scsi.o
                0x0000000008009cb4                USBH_MSC_SCSI_TestUnitReady
 .text.USBH_MSC_SCSI_ReadCapacity
                0x0000000008009d3a       0xf6 ./Middlewares/ST/STM32_USB_Host_Library/Class/MSC/Src/usbh_msc_scsi.o
                0x0000000008009d3a                USBH_MSC_SCSI_ReadCapacity
 .text.USBH_MSC_SCSI_Inquiry
                0x0000000008009e30      0x14a ./Middlewares/ST/STM32_USB_Host_Library/Class/MSC/Src/usbh_msc_scsi.o
                0x0000000008009e30                USBH_MSC_SCSI_Inquiry
 .text.USBH_MSC_SCSI_RequestSense
                0x0000000008009f7a       0xf2 ./Middlewares/ST/STM32_USB_Host_Library/Class/MSC/Src/usbh_msc_scsi.o
                0x0000000008009f7a                USBH_MSC_SCSI_RequestSense
 .text.USBH_MSC_SCSI_Write
                0x000000000800a06c       0xd6 ./Middlewares/ST/STM32_USB_Host_Library/Class/MSC/Src/usbh_msc_scsi.o
                0x000000000800a06c                USBH_MSC_SCSI_Write
 .text.USBH_MSC_SCSI_Read
                0x000000000800a142       0xd6 ./Middlewares/ST/STM32_USB_Host_Library/Class/MSC/Src/usbh_msc_scsi.o
                0x000000000800a142                USBH_MSC_SCSI_Read
 .text.USBH_Init
                0x000000000800a218       0x74 ./Middlewares/ST/STM32_USB_Host_Library/Core/Src/usbh_core.o
                0x000000000800a218                USBH_Init
 .text.DeInitStateMachine
                0x000000000800a28c       0xa8 ./Middlewares/ST/STM32_USB_Host_Library/Core/Src/usbh_core.o
 .text.USBH_RegisterClass
                0x000000000800a334       0x54 ./Middlewares/ST/STM32_USB_Host_Library/Core/Src/usbh_core.o
                0x000000000800a334                USBH_RegisterClass
 .text.USBH_SelectInterface
                0x000000000800a388       0x38 ./Middlewares/ST/STM32_USB_Host_Library/Core/Src/usbh_core.o
                0x000000000800a388                USBH_SelectInterface
 .text.USBH_FindInterface
                0x000000000800a3c0       0x8c ./Middlewares/ST/STM32_USB_Host_Library/Core/Src/usbh_core.o
                0x000000000800a3c0                USBH_FindInterface
 .text.USBH_Start
                0x000000000800a44c       0x20 ./Middlewares/ST/STM32_USB_Host_Library/Core/Src/usbh_core.o
                0x000000000800a44c                USBH_Start
 .text.USBH_Process
                0x000000000800a46c      0x3d8 ./Middlewares/ST/STM32_USB_Host_Library/Core/Src/usbh_core.o
                0x000000000800a46c                USBH_Process
 .text.USBH_HandleEnum
                0x000000000800a844      0x3c8 ./Middlewares/ST/STM32_USB_Host_Library/Core/Src/usbh_core.o
 .text.USBH_LL_SetTimer
                0x000000000800ac0c       0x1e ./Middlewares/ST/STM32_USB_Host_Library/Core/Src/usbh_core.o
                0x000000000800ac0c                USBH_LL_SetTimer
 .text.USBH_LL_IncTimer
                0x000000000800ac2a       0x24 ./Middlewares/ST/STM32_USB_Host_Library/Core/Src/usbh_core.o
                0x000000000800ac2a                USBH_LL_IncTimer
 .text.USBH_HandleSof
                0x000000000800ac4e       0x30 ./Middlewares/ST/STM32_USB_Host_Library/Core/Src/usbh_core.o
 .text.USBH_LL_PortEnabled
                0x000000000800ac7e       0x1c ./Middlewares/ST/STM32_USB_Host_Library/Core/Src/usbh_core.o
                0x000000000800ac7e                USBH_LL_PortEnabled
 .text.USBH_LL_PortDisabled
                0x000000000800ac9a       0x1c ./Middlewares/ST/STM32_USB_Host_Library/Core/Src/usbh_core.o
                0x000000000800ac9a                USBH_LL_PortDisabled
 .text.USBH_LL_Connect
                0x000000000800acb6       0x2e ./Middlewares/ST/STM32_USB_Host_Library/Core/Src/usbh_core.o
                0x000000000800acb6                USBH_LL_Connect
 .text.USBH_LL_Disconnect
                0x000000000800ace4       0x48 ./Middlewares/ST/STM32_USB_Host_Library/Core/Src/usbh_core.o
                0x000000000800ace4                USBH_LL_Disconnect
 .text.USBH_Get_DevDesc
                0x000000000800ad2c       0x50 ./Middlewares/ST/STM32_USB_Host_Library/Core/Src/usbh_ctlreq.o
                0x000000000800ad2c                USBH_Get_DevDesc
 .text.USBH_Get_CfgDesc
                0x000000000800ad7c       0x48 ./Middlewares/ST/STM32_USB_Host_Library/Core/Src/usbh_ctlreq.o
                0x000000000800ad7c                USBH_Get_CfgDesc
 .text.USBH_Get_StringDesc
                0x000000000800adc4       0x56 ./Middlewares/ST/STM32_USB_Host_Library/Core/Src/usbh_ctlreq.o
                0x000000000800adc4                USBH_Get_StringDesc
 .text.USBH_GetDescriptor
                0x000000000800ae1a       0x6a ./Middlewares/ST/STM32_USB_Host_Library/Core/Src/usbh_ctlreq.o
                0x000000000800ae1a                USBH_GetDescriptor
 .text.USBH_SetAddress
                0x000000000800ae84       0x48 ./Middlewares/ST/STM32_USB_Host_Library/Core/Src/usbh_ctlreq.o
                0x000000000800ae84                USBH_SetAddress
 .text.USBH_SetCfg
                0x000000000800aecc       0x46 ./Middlewares/ST/STM32_USB_Host_Library/Core/Src/usbh_ctlreq.o
                0x000000000800aecc                USBH_SetCfg
 .text.USBH_SetFeature
                0x000000000800af12       0x48 ./Middlewares/ST/STM32_USB_Host_Library/Core/Src/usbh_ctlreq.o
                0x000000000800af12                USBH_SetFeature
 .text.USBH_ClrFeature
                0x000000000800af5a       0x48 ./Middlewares/ST/STM32_USB_Host_Library/Core/Src/usbh_ctlreq.o
                0x000000000800af5a                USBH_ClrFeature
 .text.USBH_ParseDevDesc
                0x000000000800afa2      0x122 ./Middlewares/ST/STM32_USB_Host_Library/Core/Src/usbh_ctlreq.o
 .text.USBH_ParseCfgDesc
                0x000000000800b0c4      0x1ec ./Middlewares/ST/STM32_USB_Host_Library/Core/Src/usbh_ctlreq.o
 .text.USBH_ParseInterfaceDesc
                0x000000000800b2b0       0x5e ./Middlewares/ST/STM32_USB_Host_Library/Core/Src/usbh_ctlreq.o
 .text.USBH_ParseEPDesc
                0x000000000800b30e      0x14a ./Middlewares/ST/STM32_USB_Host_Library/Core/Src/usbh_ctlreq.o
 .text.USBH_ParseStringDesc
                0x000000000800b458       0x66 ./Middlewares/ST/STM32_USB_Host_Library/Core/Src/usbh_ctlreq.o
 .text.USBH_GetNextDesc
                0x000000000800b4be       0x36 ./Middlewares/ST/STM32_USB_Host_Library/Core/Src/usbh_ctlreq.o
                0x000000000800b4be                USBH_GetNextDesc
 .text.USBH_CtlReq
                0x000000000800b4f4       0x7a ./Middlewares/ST/STM32_USB_Host_Library/Core/Src/usbh_ctlreq.o
                0x000000000800b4f4                USBH_CtlReq
 *fill*         0x000000000800b56e        0x2 
 .text.USBH_HandleControl
                0x000000000800b570      0x2e8 ./Middlewares/ST/STM32_USB_Host_Library/Core/Src/usbh_ctlreq.o
 .text.USBH_CtlSendSetup
                0x000000000800b858       0x34 ./Middlewares/ST/STM32_USB_Host_Library/Core/Src/usbh_ioreq.o
                0x000000000800b858                USBH_CtlSendSetup
 .text.USBH_CtlSendData
                0x000000000800b88c       0x4a ./Middlewares/ST/STM32_USB_Host_Library/Core/Src/usbh_ioreq.o
                0x000000000800b88c                USBH_CtlSendData
 .text.USBH_CtlReceiveData
                0x000000000800b8d6       0x3c ./Middlewares/ST/STM32_USB_Host_Library/Core/Src/usbh_ioreq.o
                0x000000000800b8d6                USBH_CtlReceiveData
 .text.USBH_BulkSendData
                0x000000000800b912       0x4a ./Middlewares/ST/STM32_USB_Host_Library/Core/Src/usbh_ioreq.o
                0x000000000800b912                USBH_BulkSendData
 .text.USBH_BulkReceiveData
                0x000000000800b95c       0x3c ./Middlewares/ST/STM32_USB_Host_Library/Core/Src/usbh_ioreq.o
                0x000000000800b95c                USBH_BulkReceiveData
 .text.USBH_OpenPipe
                0x000000000800b998       0x3e ./Middlewares/ST/STM32_USB_Host_Library/Core/Src/usbh_pipes.o
                0x000000000800b998                USBH_OpenPipe
 .text.USBH_ClosePipe
                0x000000000800b9d6       0x20 ./Middlewares/ST/STM32_USB_Host_Library/Core/Src/usbh_pipes.o
                0x000000000800b9d6                USBH_ClosePipe
 .text.USBH_AllocPipe
                0x000000000800b9f6       0x42 ./Middlewares/ST/STM32_USB_Host_Library/Core/Src/usbh_pipes.o
                0x000000000800b9f6                USBH_AllocPipe
 .text.USBH_FreePipe
                0x000000000800ba38       0x3c ./Middlewares/ST/STM32_USB_Host_Library/Core/Src/usbh_pipes.o
                0x000000000800ba38                USBH_FreePipe
 .text.USBH_GetFreePipe
                0x000000000800ba74       0x48 ./Middlewares/ST/STM32_USB_Host_Library/Core/Src/usbh_pipes.o
 .text.disk_status
                0x000000000800babc       0x34 ./Middlewares/Third_Party/FatFs/src/diskio.o
                0x000000000800babc                disk_status
 .text.disk_initialize
                0x000000000800baf0       0x4c ./Middlewares/Third_Party/FatFs/src/diskio.o
                0x000000000800baf0                disk_initialize
 .text.disk_read
                0x000000000800bb3c       0x40 ./Middlewares/Third_Party/FatFs/src/diskio.o
                0x000000000800bb3c                disk_read
 .text.disk_write
                0x000000000800bb7c       0x40 ./Middlewares/Third_Party/FatFs/src/diskio.o
                0x000000000800bb7c                disk_write
 .text.disk_ioctl
                0x000000000800bbbc       0x3c ./Middlewares/Third_Party/FatFs/src/diskio.o
                0x000000000800bbbc                disk_ioctl
 .text.ld_word  0x000000000800bbf8       0x30 ./Middlewares/Third_Party/FatFs/src/ff.o
 .text.ld_dword
                0x000000000800bc28       0x46 ./Middlewares/Third_Party/FatFs/src/ff.o
 .text.st_word  0x000000000800bc6e       0x36 ./Middlewares/Third_Party/FatFs/src/ff.o
 .text.st_dword
                0x000000000800bca4       0x58 ./Middlewares/Third_Party/FatFs/src/ff.o
 .text.mem_cpy  0x000000000800bcfc       0x42 ./Middlewares/Third_Party/FatFs/src/ff.o
 .text.mem_set  0x000000000800bd3e       0x36 ./Middlewares/Third_Party/FatFs/src/ff.o
 .text.mem_cmp  0x000000000800bd74       0x4e ./Middlewares/Third_Party/FatFs/src/ff.o
 .text.chk_chr  0x000000000800bdc2       0x36 ./Middlewares/Third_Party/FatFs/src/ff.o
 .text.chk_lock
                0x000000000800bdf8       0xb8 ./Middlewares/Third_Party/FatFs/src/ff.o
 .text.enq_lock
                0x000000000800beb0       0x44 ./Middlewares/Third_Party/FatFs/src/ff.o
 .text.inc_lock
                0x000000000800bef4      0x11c ./Middlewares/Third_Party/FatFs/src/ff.o
 .text.dec_lock
                0x000000000800c010       0x78 ./Middlewares/Third_Party/FatFs/src/ff.o
 .text.clear_lock
                0x000000000800c088       0x48 ./Middlewares/Third_Party/FatFs/src/ff.o
 .text.sync_window
                0x000000000800c0d0       0x88 ./Middlewares/Third_Party/FatFs/src/ff.o
 .text.move_window
                0x000000000800c158       0x5a ./Middlewares/Third_Party/FatFs/src/ff.o
 *fill*         0x000000000800c1b2        0x2 
 .text.sync_fs  0x000000000800c1b4       0xdc ./Middlewares/Third_Party/FatFs/src/ff.o
 .text.clust2sect
                0x000000000800c290       0x3e ./Middlewares/Third_Party/FatFs/src/ff.o
 .text.get_fat  0x000000000800c2ce      0x150 ./Middlewares/Third_Party/FatFs/src/ff.o
 .text.put_fat  0x000000000800c41e      0x1d8 ./Middlewares/Third_Party/FatFs/src/ff.o
 .text.remove_chain
                0x000000000800c5f6       0xca ./Middlewares/Third_Party/FatFs/src/ff.o
 .text.create_chain
                0x000000000800c6c0      0x130 ./Middlewares/Third_Party/FatFs/src/ff.o
 .text.clmt_clust
                0x000000000800c7f0       0x68 ./Middlewares/Third_Party/FatFs/src/ff.o
 .text.dir_sdi  0x000000000800c858       0xf6 ./Middlewares/Third_Party/FatFs/src/ff.o
 .text.dir_next
                0x000000000800c94e      0x18a ./Middlewares/Third_Party/FatFs/src/ff.o
 .text.dir_alloc
                0x000000000800cad8       0x8e ./Middlewares/Third_Party/FatFs/src/ff.o
 .text.ld_clust
                0x000000000800cb66       0x3e ./Middlewares/Third_Party/FatFs/src/ff.o
 .text.st_clust
                0x000000000800cba4       0x40 ./Middlewares/Third_Party/FatFs/src/ff.o
 .text.dir_find
                0x000000000800cbe4       0xaa ./Middlewares/Third_Party/FatFs/src/ff.o
 .text.dir_register
                0x000000000800cc8e       0x64 ./Middlewares/Third_Party/FatFs/src/ff.o
 *fill*         0x000000000800ccf2        0x2 
 .text.create_name
                0x000000000800ccf4      0x128 ./Middlewares/Third_Party/FatFs/src/ff.o
 .text.follow_path
                0x000000000800ce1c       0xe2 ./Middlewares/Third_Party/FatFs/src/ff.o
 .text.get_ldnumber
                0x000000000800cefe       0x88 ./Middlewares/Third_Party/FatFs/src/ff.o
 *fill*         0x000000000800cf86        0x2 
 .text.check_fs
                0x000000000800cf88       0xac ./Middlewares/Third_Party/FatFs/src/ff.o
 .text.find_volume
                0x000000000800d034      0x498 ./Middlewares/Third_Party/FatFs/src/ff.o
 .text.validate
                0x000000000800d4cc       0x6a ./Middlewares/Third_Party/FatFs/src/ff.o
 *fill*         0x000000000800d536        0x2 
 .text.f_mount  0x000000000800d538       0x8c ./Middlewares/Third_Party/FatFs/src/ff.o
                0x000000000800d538                f_mount
 .text.f_open   0x000000000800d5c4      0x37c ./Middlewares/Third_Party/FatFs/src/ff.o
                0x000000000800d5c4                f_open
 .text.f_read   0x000000000800d940      0x27e ./Middlewares/Third_Party/FatFs/src/ff.o
                0x000000000800d940                f_read
 .text.f_sync   0x000000000800dbbe       0xfc ./Middlewares/Third_Party/FatFs/src/ff.o
                0x000000000800dbbe                f_sync
 .text.f_close  0x000000000800dcba       0x54 ./Middlewares/Third_Party/FatFs/src/ff.o
                0x000000000800dcba                f_close
 .text.f_lseek  0x000000000800dd0e      0x412 ./Middlewares/Third_Party/FatFs/src/ff.o
                0x000000000800dd0e                f_lseek
 .text.FATFS_LinkDriverEx
                0x000000000800e120       0x98 ./Middlewares/Third_Party/FatFs/src/ff_gen_drv.o
                0x000000000800e120                FATFS_LinkDriverEx
 .text.FATFS_LinkDriver
                0x000000000800e1b8       0x1e ./Middlewares/Third_Party/FatFs/src/ff_gen_drv.o
                0x000000000800e1b8                FATFS_LinkDriver
 *fill*         0x000000000800e1d6        0x2 
 .text.MX_USB_HOST_Init
                0x000000000800e1d8       0x4c ./USB_HOST/App/usb_host.o
                0x000000000800e1d8                MX_USB_HOST_Init
 .text.MX_USB_HOST_Process
                0x000000000800e224       0x14 ./USB_HOST/App/usb_host.o
                0x000000000800e224                MX_USB_HOST_Process
 .text.USBH_UserProcess
                0x000000000800e238       0x5c ./USB_HOST/App/usb_host.o
 .text.HAL_HCD_MspInit
                0x000000000800e294       0xc4 ./USB_HOST/Target/usbh_conf.o
                0x000000000800e294                HAL_HCD_MspInit
 .text.HAL_HCD_SOF_Callback
                0x000000000800e358       0x1c ./USB_HOST/Target/usbh_conf.o
                0x000000000800e358                HAL_HCD_SOF_Callback
 .text.HAL_HCD_Connect_Callback
                0x000000000800e374       0x1c ./USB_HOST/Target/usbh_conf.o
                0x000000000800e374                HAL_HCD_Connect_Callback
 .text.HAL_HCD_Disconnect_Callback
                0x000000000800e390       0x1c ./USB_HOST/Target/usbh_conf.o
                0x000000000800e390                HAL_HCD_Disconnect_Callback
 .text.HAL_HCD_HC_NotifyURBChange_Callback
                0x000000000800e3ac       0x1c ./USB_HOST/Target/usbh_conf.o
                0x000000000800e3ac                HAL_HCD_HC_NotifyURBChange_Callback
 .text.HAL_HCD_PortEnabled_Callback
                0x000000000800e3c8       0x1c ./USB_HOST/Target/usbh_conf.o
                0x000000000800e3c8                HAL_HCD_PortEnabled_Callback
 .text.HAL_HCD_PortDisabled_Callback
                0x000000000800e3e4       0x1c ./USB_HOST/Target/usbh_conf.o
                0x000000000800e3e4                HAL_HCD_PortDisabled_Callback
 .text.USBH_LL_Init
                0x000000000800e400       0x78 ./USB_HOST/Target/usbh_conf.o
                0x000000000800e400                USBH_LL_Init
 .text.USBH_LL_Start
                0x000000000800e478       0x36 ./USB_HOST/Target/usbh_conf.o
                0x000000000800e478                USBH_LL_Start
 .text.USBH_LL_Stop
                0x000000000800e4ae       0x36 ./USB_HOST/Target/usbh_conf.o
                0x000000000800e4ae                USBH_LL_Stop
 .text.USBH_LL_GetSpeed
                0x000000000800e4e4       0x4e ./USB_HOST/Target/usbh_conf.o
                0x000000000800e4e4                USBH_LL_GetSpeed
 .text.USBH_LL_ResetPort
                0x000000000800e532       0x36 ./USB_HOST/Target/usbh_conf.o
                0x000000000800e532                USBH_LL_ResetPort
 .text.USBH_LL_GetLastXferSize
                0x000000000800e568       0x26 ./USB_HOST/Target/usbh_conf.o
                0x000000000800e568                USBH_LL_GetLastXferSize
 .text.USBH_LL_OpenPipe
                0x000000000800e58e       0x5e ./USB_HOST/Target/usbh_conf.o
                0x000000000800e58e                USBH_LL_OpenPipe
 .text.USBH_LL_ClosePipe
                0x000000000800e5ec       0x3e ./USB_HOST/Target/usbh_conf.o
                0x000000000800e5ec                USBH_LL_ClosePipe
 .text.USBH_LL_SubmitURB
                0x000000000800e62a       0x62 ./USB_HOST/Target/usbh_conf.o
                0x000000000800e62a                USBH_LL_SubmitURB
 .text.USBH_LL_GetURBState
                0x000000000800e68c       0x26 ./USB_HOST/Target/usbh_conf.o
                0x000000000800e68c                USBH_LL_GetURBState
 .text.USBH_LL_DriverVBUS
                0x000000000800e6b2       0x1c ./USB_HOST/Target/usbh_conf.o
                0x000000000800e6b2                USBH_LL_DriverVBUS
 .text.USBH_LL_SetToggle
                0x000000000800e6ce       0x60 ./USB_HOST/Target/usbh_conf.o
                0x000000000800e6ce                USBH_LL_SetToggle
 .text.USBH_LL_GetToggle
                0x000000000800e72e       0x60 ./USB_HOST/Target/usbh_conf.o
                0x000000000800e72e                USBH_LL_GetToggle
 .text.USBH_Delay
                0x000000000800e78e       0x16 ./USB_HOST/Target/usbh_conf.o
                0x000000000800e78e                USBH_Delay
 .text.USBH_Get_USB_Status
                0x000000000800e7a4       0x58 ./USB_HOST/Target/usbh_conf.o
                0x000000000800e7a4                USBH_Get_USB_Status
 .text.__errno  0x000000000800e7fc        0xc c:/st/stm32cubeide_1.10.1/stm32cubeide/plugins/com.st.stm32cube.ide.mcu.externaltools.gnu-tools-for-stm32.10.3-2021.10.win32_1.0.0.202111181127/tools/bin/../lib/gcc/arm-none-eabi/10.3.1/../../../../arm-none-eabi/lib/thumb/v7e-m+fp/hard\libc_nano.a(lib_a-errno.o)
                0x000000000800e7fc                __errno
 .text.__libc_init_array
                0x000000000800e808       0x48 c:/st/stm32cubeide_1.10.1/stm32cubeide/plugins/com.st.stm32cube.ide.mcu.externaltools.gnu-tools-for-stm32.10.3-2021.10.win32_1.0.0.202111181127/tools/bin/../lib/gcc/arm-none-eabi/10.3.1/../../../../arm-none-eabi/lib/thumb/v7e-m+fp/hard\libc_nano.a(lib_a-init.o)
                0x000000000800e808                __libc_init_array
 .text.malloc   0x000000000800e850       0x10 c:/st/stm32cubeide_1.10.1/stm32cubeide/plugins/com.st.stm32cube.ide.mcu.externaltools.gnu-tools-for-stm32.10.3-2021.10.win32_1.0.0.202111181127/tools/bin/../lib/gcc/arm-none-eabi/10.3.1/../../../../arm-none-eabi/lib/thumb/v7e-m+fp/hard\libc_nano.a(lib_a-malloc.o)
                0x000000000800e850                malloc
 .text.free     0x000000000800e860       0x10 c:/st/stm32cubeide_1.10.1/stm32cubeide/plugins/com.st.stm32cube.ide.mcu.externaltools.gnu-tools-for-stm32.10.3-2021.10.win32_1.0.0.202111181127/tools/bin/../lib/gcc/arm-none-eabi/10.3.1/../../../../arm-none-eabi/lib/thumb/v7e-m+fp/hard\libc_nano.a(lib_a-malloc.o)
                0x000000000800e860                free
 .text.memcpy   0x000000000800e870       0x1c c:/st/stm32cubeide_1.10.1/stm32cubeide/plugins/com.st.stm32cube.ide.mcu.externaltools.gnu-tools-for-stm32.10.3-2021.10.win32_1.0.0.202111181127/tools/bin/../lib/gcc/arm-none-eabi/10.3.1/../../../../arm-none-eabi/lib/thumb/v7e-m+fp/hard\libc_nano.a(lib_a-memcpy-stub.o)
                0x000000000800e870                memcpy
 .text.memset   0x000000000800e88c       0x10 c:/st/stm32cubeide_1.10.1/stm32cubeide/plugins/com.st.stm32cube.ide.mcu.externaltools.gnu-tools-for-stm32.10.3-2021.10.win32_1.0.0.202111181127/tools/bin/../lib/gcc/arm-none-eabi/10.3.1/../../../../arm-none-eabi/lib/thumb/v7e-m+fp/hard\libc_nano.a(lib_a-memset.o)
                0x000000000800e88c                memset
 .text._free_r  0x000000000800e89c       0x98 c:/st/stm32cubeide_1.10.1/stm32cubeide/plugins/com.st.stm32cube.ide.mcu.externaltools.gnu-tools-for-stm32.10.3-2021.10.win32_1.0.0.202111181127/tools/bin/../lib/gcc/arm-none-eabi/10.3.1/../../../../arm-none-eabi/lib/thumb/v7e-m+fp/hard\libc_nano.a(lib_a-nano-freer.o)
                0x000000000800e89c                _free_r
 .text.sbrk_aligned
                0x000000000800e934       0x40 c:/st/stm32cubeide_1.10.1/stm32cubeide/plugins/com.st.stm32cube.ide.mcu.externaltools.gnu-tools-for-stm32.10.3-2021.10.win32_1.0.0.202111181127/tools/bin/../lib/gcc/arm-none-eabi/10.3.1/../../../../arm-none-eabi/lib/thumb/v7e-m+fp/hard\libc_nano.a(lib_a-nano-mallocr.o)
 .text._malloc_r
                0x000000000800e974       0xe8 c:/st/stm32cubeide_1.10.1/stm32cubeide/plugins/com.st.stm32cube.ide.mcu.externaltools.gnu-tools-for-stm32.10.3-2021.10.win32_1.0.0.202111181127/tools/bin/../lib/gcc/arm-none-eabi/10.3.1/../../../../arm-none-eabi/lib/thumb/v7e-m+fp/hard\libc_nano.a(lib_a-nano-mallocr.o)
                0x000000000800e974                _malloc_r
 .text._sbrk_r  0x000000000800ea5c       0x20 c:/st/stm32cubeide_1.10.1/stm32cubeide/plugins/com.st.stm32cube.ide.mcu.externaltools.gnu-tools-for-stm32.10.3-2021.10.win32_1.0.0.202111181127/tools/bin/../lib/gcc/arm-none-eabi/10.3.1/../../../../arm-none-eabi/lib/thumb/v7e-m+fp/hard\libc_nano.a(lib_a-sbrkr.o)
                0x000000000800ea5c                _sbrk_r
 .text.sprintf  0x000000000800ea7c       0x40 c:/st/stm32cubeide_1.10.1/stm32cubeide/plugins/com.st.stm32cube.ide.mcu.externaltools.gnu-tools-for-stm32.10.3-2021.10.win32_1.0.0.202111181127/tools/bin/../lib/gcc/arm-none-eabi/10.3.1/../../../../arm-none-eabi/lib/thumb/v7e-m+fp/hard\libc_nano.a(lib_a-sprintf.o)
                0x000000000800ea7c                siprintf
                0x000000000800ea7c                sprintf
 .text.__malloc_lock
                0x000000000800eabc        0xc c:/st/stm32cubeide_1.10.1/stm32cubeide/plugins/com.st.stm32cube.ide.mcu.externaltools.gnu-tools-for-stm32.10.3-2021.10.win32_1.0.0.202111181127/tools/bin/../lib/gcc/arm-none-eabi/10.3.1/../../../../arm-none-eabi/lib/thumb/v7e-m+fp/hard\libc_nano.a(lib_a-mlock.o)
                0x000000000800eabc                __malloc_lock
 .text.__malloc_unlock
                0x000000000800eac8        0xc c:/st/stm32cubeide_1.10.1/stm32cubeide/plugins/com.st.stm32cube.ide.mcu.externaltools.gnu-tools-for-stm32.10.3-2021.10.win32_1.0.0.202111181127/tools/bin/../lib/gcc/arm-none-eabi/10.3.1/../../../../arm-none-eabi/lib/thumb/v7e-m+fp/hard\libc_nano.a(lib_a-mlock.o)
                0x000000000800eac8                __malloc_unlock
 .text.__ssputs_r
                0x000000000800ead4       0xb6 c:/st/stm32cubeide_1.10.1/stm32cubeide/plugins/com.st.stm32cube.ide.mcu.externaltools.gnu-tools-for-stm32.10.3-2021.10.win32_1.0.0.202111181127/tools/bin/../lib/gcc/arm-none-eabi/10.3.1/../../../../arm-none-eabi/lib/thumb/v7e-m+fp/hard\libc_nano.a(lib_a-nano-svfprintf.o)
                0x000000000800ead4                __ssputs_r
 *fill*         0x000000000800eb8a        0x2 
 .text._svfprintf_r
                0x000000000800eb8c      0x200 c:/st/stm32cubeide_1.10.1/stm32cubeide/plugins/com.st.stm32cube.ide.mcu.externaltools.gnu-tools-for-stm32.10.3-2021.10.win32_1.0.0.202111181127/tools/bin/../lib/gcc/arm-none-eabi/10.3.1/../../../../arm-none-eabi/lib/thumb/v7e-m+fp/hard\libc_nano.a(lib_a-nano-svfprintf.o)
                0x000000000800eb8c                _svfiprintf_r
                0x000000000800eb8c                _svfprintf_r
 .text._printf_common
                0x000000000800ed8c       0xda c:/st/stm32cubeide_1.10.1/stm32cubeide/plugins/com.st.stm32cube.ide.mcu.externaltools.gnu-tools-for-stm32.10.3-2021.10.win32_1.0.0.202111181127/tools/bin/../lib/gcc/arm-none-eabi/10.3.1/../../../../arm-none-eabi/lib/thumb/v7e-m+fp/hard\libc_nano.a(lib_a-nano-vfprintf_i.o)
                0x000000000800ed8c                _printf_common
 *fill*         0x000000000800ee66        0x2 
 .text._printf_i
                0x000000000800ee68      0x24c c:/st/stm32cubeide_1.10.1/stm32cubeide/plugins/com.st.stm32cube.ide.mcu.externaltools.gnu-tools-for-stm32.10.3-2021.10.win32_1.0.0.202111181127/tools/bin/../lib/gcc/arm-none-eabi/10.3.1/../../../../arm-none-eabi/lib/thumb/v7e-m+fp/hard\libc_nano.a(lib_a-nano-vfprintf_i.o)
                0x000000000800ee68                _printf_i
 .text.__retarget_lock_acquire_recursive
                0x000000000800f0b4        0x2 c:/st/stm32cubeide_1.10.1/stm32cubeide/plugins/com.st.stm32cube.ide.mcu.externaltools.gnu-tools-for-stm32.10.3-2021.10.win32_1.0.0.202111181127/tools/bin/../lib/gcc/arm-none-eabi/10.3.1/../../../../arm-none-eabi/lib/thumb/v7e-m+fp/hard\libc_nano.a(lib_a-lock.o)
                0x000000000800f0b4                __retarget_lock_acquire_recursive
 .text.__retarget_lock_release_recursive
                0x000000000800f0b6        0x2 c:/st/stm32cubeide_1.10.1/stm32cubeide/plugins/com.st.stm32cube.ide.mcu.externaltools.gnu-tools-for-stm32.10.3-2021.10.win32_1.0.0.202111181127/tools/bin/../lib/gcc/arm-none-eabi/10.3.1/../../../../arm-none-eabi/lib/thumb/v7e-m+fp/hard\libc_nano.a(lib_a-lock.o)
                0x000000000800f0b6                __retarget_lock_release_recursive
 .text.memmove  0x000000000800f0b8       0x34 c:/st/stm32cubeide_1.10.1/stm32cubeide/plugins/com.st.stm32cube.ide.mcu.externaltools.gnu-tools-for-stm32.10.3-2021.10.win32_1.0.0.202111181127/tools/bin/../lib/gcc/arm-none-eabi/10.3.1/../../../../arm-none-eabi/lib/thumb/v7e-m+fp/hard\libc_nano.a(lib_a-memmove.o)
                0x000000000800f0b8                memmove
 .text._realloc_r
                0x000000000800f0ec       0x5e c:/st/stm32cubeide_1.10.1/stm32cubeide/plugins/com.st.stm32cube.ide.mcu.externaltools.gnu-tools-for-stm32.10.3-2021.10.win32_1.0.0.202111181127/tools/bin/../lib/gcc/arm-none-eabi/10.3.1/../../../../arm-none-eabi/lib/thumb/v7e-m+fp/hard\libc_nano.a(lib_a-nano-reallocr.o)
                0x000000000800f0ec                _realloc_r
 .text._malloc_usable_size_r
                0x000000000800f14a       0x10 c:/st/stm32cubeide_1.10.1/stm32cubeide/plugins/com.st.stm32cube.ide.mcu.externaltools.gnu-tools-for-stm32.10.3-2021.10.win32_1.0.0.202111181127/tools/bin/../lib/gcc/arm-none-eabi/10.3.1/../../../../arm-none-eabi/lib/thumb/v7e-m+fp/hard\libc_nano.a(lib_a-nano-msizer.o)
                0x000000000800f14a                _malloc_usable_size_r
 *(.glue_7)
 .glue_7        0x000000000800f15a        0x0 linker stubs
 *(.glue_7t)
 .glue_7t       0x000000000800f15a        0x0 linker stubs
 *(.eh_frame)
 *fill*         0x000000000800f15a        0x2 
 .eh_frame      0x000000000800f15c        0x0 c:/st/stm32cubeide_1.10.1/stm32cubeide/plugins/com.st.stm32cube.ide.mcu.externaltools.gnu-tools-for-stm32.10.3-2021.10.win32_1.0.0.202111181127/tools/bin/../lib/gcc/arm-none-eabi/10.3.1/thumb/v7e-m+fp/hard/crtbegin.o
 *(.init)
 .init          0x000000000800f15c        0x4 c:/st/stm32cubeide_1.10.1/stm32cubeide/plugins/com.st.stm32cube.ide.mcu.externaltools.gnu-tools-for-stm32.10.3-2021.10.win32_1.0.0.202111181127/tools/bin/../lib/gcc/arm-none-eabi/10.3.1/thumb/v7e-m+fp/hard/crti.o
                0x000000000800f15c                _init
 .init          0x000000000800f160        0x8 c:/st/stm32cubeide_1.10.1/stm32cubeide/plugins/com.st.stm32cube.ide.mcu.externaltools.gnu-tools-for-stm32.10.3-2021.10.win32_1.0.0.202111181127/tools/bin/../lib/gcc/arm-none-eabi/10.3.1/thumb/v7e-m+fp/hard/crtn.o
 *(.fini)
 .fini          0x000000000800f168        0x4 c:/st/stm32cubeide_1.10.1/stm32cubeide/plugins/com.st.stm32cube.ide.mcu.externaltools.gnu-tools-for-stm32.10.3-2021.10.win32_1.0.0.202111181127/tools/bin/../lib/gcc/arm-none-eabi/10.3.1/thumb/v7e-m+fp/hard/crti.o
                0x000000000800f168                _fini
 .fini          0x000000000800f16c        0x8 c:/st/stm32cubeide_1.10.1/stm32cubeide/plugins/com.st.stm32cube.ide.mcu.externaltools.gnu-tools-for-stm32.10.3-2021.10.win32_1.0.0.202111181127/tools/bin/../lib/gcc/arm-none-eabi/10.3.1/thumb/v7e-m+fp/hard/crtn.o
                0x000000000800f174                . = ALIGN (0x4)
                0x000000000800f174                _etext = .

.vfp11_veneer   0x000000000800f174        0x0
 .vfp11_veneer  0x000000000800f174        0x0 linker stubs

.v4_bx          0x000000000800f174        0x0
 .v4_bx         0x000000000800f174        0x0 linker stubs

.iplt           0x000000000800f174        0x0
 .iplt          0x000000000800f174        0x0 c:/st/stm32cubeide_1.10.1/stm32cubeide/plugins/com.st.stm32cube.ide.mcu.externaltools.gnu-tools-for-stm32.10.3-2021.10.win32_1.0.0.202111181127/tools/bin/../lib/gcc/arm-none-eabi/10.3.1/thumb/v7e-m+fp/hard/crtbegin.o

.rodata         0x000000000800f174      0x1ec
                0x000000000800f174                . = ALIGN (0x4)
 *(.rodata)
 .rodata        0x000000000800f174       0x5c ./Core/Src/main.o
 .rodata        0x000000000800f1d0        0x4 ./Middlewares/ST/STM32_USB_Host_Library/Class/MSC/Src/usbh_msc.o
 .rodata        0x000000000800f1d4       0x44 ./Middlewares/Third_Party/FatFs/src/ff.o
 *(.rodata*)
 .rodata.I2SFreq
                0x000000000800f218       0x20 ./Audio/audioI2S.o
                0x000000000800f218                I2SFreq
 .rodata.I2SPLLN
                0x000000000800f238       0x20 ./Audio/audioI2S.o
                0x000000000800f238                I2SPLLN
 .rodata.I2SPLLR
                0x000000000800f258       0x20 ./Audio/audioI2S.o
                0x000000000800f258                I2SPLLR
 .rodata.AHBPrescTable
                0x000000000800f278       0x10 ./Core/Src/system_stm32f4xx.o
                0x000000000800f278                AHBPrescTable
 .rodata.APBPrescTable
                0x000000000800f288        0x8 ./Core/Src/system_stm32f4xx.o
                0x000000000800f288                APBPrescTable
 .rodata.flagBitshiftOffset.0
                0x000000000800f290        0x8 ./Drivers/STM32F4xx_HAL_Driver/Src/stm32f4xx_hal_dma.o
 .rodata.USBH_Driver
                0x000000000800f298       0x14 ./FATFS/Target/usbh_diskio.o
                0x000000000800f298                USBH_Driver
 .rodata.ExCvt  0x000000000800f2ac       0x80 ./Middlewares/Third_Party/FatFs/src/ff.o
 .rodata._svfprintf_r.str1.1
                0x000000000800f32c       0x11 c:/st/stm32cubeide_1.10.1/stm32cubeide/plugins/com.st.stm32cube.ide.mcu.externaltools.gnu-tools-for-stm32.10.3-2021.10.win32_1.0.0.202111181127/tools/bin/../lib/gcc/arm-none-eabi/10.3.1/../../../../arm-none-eabi/lib/thumb/v7e-m+fp/hard\libc_nano.a(lib_a-nano-svfprintf.o)
 .rodata._printf_i.str1.1
                0x000000000800f33d       0x22 c:/st/stm32cubeide_1.10.1/stm32cubeide/plugins/com.st.stm32cube.ide.mcu.externaltools.gnu-tools-for-stm32.10.3-2021.10.win32_1.0.0.202111181127/tools/bin/../lib/gcc/arm-none-eabi/10.3.1/../../../../arm-none-eabi/lib/thumb/v7e-m+fp/hard\libc_nano.a(lib_a-nano-vfprintf_i.o)
                0x000000000800f360                . = ALIGN (0x4)
 *fill*         0x000000000800f35f        0x1 

.ARM.extab      0x000000000800f360        0x0
                0x000000000800f360                . = ALIGN (0x4)
 *(.ARM.extab* .gnu.linkonce.armextab.*)
                0x000000000800f360                . = ALIGN (0x4)

.ARM            0x000000000800f360        0x8
                0x000000000800f360                . = ALIGN (0x4)
                0x000000000800f360                __exidx_start = .
 *(.ARM.exidx*)
 .ARM.exidx     0x000000000800f360        0x8 c:/st/stm32cubeide_1.10.1/stm32cubeide/plugins/com.st.stm32cube.ide.mcu.externaltools.gnu-tools-for-stm32.10.3-2021.10.win32_1.0.0.202111181127/tools/bin/../lib/gcc/arm-none-eabi/10.3.1/thumb/v7e-m+fp/hard\libgcc.a(_udivmoddi4.o)
                0x000000000800f368                __exidx_end = .
                0x000000000800f368                . = ALIGN (0x4)

.rel.dyn        0x000000000800f368        0x0
 .rel.iplt      0x000000000800f368        0x0 c:/st/stm32cubeide_1.10.1/stm32cubeide/plugins/com.st.stm32cube.ide.mcu.externaltools.gnu-tools-for-stm32.10.3-2021.10.win32_1.0.0.202111181127/tools/bin/../lib/gcc/arm-none-eabi/10.3.1/thumb/v7e-m+fp/hard/crtbegin.o

.preinit_array  0x000000000800f368        0x0
                0x000000000800f368                . = ALIGN (0x4)
                0x000000000800f368                PROVIDE (__preinit_array_start = .)
 *(.preinit_array*)
                0x000000000800f368                PROVIDE (__preinit_array_end = .)
                0x000000000800f368                . = ALIGN (0x4)

.init_array     0x000000000800f368        0x4
                0x000000000800f368                . = ALIGN (0x4)
                0x000000000800f368                PROVIDE (__init_array_start = .)
 *(SORT_BY_NAME(.init_array.*))
 *(.init_array*)
 .init_array    0x000000000800f368        0x4 c:/st/stm32cubeide_1.10.1/stm32cubeide/plugins/com.st.stm32cube.ide.mcu.externaltools.gnu-tools-for-stm32.10.3-2021.10.win32_1.0.0.202111181127/tools/bin/../lib/gcc/arm-none-eabi/10.3.1/thumb/v7e-m+fp/hard/crtbegin.o
                0x000000000800f36c                PROVIDE (__init_array_end = .)
                0x000000000800f36c                . = ALIGN (0x4)

.fini_array     0x000000000800f36c        0x4
                0x000000000800f36c                . = ALIGN (0x4)
                [!provide]                        PROVIDE (__fini_array_start = .)
 *(SORT_BY_NAME(.fini_array.*))
 *(.fini_array*)
 .fini_array    0x000000000800f36c        0x4 c:/st/stm32cubeide_1.10.1/stm32cubeide/plugins/com.st.stm32cube.ide.mcu.externaltools.gnu-tools-for-stm32.10.3-2021.10.win32_1.0.0.202111181127/tools/bin/../lib/gcc/arm-none-eabi/10.3.1/thumb/v7e-m+fp/hard/crtbegin.o
                [!provide]                        PROVIDE (__fini_array_end = .)
                0x000000000800f370                . = ALIGN (0x4)
                0x000000000800f370                _sidata = LOADADDR (.data)

.data           0x0000000020000000       0xa4 load address 0x000000000800f370
                0x0000000020000000                . = ALIGN (0x4)
                0x0000000020000000                _sdata = .
 *(.data)
 *(.data*)
 .data.songs    0x0000000020000000       0x10 ./Core/Src/main.o
                0x0000000020000000                songs
 .data.volume   0x0000000020000010        0x1 ./Core/Src/main.o
                0x0000000020000010                volume
 .data.song_idx
                0x0000000020000011        0x1 ./Core/Src/main.o
                0x0000000020000011                song_idx
 *fill*         0x0000000020000012        0x2 
 .data.SystemCoreClock
                0x0000000020000014        0x4 ./Core/Src/system_stm32f4xx.o
                0x0000000020000014                SystemCoreClock
 .data.uwTickPrio
                0x0000000020000018        0x4 ./Drivers/STM32F4xx_HAL_Driver/Src/stm32f4xx_hal.o
                0x0000000020000018                uwTickPrio
 .data.uwTickFreq
                0x000000002000001c        0x1 ./Drivers/STM32F4xx_HAL_Driver/Src/stm32f4xx_hal.o
                0x000000002000001c                uwTickFreq
 *fill*         0x000000002000001d        0x3 
 .data.USBH_msc
                0x0000000020000020       0x20 ./Middlewares/ST/STM32_USB_Host_Library/Class/MSC/Src/usbh_msc.o
                0x0000000020000020                USBH_msc
 .data._impure_ptr
                0x0000000020000040        0x4 c:/st/stm32cubeide_1.10.1/stm32cubeide/plugins/com.st.stm32cube.ide.mcu.externaltools.gnu-tools-for-stm32.10.3-2021.10.win32_1.0.0.202111181127/tools/bin/../lib/gcc/arm-none-eabi/10.3.1/../../../../arm-none-eabi/lib/thumb/v7e-m+fp/hard\libc_nano.a(lib_a-impure.o)
                0x0000000020000040                _impure_ptr
 .data.impure_data
                0x0000000020000044       0x60 c:/st/stm32cubeide_1.10.1/stm32cubeide/plugins/com.st.stm32cube.ide.mcu.externaltools.gnu-tools-for-stm32.10.3-2021.10.win32_1.0.0.202111181127/tools/bin/../lib/gcc/arm-none-eabi/10.3.1/../../../../arm-none-eabi/lib/thumb/v7e-m+fp/hard\libc_nano.a(lib_a-impure.o)
 *(.RamFunc)
 *(.RamFunc*)
                0x00000000200000a4                . = ALIGN (0x4)
                0x00000000200000a4                _edata = .
                0x000000000800f414                _siccmram = LOADADDR (.ccmram)

.igot.plt       0x00000000200000a4        0x0 load address 0x000000000800f414
 .igot.plt      0x00000000200000a4        0x0 c:/st/stm32cubeide_1.10.1/stm32cubeide/plugins/com.st.stm32cube.ide.mcu.externaltools.gnu-tools-for-stm32.10.3-2021.10.win32_1.0.0.202111181127/tools/bin/../lib/gcc/arm-none-eabi/10.3.1/thumb/v7e-m+fp/hard/crtbegin.o

.ccmram         0x0000000010000000        0x0 load address 0x000000000800f414
                0x0000000010000000                . = ALIGN (0x4)
                0x0000000010000000                _sccmram = .
 *(.ccmram)
 *(.ccmram*)
                0x0000000010000000                . = ALIGN (0x4)
                0x0000000010000000                _eccmram = .
                0x0000000010000000                . = ALIGN (0x4)

.bss            0x00000000200000a4     0x1d78
                0x00000000200000a4                _sbss = .
                0x00000000200000a4                __bss_start__ = _sbss
 *(.bss)
 .bss           0x00000000200000a4       0x1c c:/st/stm32cubeide_1.10.1/stm32cubeide/plugins/com.st.stm32cube.ide.mcu.externaltools.gnu-tools-for-stm32.10.3-2021.10.win32_1.0.0.202111181127/tools/bin/../lib/gcc/arm-none-eabi/10.3.1/thumb/v7e-m+fp/hard/crtbegin.o
 *(.bss*)
 .bss.i2cx      0x00000000200000c0       0x54 ./Audio/MY_CS43L22.o
 .bss.hAudioI2S
                0x0000000020000114        0x4 ./Audio/audioI2S.o
 .bss.wavFile   0x0000000020000118      0x230 ./Audio/wav_player.o
 .bss.fileLength
                0x0000000020000348        0x4 ./Audio/wav_player.o
 .bss.audioBuffer
                0x000000002000034c     0x1000 ./Audio/wav_player.o
 .bss.audioRemainSize
                0x000000002000134c        0x4 ./Audio/wav_player.o
 .bss.samplingFreq
                0x0000000020001350        0x4 ./Audio/wav_player.o
 .bss.playerReadBytes
                0x0000000020001354        0x4 ./Audio/wav_player.o
 .bss.isFinished
                0x0000000020001358        0x1 ./Audio/wav_player.o
 .bss.playerControlSM
                0x0000000020001359        0x1 ./Audio/wav_player.o
 *fill*         0x000000002000135a        0x2 
 .bss.hdac      0x000000002000135c       0x14 ./Core/Src/main.o
                0x000000002000135c                hdac
 .bss.hi2c1     0x0000000020001370       0x54 ./Core/Src/main.o
                0x0000000020001370                hi2c1
 .bss.hi2s3     0x00000000200013c4       0x48 ./Core/Src/main.o
                0x00000000200013c4                hi2s3
 .bss.hdma_spi3_tx
                0x000000002000140c       0x60 ./Core/Src/main.o
                0x000000002000140c                hdma_spi3_tx
 .bss.htim1     0x000000002000146c       0x48 ./Core/Src/main.o
                0x000000002000146c                htim1
 .bss.song_mov  0x00000000200014b4        0x1 ./Core/Src/main.o
                0x00000000200014b4                song_mov
 *fill*         0x00000000200014b5        0x3 
 .bss.__sbrk_heap_end
                0x00000000200014b8        0x4 ./Core/Src/sysmem.o
 .bss.uwTick    0x00000000200014bc        0x4 ./Drivers/STM32F4xx_HAL_Driver/Src/stm32f4xx_hal.o
                0x00000000200014bc                uwTick
 .bss.retUSBH   0x00000000200014c0        0x1 ./FATFS/App/fatfs.o
                0x00000000200014c0                retUSBH
 *fill*         0x00000000200014c1        0x3 
 .bss.USBHPath  0x00000000200014c4        0x4 ./FATFS/App/fatfs.o
                0x00000000200014c4                USBHPath
 .bss.USBHFatFS
                0x00000000200014c8      0x230 ./FATFS/App/fatfs.o
                0x00000000200014c8                USBHFatFS
 .bss.FatFs     0x00000000200016f8        0x4 ./Middlewares/Third_Party/FatFs/src/ff.o
 .bss.Fsid      0x00000000200016fc        0x2 ./Middlewares/Third_Party/FatFs/src/ff.o
 *fill*         0x00000000200016fe        0x2 
 .bss.Files     0x0000000020001700       0x20 ./Middlewares/Third_Party/FatFs/src/ff.o
 .bss.disk      0x0000000020001720        0xc ./Middlewares/Third_Party/FatFs/src/ff_gen_drv.o
                0x0000000020001720                disk
 .bss.hUsbHostFS
                0x000000002000172c      0x3d8 ./USB_HOST/App/usb_host.o
                0x000000002000172c                hUsbHostFS
 .bss.Appli_state
                0x0000000020001b04        0x1 ./USB_HOST/App/usb_host.o
                0x0000000020001b04                Appli_state
 *fill*         0x0000000020001b05        0x3 
 .bss.hhcd_USB_OTG_FS
                0x0000000020001b08      0x304 ./USB_HOST/Target/usbh_conf.o
                0x0000000020001b08                hhcd_USB_OTG_FS
 .bss.__malloc_free_list
                0x0000000020001e0c        0x4 c:/st/stm32cubeide_1.10.1/stm32cubeide/plugins/com.st.stm32cube.ide.mcu.externaltools.gnu-tools-for-stm32.10.3-2021.10.win32_1.0.0.202111181127/tools/bin/../lib/gcc/arm-none-eabi/10.3.1/../../../../arm-none-eabi/lib/thumb/v7e-m+fp/hard\libc_nano.a(lib_a-nano-mallocr.o)
                0x0000000020001e0c                __malloc_free_list
 .bss.__malloc_sbrk_start
                0x0000000020001e10        0x4 c:/st/stm32cubeide_1.10.1/stm32cubeide/plugins/com.st.stm32cube.ide.mcu.externaltools.gnu-tools-for-stm32.10.3-2021.10.win32_1.0.0.202111181127/tools/bin/../lib/gcc/arm-none-eabi/10.3.1/../../../../arm-none-eabi/lib/thumb/v7e-m+fp/hard\libc_nano.a(lib_a-nano-mallocr.o)
                0x0000000020001e10                __malloc_sbrk_start
 .bss.errno     0x0000000020001e14        0x4 c:/st/stm32cubeide_1.10.1/stm32cubeide/plugins/com.st.stm32cube.ide.mcu.externaltools.gnu-tools-for-stm32.10.3-2021.10.win32_1.0.0.202111181127/tools/bin/../lib/gcc/arm-none-eabi/10.3.1/../../../../arm-none-eabi/lib/thumb/v7e-m+fp/hard\libc_nano.a(lib_a-reent.o)
                0x0000000020001e14                errno
 .bss.__lock___malloc_recursive_mutex
                0x0000000020001e18        0x1 c:/st/stm32cubeide_1.10.1/stm32cubeide/plugins/com.st.stm32cube.ide.mcu.externaltools.gnu-tools-for-stm32.10.3-2021.10.win32_1.0.0.202111181127/tools/bin/../lib/gcc/arm-none-eabi/10.3.1/../../../../arm-none-eabi/lib/thumb/v7e-m+fp/hard\libc_nano.a(lib_a-lock.o)
                0x0000000020001e18                __lock___malloc_recursive_mutex
 *(COMMON)
                0x0000000020001e1c                . = ALIGN (0x4)
 *fill*         0x0000000020001e19        0x3 
                0x0000000020001e1c                _ebss = .
                0x0000000020001e1c                __bss_end__ = _ebss

._user_heap_stack
                0x0000000020001e1c     0x4004
                0x0000000020001e20                . = ALIGN (0x8)
 *fill*         0x0000000020001e1c        0x4 
                [!provide]                        PROVIDE (end = .)
                0x0000000020001e20                PROVIDE (_end = .)
                0x0000000020003e20                . = (. + _Min_Heap_Size)
 *fill*         0x0000000020001e20     0x2000 
                0x0000000020005e20                . = (. + _Min_Stack_Size)
 *fill*         0x0000000020003e20     0x2000 
                0x0000000020005e20                . = ALIGN (0x8)

/DISCARD/
 libc.a(*)
 libm.a(*)
 libgcc.a(*)

.ARM.attributes
                0x0000000000000000       0x30
 *(.ARM.attributes)
 .ARM.attributes
                0x0000000000000000       0x1e c:/st/stm32cubeide_1.10.1/stm32cubeide/plugins/com.st.stm32cube.ide.mcu.externaltools.gnu-tools-for-stm32.10.3-2021.10.win32_1.0.0.202111181127/tools/bin/../lib/gcc/arm-none-eabi/10.3.1/thumb/v7e-m+fp/hard/crti.o
 .ARM.attributes
                0x000000000000001e       0x34 c:/st/stm32cubeide_1.10.1/stm32cubeide/plugins/com.st.stm32cube.ide.mcu.externaltools.gnu-tools-for-stm32.10.3-2021.10.win32_1.0.0.202111181127/tools/bin/../lib/gcc/arm-none-eabi/10.3.1/thumb/v7e-m+fp/hard/crtbegin.o
 .ARM.attributes
                0x0000000000000052       0x34 ./Audio/MY_CS43L22.o
 .ARM.attributes