../Core/Src/main.c:89:13:display_song_info	72	static
../Core/Src/main.c:102:13:update_volume_display	40	static
../Core/Src/main.c:116:5:main	96	static
../Core/Src/main.c:270:6:SystemClock_Config	88	static
../Core/Src/main.c:316:13:MX_DAC_Init	16	static
../Core/Src/main.c:356:13:MX_I2C1_Init	8	static
../Core/Src/main.c:391:13:MX_I2S3_Init	8	static
../Core/Src/main.c:425:13:MX_TIM1_Init	32	static
../Core/Src/main.c:470:13:MX_DMA_Init	16	static
../Core/Src/main.c:488:13:MX_GPIO_Init	56	static
../Core/Src/main.c:570:6:HAL_GPIO_EXTI_Callback	24	static
../Core/Src/main.c:618:6:Error_Handler	4	static,ignoring_inline_asm
