../Core/Src/wav_player.c:85:12:get_I2S_freq_index	24	static
../Core/Src/wav_player.c:105:13:audio_clock_config	40	static
../Core/Src/wav_player.c:133:13:audio_adjust_freq	16	static
../Core/Src/wav_player.c:153:13:audio_play	16	static
../Core/Src/wav_player.c:165:13:audio_stop	8	static
../Core/Src/wav_player.c:174:13:audio_pause	8	static
../Core/Src/wav_player.c:183:13:audio_resume	8	static
../Core/Src/wav_player.c:198:6:wavPlayer_reset	4	static
../Core/Src/wav_player.c:210:6:wavPlayer_openFile	64	static
../Core/Src/wav_player.c:231:6:wavPlayer_play	8	static
../Core/Src/wav_player.c:249:6:wavPlayer_proceed	8	static
../Core/Src/wav_player.c:299:6:wavPlayer_stop	8	static
../Core/Src/wav_player.c:309:6:wavPlayer_pause	8	static
../Core/Src/wav_player.c:317:6:wavPlayer_resume	8	static
../Core/Src/wav_player.c:326:6:wavPlayer_setVolume	16	static
../Core/Src/wav_player.c:334:6:is_wavPlayer_finished_Playing	4	static
../Core/Src/wav_player.c:343:6:HAL_I2S_TxCpltCallback	16	static
../Core/Src/wav_player.c:355:6:HAL_I2S_TxHalfCpltCallback	16	static
