../Core/Src/wav_player.c:85:12:get_I2S_freq_index	24	static
../Core/Src/wav_player.c:106:13:audio_clock_config	40	static
../Core/Src/wav_player.c:129:13:audio_adjust_freq	16	static
../Core/Src/wav_player.c:145:13:audio_play	16	static
../Core/Src/wav_player.c:154:13:audio_stop	8	static
../Core/Src/wav_player.c:160:13:audio_pause	8	static
../Core/Src/wav_player.c:166:13:audio_resume	8	static
../Core/Src/wav_player.c:182:6:wavPlayer_reset	4	static
../Core/Src/wav_player.c:194:6:wavPlayer_openFile	64	static
../Core/Src/wav_player.c:215:6:wavPlayer_play	8	static
../Core/Src/wav_player.c:234:6:wavPlayer_proceed	8	static
../Core/Src/wav_player.c:284:6:wavPlayer_stop	8	static
../Core/Src/wav_player.c:294:6:wavPlayer_pause	8	static
../Core/Src/wav_player.c:299:6:wavPlayer_resume	8	static
../Core/Src/wav_player.c:304:6:wavPlayer_setVolume	16	static
../Core/Src/wav_player.c:312:6:is_wavPlayer_finished_Playing	4	static
../Core/Src/wav_player.c:318:6:HAL_I2S_TxCpltCallback	16	static
../Core/Src/wav_player.c:325:6:HAL_I2S_TxHalfCpltCallback	16	static
