../Middlewares/ST/STM32_USB_Host_Library/Core/Src/usbh_ctlreq.c:346:14:USBH_ParseDevDesc	0	static
../Middlewares/ST/STM32_USB_Host_Library/Core/Src/usbh_ctlreq.c:441:14:USBH_ParseInterfaceDesc	0	static
../Middlewares/ST/STM32_USB_Host_Library/Core/Src/usbh_ctlreq.c:463:14:USBH_ParseEPDesc	0	static
../Middlewares/ST/STM32_USB_Host_Library/Core/Src/usbh_ctlreq.c:483:13:USBH_ParseStringDesc	0	static
../Middlewares/ST/STM32_USB_Host_Library/Core/Src/usbh_ctlreq.c:611:27:USBH_HandleControl	24	static
../Middlewares/ST/STM32_USB_Host_Library/Core/Src/usbh_ctlreq.c:523:21:USBH_GetNextDesc	0	static
../Middlewares/ST/STM32_USB_Host_Library/Core/Src/usbh_ctlreq.c:380:13:USBH_ParseCfgDesc	32	static
../Middlewares/ST/STM32_USB_Host_Library/Core/Src/usbh_ctlreq.c:545:20:USBH_CtlReq	8	static
../Middlewares/ST/STM32_USB_Host_Library/Core/Src/usbh_ctlreq.c:188:20:USBH_GetDescriptor	8	static
../Middlewares/ST/STM32_USB_Host_Library/Core/Src/usbh_ctlreq.c:103:20:USBH_Get_DevDesc	32	static
../Middlewares/ST/STM32_USB_Host_Library/Core/Src/usbh_ctlreq.c:130:20:USBH_Get_CfgDesc	32	static
../Middlewares/ST/STM32_USB_Host_Library/Core/Src/usbh_ctlreq.c:158:20:USBH_Get_StringDesc	32	static
../Middlewares/ST/STM32_USB_Host_Library/Core/Src/usbh_ctlreq.c:222:20:USBH_SetAddress	8	static
../Middlewares/ST/STM32_USB_Host_Library/Core/Src/usbh_ctlreq.c:248:20:USBH_SetCfg	8	static
../Middlewares/ST/STM32_USB_Host_Library/Core/Src/usbh_ctlreq.c:272:20:USBH_SetInterface	8	static
../Middlewares/ST/STM32_USB_Host_Library/Core/Src/usbh_ctlreq.c:297:20:USBH_SetFeature	8	static
../Middlewares/ST/STM32_USB_Host_Library/Core/Src/usbh_ctlreq.c:322:20:USBH_ClrFeature	8	static
