../Core/Src/main.c:82:6:HAL_GPIO_EXTI_Callback	16	static
../Core/Src/main.c:99:5:main	4168	static
../Core/Src/main.c:185:6:SystemClock_Config	88	static
../Core/Src/main.c:231:13:MX_I2C1_Init	8	static
../Core/Src/main.c:265:13:MX_I2S3_Init	8	static
../Core/Src/main.c:300:13:MX_SPI1_Init	8	static
../Core/Src/main.c:338:13:MX_USART1_UART_Init	8	static
../Core/Src/main.c:369:13:MX_DMA_Init	16	static
../Core/Src/main.c:387:13:MX_GPIO_Init	48	static
../Core/Src/main.c:424:5:__io_putchar	16	static
../Core/Src/main.c:435:6:read_SD_card	9152	static
../Core/Src/main.c:495:6:Error_Handler	4	static,ignoring_inline_asm
