Archive member included to satisfy reference by file (symbol)

c:/st/stm32cubeide_1.11.0/stm32cubeide/plugins/com.st.stm32cube.ide.mcu.externaltools.gnu-tools-for-stm32.10.3-2021.10.win32_1.0.100.202210260954/tools/bin/../lib/gcc/arm-none-eabi/10.3.1/../../../../arm-none-eabi/lib/thumb/v7e-m+fp/hard\libc_nano.a(lib_a-errno.o)
                              ./Core/Src/syscalls.o (__errno)
c:/st/stm32cubeide_1.11.0/stm32cubeide/plugins/com.st.stm32cube.ide.mcu.externaltools.gnu-tools-for-stm32.10.3-2021.10.win32_1.0.100.202210260954/tools/bin/../lib/gcc/arm-none-eabi/10.3.1/../../../../arm-none-eabi/lib/thumb/v7e-m+fp/hard\libc_nano.a(lib_a-exit.o)
                              c:/st/stm32cubeide_1.11.0/stm32cubeide/plugins/com.st.stm32cube.ide.mcu.externaltools.gnu-tools-for-stm32.10.3-2021.10.win32_1.0.100.202210260954/tools/bin/../lib/gcc/arm-none-eabi/10.3.1/../../../../arm-none-eabi/lib/thumb/v7e-m+fp/hard/crt0.o (exit)
c:/st/stm32cubeide_1.11.0/stm32cubeide/plugins/com.st.stm32cube.ide.mcu.externaltools.gnu-tools-for-stm32.10.3-2021.10.win32_1.0.100.202210260954/tools/bin/../lib/gcc/arm-none-eabi/10.3.1/../../../../arm-none-eabi/lib/thumb/v7e-m+fp/hard\libc_nano.a(lib_a-impure.o)
                              c:/st/stm32cubeide_1.11.0/stm32cubeide/plugins/com.st.stm32cube.ide.mcu.externaltools.gnu-tools-for-stm32.10.3-2021.10.win32_1.0.100.202210260954/tools/bin/../lib/gcc/arm-none-eabi/10.3.1/../../../../arm-none-eabi/lib/thumb/v7e-m+fp/hard\libc_nano.a(lib_a-exit.o) (_global_impure_ptr)
c:/st/stm32cubeide_1.11.0/stm32cubeide/plugins/com.st.stm32cube.ide.mcu.externaltools.gnu-tools-for-stm32.10.3-2021.10.win32_1.0.100.202210260954/tools/bin/../lib/gcc/arm-none-eabi/10.3.1/../../../../arm-none-eabi/lib/thumb/v7e-m+fp/hard\libc_nano.a(lib_a-init.o)
                              c:/st/stm32cubeide_1.11.0/stm32cubeide/plugins/com.st.stm32cube.ide.mcu.externaltools.gnu-tools-for-stm32.10.3-2021.10.win32_1.0.100.202210260954/tools/bin/../lib/gcc/arm-none-eabi/10.3.1/../../../../arm-none-eabi/lib/thumb/v7e-m+fp/hard/crt0.o (__libc_init_array)
c:/st/stm32cubeide_1.11.0/stm32cubeide/plugins/com.st.stm32cube.ide.mcu.externaltools.gnu-tools-for-stm32.10.3-2021.10.win32_1.0.100.202210260954/tools/bin/../lib/gcc/arm-none-eabi/10.3.1/../../../../arm-none-eabi/lib/thumb/v7e-m+fp/hard\libc_nano.a(lib_a-malloc.o)
                              ./Middlewares/ST/STM32_USB_Host_Library/Class/MSC/Src/usbh_msc.o (malloc)
c:/st/stm32cubeide_1.11.0/stm32cubeide/plugins/com.st.stm32cube.ide.mcu.externaltools.gnu-tools-for-stm32.10.3-2021.10.win32_1.0.100.202210260954/tools/bin/../lib/gcc/arm-none-eabi/10.3.1/../../../../arm-none-eabi/lib/thumb/v7e-m+fp/hard\libc_nano.a(lib_a-memcpy-stub.o)
                              ./Core/Src/cs43l22.o (memcpy)
c:/st/stm32cubeide_1.11.0/stm32cubeide/plugins/com.st.stm32cube.ide.mcu.externaltools.gnu-tools-for-stm32.10.3-2021.10.win32_1.0.100.202210260954/tools/bin/../lib/gcc/arm-none-eabi/10.3.1/../../../../arm-none-eabi/lib/thumb/v7e-m+fp/hard\libc_nano.a(lib_a-memset.o)
                              c:/st/stm32cubeide_1.11.0/stm32cubeide/plugins/com.st.stm32cube.ide.mcu.externaltools.gnu-tools-for-stm32.10.3-2021.10.win32_1.0.100.202210260954/tools/bin/../lib/gcc/arm-none-eabi/10.3.1/../../../../arm-none-eabi/lib/thumb/v7e-m+fp/hard/crt0.o (memset)
c:/st/stm32cubeide_1.11.0/stm32cubeide/plugins/com.st.stm32cube.ide.mcu.externaltools.gnu-tools-for-stm32.10.3-2021.10.win32_1.0.100.202210260954/tools/bin/../lib/gcc/arm-none-eabi/10.3.1/../../../../arm-none-eabi/lib/thumb/v7e-m+fp/hard\libc_nano.a(lib_a-nano-freer.o)
                              c:/st/stm32cubeide_1.11.0/stm32cubeide/plugins/com.st.stm32cube.ide.mcu.externaltools.gnu-tools-for-stm32.10.3-2021.10.win32_1.0.100.202210260954/tools/bin/../lib/gcc/arm-none-eabi/10.3.1/../../../../arm-none-eabi/lib/thumb/v7e-m+fp/hard\libc_nano.a(lib_a-malloc.o) (_free_r)
c:/st/stm32cubeide_1.11.0/stm32cubeide/plugins/com.st.stm32cube.ide.mcu.externaltools.gnu-tools-for-stm32.10.3-2021.10.win32_1.0.100.202210260954/tools/bin/../lib/gcc/arm-none-eabi/10.3.1/../../../../arm-none-eabi/lib/thumb/v7e-m+fp/hard\libc_nano.a(lib_a-nano-mallocr.o)
                              c:/st/stm32cubeide_1.11.0/stm32cubeide/plugins/com.st.stm32cube.ide.mcu.externaltools.gnu-tools-for-stm32.10.3-2021.10.win32_1.0.100.202210260954/tools/bin/../lib/gcc/arm-none-eabi/10.3.1/../../../../arm-none-eabi/lib/thumb/v7e-m+fp/hard\libc_nano.a(lib_a-malloc.o) (_malloc_r)
c:/st/stm32cubeide_1.11.0/stm32cubeide/plugins/com.st.stm32cube.ide.mcu.externaltools.gnu-tools-for-stm32.10.3-2021.10.win32_1.0.100.202210260954/tools/bin/../lib/gcc/arm-none-eabi/10.3.1/../../../../arm-none-eabi/lib/thumb/v7e-m+fp/hard\libc_nano.a(lib_a-sbrkr.o)
[...]
Memory Configuration

Name             Origin             Length             Attributes
CCMRAM           0x0000000010000000 0x0000000000010000 xrw
RAM              0x0000000020000000 0x0000000000020000 xrw
FLASH            0x0000000008000000 0x0000000000100000 xr
*default*        0x0000000000000000 0xffffffffffffffff

Linker script and memory map

LOAD c:/st/stm32cubeide_1.11.0/stm32cubeide/plugins/com.st.stm32cube.ide.mcu.externaltools.gnu-tools-for-stm32.10.3-2021.10.win32_1.0.100.202210260954/tools/bin/../lib/gcc/arm-none-eabi/10.3.1/thumb/v7e-m+fp/hard/crti.o
LOAD c:/st/stm32cubeide_1.11.0/stm32cubeide/plugins/com.st.stm32cube.ide.mcu.externaltools.gnu-tools-for-stm32.10.3-2021.10.win32_1.0.100.202210260954/tools/bin/../lib/gcc/arm-none-eabi/10.3.1/thumb/v7e-m+fp/hard/crtbegin.o
LOAD c:/st/stm32cubeide_1.11.0/stm32cubeide/plugins/com.st.stm32cube.ide.mcu.externaltools.gnu-tools-for-stm32.10.3-2021.10.win32_1.0.100.202210260954/tools/bin/../lib/gcc/arm-none-eabi/10.3.1/../../../../arm-none-eabi/lib/thumb/v7e-m+fp/hard/crt0.o
LOAD ./Core/Src/cs43l22.o
LOAD ./Core/Src/lcd.o
LOAD ./Core/Src/main.o
LOAD ./Core/Src/stm32f4xx_hal_msp.o
LOAD ./Core/Src/stm32f4xx_it.o
LOAD ./Core/Src/syscalls.o
LOAD ./Core/Src/sysmem.o
LOAD ./Core/Src/system_stm32f4xx.o
LOAD ./Core/Src/wav_player.o
LOAD ./Core/Startup/startup_stm32f407vgtx.o
LOAD ./Drivers/STM32F4xx_HAL_Driver/Src/stm32f4xx_hal.o
LOAD ./Drivers/STM32F4xx_HAL_Driver/Src/stm32f4xx_hal_cortex.o
LOAD ./Drivers/STM32F4xx_HAL_Driver/Src/stm32f4xx_hal_dac.o
LOAD ./Drivers/STM32F4xx_HAL_Driver/Src/stm32f4xx_hal_dac_ex.o
LOAD ./Drivers/STM32F4xx_HAL_Driver/Src/stm32f4xx_hal_dma.o
LOAD ./Drivers/STM32F4xx_HAL_Driver/Src/stm32f4xx_hal_dma_ex.o
LOAD ./Drivers/STM32F4xx_HAL_Driver/Src/stm32f4xx_hal_exti.o
LOAD ./Drivers/STM32F4xx_HAL_Driver/Src/stm32f4xx_hal_flash.o
LOAD ./Drivers/STM32F4xx_HAL_Driver/Src/stm32f4xx_hal_flash_ex.o
LOAD ./Drivers/STM32F4xx_HAL_Driver/Src/stm32f4xx_hal_flash_ramfunc.o
LOAD ./Drivers/STM32F4xx_HAL_Driver/Src/stm32f4xx_hal_gpio.o
LOAD ./Drivers/STM32F4xx_HAL_Driver/Src/stm32f4xx_hal_hcd.o
LOAD ./Drivers/STM32F4xx_HAL_Driver/Src/stm32f4xx_hal_i2c.o
LOAD ./Drivers/STM32F4xx_HAL_Driver/Src/stm32f4xx_hal_i2c_ex.o
LOAD ./Drivers/STM32F4xx_HAL_Driver/Src/stm32f4xx_hal_i2s.o
LOAD ./Drivers/STM32F4xx_HAL_Driver/Src/stm32f4xx_hal_i2s_ex.o
LOAD ./Drivers/STM32F4xx_HAL_Driver/Src/stm32f4xx_hal_pwr.o
LOAD ./Drivers/STM32F4xx_HAL_Driver/Src/stm32f4xx_hal_pwr_ex.o
LOAD ./Drivers/STM32F4xx_HAL_Driver/Src/stm32f4xx_hal_rcc.o
LOAD ./Drivers/STM32F4xx_HAL_Driver/Src/stm32f4xx_hal_rcc_ex.o
LOAD ./Drivers/STM32F4xx_HAL_Driver/Src/stm32f4xx_hal_tim.o
LOAD ./Drivers/STM32F4xx_HAL_Driver/Src/stm32f4xx_hal_tim_ex.o
LOAD ./Drivers/STM32F4xx_HAL_Driver/Src/stm32f4xx_ll_usb.o
LOAD ./FATFS/App/fatfs.o
LOAD ./FATFS/Target/usbh_diskio.o
LOAD ./Middlewares/ST/STM32_USB_Host_Library/Class/MSC/Src/usbh_msc.o
LOAD ./Middlewares/ST/STM32_USB_Host_Library/Class/MSC/Src/usbh_msc_bot.o
LOAD ./Middlewares/ST/STM32_USB_Host_Library/Class/MSC/Src/usbh_msc_scsi.o
LOAD ./Middlewares/ST/STM32_USB_Host_Library/Core/Src/usbh_core.o
LOAD ./Middlewares/ST/STM32_USB_Host_Library/Core/Src/usbh_ctlreq.o
LOAD ./Middlewares/ST/STM32_USB_Host_Library/Core/Src/usbh_ioreq.o
LOAD ./Middlewares/ST/STM32_USB_Host_Library/Core/Src/usbh_pipes.o
LOAD ./Middlewares/Third_Party/FatFs/src/diskio.o
LOAD ./Middlewares/Third_Party/FatFs/src/ff.o
LOAD ./Middlewares/Third_Party/FatFs/src/ff_gen_drv.o
LOAD ./Middlewares/Third_Party/FatFs/src/option/syscall.o
LOAD ./USB_HOST/App/usb_host.o
LOAD ./USB_HOST/Target/usbh_conf.o
START GROUP
LOAD c:/st/stm32cubeide_1.11.0/stm32cubeide/plugins/com.st.stm32cube.ide.mcu.externaltools.gnu-tools-for-stm32.10.3-2021.10.win32_1.0.100.202210260954/tools/bin/../lib/gcc/arm-none-eabi/10.3.1/../../../../arm-none-eabi/lib/thumb/v7e-m+fp/hard\libc_nano.a
LOAD c:/st/stm32cubeide_1.11.0/stm32cubeide/plugins/com.st.stm32cube.ide.mcu.externaltools.gnu-tools-for-stm32.10.3-2021.10.win32_1.0.100.202210260954/tools/bin/../lib/gcc/arm-none-eabi/10.3.1/../../../../arm-none-eabi/lib/thumb/v7e-m+fp/hard\libm.a
END GROUP
START GROUP
LOAD c:/st/stm32cubeide_1.11.0/stm32cubeide/plugins/com.st.stm32cube.ide.mcu.externaltools.gnu-tools-for-stm32.10.3-2021.10.win32_1.0.100.202210260954/tools/bin/../lib/gcc/arm-none-eabi/10.3.1/thumb/v7e-m+fp/hard\libgcc.a
LOAD c:/st/stm32cubeide_1.11.0/stm32cubeide/plugins/com.st.stm32cube.ide.mcu.externaltools.gnu-tools-for-stm32.10.3-2021.10.win32_1.0.100.202210260954/tools/bin/../lib/gcc/arm-none-eabi/10.3.1/../../../../arm-none-eabi/lib/thumb/v7e-m+fp/hard\libc_nano.a
END GROUP
START GROUP
LOAD c:/st/stm32cubeide_1.11.0/stm32cubeide/plugins/com.st.stm32cube.ide.mcu.externaltools.gnu-tools-for-stm32.10.3-2021.10.win32_1.0.100.202210260954/tools/bin/../lib/gcc/arm-none-eabi/10.3.1/thumb/v7e-m+fp/hard\libgcc.a
LOAD c:/st/stm32cubeide_1.11.0/stm32cubeide/plugins/com.st.stm32cube.ide.mcu.externaltools.gnu-tools-for-stm32.10.3-2021.10.win32_1.0.100.202210260954/tools/bin/../lib/gcc/arm-none-eabi/10.3.1/../../../../arm-none-eabi/lib/thumb/v7e-m+fp/hard\libc_nano.a
LOAD c:/st/stm32cubeide_1.11.0/stm32cubeide/plugins/com.st.stm32cube.ide.mcu.externaltools.gnu-tools-for-stm32.10.3-2021.10.win32_1.0.100.202210260954/tools/bin/../lib/gcc/arm-none-eabi/10.3.1/../../../../arm-none-eabi/lib/thumb/v7e-m+fp/hard\libnosys.a
END GROUP
START GROUP
LOAD c:/st/stm32cubeide_1.11.0/stm32cubeide/plugins/com.st.stm32cube.ide.mcu.externaltools.gnu-tools-for-stm32.10.3-2021.10.win32_1.0.100.202210260954/tools/bin/../lib/gcc/arm-none-eabi/10.3.1/thumb/v7e-m+fp/hard\libgcc.a
LOAD c:/st/stm32cubeide_1.11.0/stm32cubeide/plugins/com.st.stm32cube.ide.mcu.externaltools.gnu-tools-for-stm32.10.3-2021.10.win32_1.0.100.202210260954/tools/bin/../lib/gcc/arm-none-eabi/10.3.1/../../../../arm-none-eabi/lib/thumb/v7e-m+fp/hard\libc_nano.a
LOAD c:/st/stm32cubeide_1.11.0/stm32cubeide/plugins/com.st.stm32cube.ide.mcu.externaltools.gnu-tools-for-stm32.10.3-2021.10.win32_1.0.100.202210260954/tools/bin/../lib/gcc/arm-none-eabi/10.3.1/../../../../arm-none-eabi/lib/thumb/v7e-m+fp/hard\libnosys.a
END GROUP
LOAD c:/st/stm32cubeide_1.11.0/stm32cubeide/plugins/com.st.stm32cube.ide.mcu.externaltools.gnu-tools-for-stm32.10.3-2021.10.win32_1.0.100.202210260954/tools/bin/../lib/gcc/arm-none-eabi/10.3.1/thumb/v7e-m+fp/hard/crtend.o
LOAD c:/st/stm32cubeide_1.11.0/stm32cubeide/plugins/com.st.stm32cube.ide.mcu.externaltools.gnu-tools-for-stm32.10.3-2021.10.win32_1.0.100.202210260954/tools/bin/../lib/gcc/arm-none-eabi/10.3.1/thumb/v7e-m+fp/hard/crtn.o
                0x0000000020020000                _estack = (ORIGIN (RAM) + LENGTH (RAM))
                0x0000000000002000                _Min_Heap_Size = 0x2000
                0x0000000000002000                _Min_Stack_Size = 0x2000

.isr_vector     0x0000000008000000      0x188
                0x0000000008000000                . = ALIGN (0x4)
 *(.isr_vector)
 .isr_vector    0x0000000008000000      0x188 ./Core/Startup/startup_stm32f407vgtx.o
                0x0000000008000000                g_pfnVectors
                0x0000000008000188                . = ALIGN (0x4)

.text           0x0000000008000190     0xecb4
                0x0000000008000190                . = ALIGN (0x4)
 *(.text)
 .text          0x0000000008000190       0x40 c:/st/stm32cubeide_1.11.0/stm32cubeide/plugins/com.st.stm32cube.ide.mcu.externaltools.gnu-tools-for-stm32.10.3-2021.10.win32_1.0.100.202210260954/tools/bin/../lib/gcc/arm-none-eabi/10.3.1/thumb/v7e-m+fp/hard/crtbegin.o
 .text          0x00000000080001d0       0xa0 c:/st/stm32cubeide_1.11.0/stm32cubeide/plugins/com.st.stm32cube.ide.mcu.externaltools.gnu-tools-for-stm32.10.3-2021.10.win32_1.0.100.202210260954/tools/bin/../lib/gcc/arm-none-eabi/10.3.1/../../../../arm-none-eabi/lib/thumb/v7e-m+fp/hard\libc_nano.a(lib_a-memchr.o)
                0x00000000080001d0                memchr
 .text          0x0000000008000270       0x30 c:/st/stm32cubeide_1.11.0/stm32cubeide/plugins/com.st.stm32cube.ide.mcu.externaltools.gnu-tools-for-stm32.10.3-2021.10.win32_1.0.100.202210260954/tools/bin/../lib/gcc/arm-none-eabi/10.3.1/thumb/v7e-m+fp/hard\libgcc.a(_aeabi_uldivmod.o)
                0x0000000008000270                __aeabi_uldivmod
 .text          0x00000000080002a0      0x2d0 c:/st/stm32cubeide_1.11.0/stm32cubeide/plugins/com.st.stm32cube.ide.mcu.externaltools.gnu-tools-for-stm32.10.3-2021.10.win32_1.0.100.202210260954/tools/bin/../lib/gcc/arm-none-eabi/10.3.1/thumb/v7e-m+fp/hard\libgcc.a(_udivmoddi4.o)
                0x00000000080002a0                __udivmoddi4
 .text          0x0000000008000570        0x4 c:/st/stm32cubeide_1.11.0/stm32cubeide/plugins/com.st.stm32cube.ide.mcu.externaltools.gnu-tools-for-stm32.10.3-2021.10.win32_1.0.100.202210260954/tools/bin/../lib/gcc/arm-none-eabi/10.3.1/thumb/v7e-m+fp/hard\libgcc.a(_dvmd_tls.o)
                0x0000000008000570                __aeabi_idiv0
                0x0000000008000570                __aeabi_ldiv0
 *(.text*)
 .text.CS43_write_register
                0x0000000008000574       0x38 ./Core/Src/cs43l22.o
 .text.CS43_read_register
                0x00000000080005ac       0x3c ./Core/Src/cs43l22.o
 .text.CS43_init
                0x00000000080005e8      0x120 ./Core/Src/cs43l22.o
                0x00000000080005e8                CS43_init
 .text.CS43_set_volume
                0x0000000008000708       0x3a ./Core/Src/cs43l22.o
                0x0000000008000708                CS43_set_volume
 .text.CS43_start
                0x0000000008000742       0x6c ./Core/Src/cs43l22.o
                0x0000000008000742                CS43_start
 .text.CS43_stop
                0x00000000080007ae       0x30 ./Core/Src/cs43l22.o
                0x00000000080007ae                CS43_stop
 *fill*         0x00000000080007de        0x2 
 .text.delay_us
                0x00000000080007e0       0x34 ./Core/Src/lcd.o
 .text.lcd_write
                0x0000000008000814       0x9c ./Core/Src/lcd.o
 .text.lcd_send_cmd
                0x00000000080008b0       0x30 ./Core/Src/lcd.o
 .text.lcd_send_data
                0x00000000080008e0       0x30 ./Core/Src/lcd.o
 .text.lcd_clear
                0x0000000008000910       0x14 ./Core/Src/lcd.o
                0x0000000008000910                lcd_clear
 .text.lcd_update_cur
                0x0000000008000924       0x3e ./Core/Src/lcd.o
                0x0000000008000924                lcd_update_cur
 .text.lcd_init
                0x0000000008000962       0x74 ./Core/Src/lcd.o
                0x0000000008000962                lcd_init
 .text.lcd_write_string
                0x00000000080009d6       0x2a ./Core/Src/lcd.o
                0x00000000080009d6                lcd_write_string
 .text.display_song_info
                0x0000000008000a00       0x78 ./Core/Src/main.o
 .text.update_volume_display
                0x0000000008000a78       0x38 ./Core/Src/main.o
 .text.main     0x0000000008000ab0      0x220 ./Core/Src/main.o
                0x0000000008000ab0                main
 .text.SystemClock_Config
                0x0000000008000cd0       0xd4 ./Core/Src/main.o
                0x0000000008000cd0                SystemClock_Config
 .text.MX_DAC_Init
                0x0000000008000da4       0x54 ./Core/Src/main.o
 .text.MX_I2C1_Init
                0x0000000008000df8       0x5c ./Core/Src/main.o
 .text.MX_I2S3_Init
                0x0000000008000e54       0x5c ./Core/Src/main.o
 .text.MX_TIM1_Init
                0x0000000008000eb0       0xa0 ./Core/Src/main.o
 .text.MX_DMA_Init
                0x0000000008000f50       0x40 ./Core/Src/main.o
 .text.MX_GPIO_Init
                0x0000000008000f90      0x1e0 ./Core/Src/main.o
 .text.HAL_GPIO_EXTI_Callback
                0x0000000008001170       0xec ./Core/Src/main.o
                0x0000000008001170                HAL_GPIO_EXTI_Callback
 .text.Error_Handler
                0x000000000800125c        0xa ./Core/Src/main.o
                0x000000000800125c                Error_Handler
 *fill*         0x0000000008001266        0x2 
 .text.HAL_MspInit
                0x0000000008001268       0x50 ./Core/Src/stm32f4xx_hal_msp.o
                0x0000000008001268                HAL_MspInit
 .text.HAL_DAC_MspInit
                0x00000000080012b8       0x88 ./Core/Src/stm32f4xx_hal_msp.o
                0x00000000080012b8                HAL_DAC_MspInit
 .text.HAL_I2C_MspInit
                0x0000000008001340       0x90 ./Core/Src/stm32f4xx_hal_msp.o
                0x0000000008001340                HAL_I2C_MspInit
 .text.HAL_I2S_MspInit
                0x00000000080013d0      0x17c ./Core/Src/stm32f4xx_hal_msp.o
                0x00000000080013d0                HAL_I2S_MspInit
 .text.HAL_TIM_Base_MspInit
                0x000000000800154c       0x44 ./Core/Src/stm32f4xx_hal_msp.o
                0x000000000800154c                HAL_TIM_Base_MspInit
 .text.NMI_Handler
                0x0000000008001590        0x6 ./Core/Src/stm32f4xx_it.o
                0x0000000008001590                NMI_Handler
 .text.HardFault_Handler
                0x0000000008001596        0x6 ./Core/Src/stm32f4xx_it.o
                0x0000000008001596                HardFault_Handler
 .text.MemManage_Handler
                0x000000000800159c        0x6 ./Core/Src/stm32f4xx_it.o
                0x000000000800159c                MemManage_Handler
 .text.BusFault_Handler
                0x00000000080015a2        0x6 ./Core/Src/stm32f4xx_it.o
                0x00000000080015a2                BusFault_Handler
 .text.UsageFault_Handler
                0x00000000080015a8        0x6 ./Core/Src/stm32f4xx_it.o
                0x00000000080015a8                UsageFault_Handler
 .text.SVC_Handler
                0x00000000080015ae        0xe ./Core/Src/stm32f4xx_it.o
                0x00000000080015ae                SVC_Handler
 .text.DebugMon_Handler
                0x00000000080015bc        0xe ./Core/Src/stm32f4xx_it.o
                0x00000000080015bc                DebugMon_Handler
 .text.PendSV_Handler
                0x00000000080015ca        0xe ./Core/Src/stm32f4xx_it.o
                0x00000000080015ca                PendSV_Handler
 .text.SysTick_Handler
                0x00000000080015d8        0xc ./Core/Src/stm32f4xx_it.o
                0x00000000080015d8                SysTick_Handler
 .text.EXTI1_IRQHandler
                0x00000000080015e4        0xe ./Core/Src/stm32f4xx_it.o
                0x00000000080015e4                EXTI1_IRQHandler
 .text.EXTI2_IRQHandler
                0x00000000080015f2        0xe ./Core/Src/stm32f4xx_it.o
                0x00000000080015f2                EXTI2_IRQHandler
 .text.EXTI3_IRQHandler
                0x0000000008001600        0xe ./Core/Src/stm32f4xx_it.o
                0x0000000008001600                EXTI3_IRQHandler
 .text.EXTI4_IRQHandler
                0x000000000800160e        0xe ./Core/Src/stm32f4xx_it.o
                0x000000000800160e                EXTI4_IRQHandler
 .text.DMA1_Stream5_IRQHandler
                0x000000000800161c       0x14 ./Core/Src/stm32f4xx_it.o
                0x000000000800161c                DMA1_Stream5_IRQHandler
 .text.OTG_FS_IRQHandler
                0x0000000008001630       0x14 ./Core/Src/stm32f4xx_it.o
                0x0000000008001630                OTG_FS_IRQHandler
 .text._sbrk    0x0000000008001644       0x6c ./Core/Src/sysmem.o
                0x0000000008001644                _sbrk
 .text.SystemInit
                0x00000000080016b0       0x24 ./Core/Src/system_stm32f4xx.o
                0x00000000080016b0                SystemInit
 .text.get_I2S_freq_index
                0x00000000080016d4       0x44 ./Core/Src/wav_player.o
 .text.audio_clock_config
                0x0000000008001718       0x60 ./Core/Src/wav_player.o
 .text.wavPlayer_reset
                0x0000000008001778       0x38 ./Core/Src/wav_player.o
                0x0000000008001778                wavPlayer_reset
 .text.wavPlayer_openFile
                0x00000000080017b0       0x54 ./Core/Src/wav_player.o
                0x00000000080017b0                wavPlayer_openFile
 .text.wavPlayer_play
                0x0000000008001804       0x7c ./Core/Src/wav_player.o
                0x0000000008001804                wavPlayer_play
 .text.wavPlayer_proceed
                0x0000000008001880       0xe4 ./Core/Src/wav_player.o
                0x0000000008001880                wavPlayer_proceed
 .text.wavPlayer_stop
                0x0000000008001964       0x30 ./Core/Src/wav_player.o
                0x0000000008001964                wavPlayer_stop
 .text.wavPlayer_pause
                0x0000000008001994       0x1c ./Core/Src/wav_player.o
                0x0000000008001994                wavPlayer_pause
 .text.wavPlayer_resume
                0x00000000080019b0       0x1c ./Core/Src/wav_player.o
                0x00000000080019b0                wavPlayer_resume
 .text.wavPlayer_setVolume
                0x00000000080019cc       0x1a ./Core/Src/wav_player.o
                0x00000000080019cc                wavPlayer_setVolume
 *fill*         0x00000000080019e6        0x2 
 .text.is_wavPlayer_finishedPlaying
                0x00000000080019e8       0x18 ./Core/Src/wav_player.o
                0x00000000080019e8                is_wavPlayer_finishedPlaying
 .text.audioI2S_halfTransfer_Callback
                0x0000000008001a00       0x18 ./Core/Src/wav_player.o
                0x0000000008001a00                audioI2S_halfTransfer_Callback
 .text.audioI2S_fullTransfer_Callback
                0x0000000008001a18       0x18 ./Core/Src/wav_player.o
                0x0000000008001a18                audioI2S_fullTransfer_Callback
 .text.HAL_I2S_TxCpltCallback
                0x0000000008001a30       0x24 ./Core/Src/wav_player.o
                0x0000000008001a30                HAL_I2S_TxCpltCallback
 .text.HAL_I2S_TxHalfCpltCallback
                0x0000000008001a54       0x24 ./Core/Src/wav_player.o
                0x0000000008001a54                HAL_I2S_TxHalfCpltCallback
 .text.Reset_Handler
                0x0000000008001a78       0x50 ./Core/Startup/startup_stm32f407vgtx.o
                0x0000000008001a78                Reset_Handler
 .text.Default_Handler
                0x0000000008001ac8        0x2 ./Core/Startup/startup_stm32f407vgtx.o
                0x0000000008001ac8                RTC_Alarm_IRQHandler
                0x0000000008001ac8                HASH_RNG_IRQHandler
                0x0000000008001ac8                TIM8_CC_IRQHandler
                0x0000000008001ac8                TIM1_CC_IRQHandler
                0x0000000008001ac8                DMA2_Stream5_IRQHandler
                0x0000000008001ac8                PVD_IRQHandler
                0x0000000008001ac8                SDIO_IRQHandler
                0x0000000008001ac8                TAMP_STAMP_IRQHandler
                0x0000000008001ac8                CAN2_RX1_IRQHandler
                0x0000000008001ac8                TIM8_TRG_COM_TIM14_IRQHandler
                0x0000000008001ac8                TIM1_UP_TIM10_IRQHandler
                0x0000000008001ac8                TIM8_UP_TIM13_IRQHandler
                0x0000000008001ac8                I2C3_ER_IRQHandler
                0x0000000008001ac8                EXTI0_IRQHandler
                0x0000000008001ac8                I2C2_EV_IRQHandler
                0x0000000008001ac8                DMA1_Stream2_IRQHandler
                0x0000000008001ac8                CAN1_RX0_IRQHandler
                0x0000000008001ac8                FPU_IRQHandler
                0x0000000008001ac8                OTG_HS_WKUP_IRQHandler
                0x0000000008001ac8                CAN2_SCE_IRQHandler
                0x0000000008001ac8                DMA2_Stream2_IRQHandler
                0x0000000008001ac8                SPI1_IRQHandler
                0x0000000008001ac8                TIM6_DAC_IRQHandler
                0x0000000008001ac8                TIM1_BRK_TIM9_IRQHandler
                0x0000000008001ac8                DCMI_IRQHandler
                0x0000000008001ac8                CAN2_RX0_IRQHandler
                0x0000000008001ac8                DMA2_Stream3_IRQHandler
                0x0000000008001ac8                USART6_IRQHandler
                0x0000000008001ac8                USART3_IRQHandler
                0x0000000008001ac8                CAN1_RX1_IRQHandler
                0x0000000008001ac8                UART5_IRQHandler
                0x0000000008001ac8                DMA2_Stream0_IRQHandler
                0x0000000008001ac8                TIM4_IRQHandler
                0x0000000008001ac8                I2C1_EV_IRQHandler
                0x0000000008001ac8                DMA1_Stream6_IRQHandler
                0x0000000008001ac8                DMA1_Stream1_IRQHandler
                0x0000000008001ac8                UART4_IRQHandler
                0x0000000008001ac8                TIM3_IRQHandler
                0x0000000008001ac8                RCC_IRQHandler
                0x0000000008001ac8                TIM8_BRK_TIM12_IRQHandler
                0x0000000008001ac8                Default_Handler
                0x0000000008001ac8                EXTI15_10_IRQHandler
                0x0000000008001ac8                ADC_IRQHandler
                0x0000000008001ac8                DMA1_Stream7_IRQHandler
                0x0000000008001ac8                TIM7_IRQHandler
                0x0000000008001ac8                CAN2_TX_IRQHandler
                0x0000000008001ac8                TIM5_IRQHandler
                0x0000000008001ac8                DMA2_Stream7_IRQHandler
                0x0000000008001ac8                I2C3_EV_IRQHandler
                0x0000000008001ac8                EXTI9_5_IRQHandler
                0x0000000008001ac8                RTC_WKUP_IRQHandler
                0x0000000008001ac8                ETH_WKUP_IRQHandler
                0x0000000008001ac8                SPI2_IRQHandler
                0x0000000008001ac8                OTG_HS_EP1_IN_IRQHandler
                0x0000000008001ac8                DMA1_Stream0_IRQHandler
                0x0000000008001ac8                CAN1_TX_IRQHandler
                0x0000000008001ac8                FSMC_IRQHandler
                0x0000000008001ac8                ETH_IRQHandler
                0x0000000008001ac8                OTG_HS_EP1_OUT_IRQHandler
                0x0000000008001ac8                WWDG_IRQHandler
                0x0000000008001ac8                TIM2_IRQHandler
                0x0000000008001ac8                OTG_FS_WKUP_IRQHandler
                0x0000000008001ac8                TIM1_TRG_COM_TIM11_IRQHandler
                0x0000000008001ac8                OTG_HS_IRQHandler
                0x0000000008001ac8                USART2_IRQHandler
                0x0000000008001ac8                I2C2_ER_IRQHandler
                0x0000000008001ac8                DMA2_Stream1_IRQHandler
                0x0000000008001ac8                CAN1_SCE_IRQHandler
                0x0000000008001ac8                FLASH_IRQHandler
                0x0000000008001ac8                DMA2_Stream4_IRQHandler
                0x0000000008001ac8                USART1_IRQHandler
                0x0000000008001ac8                SPI3_IRQHandler
                0x0000000008001ac8                DMA1_Stream4_IRQHandler
                0x0000000008001ac8                I2C1_ER_IRQHandler
                0x0000000008001ac8                DMA2_Stream6_IRQHandler
                0x0000000008001ac8                DMA1_Stream3_IRQHandler
 *fill*         0x0000000008001aca        0x2 
 .text.HAL_Init
                0x0000000008001acc       0x44 ./Drivers/STM32F4xx_HAL_Driver/Src/stm32f4xx_hal.o
                0x0000000008001acc                HAL_Init
 .text.HAL_InitTick
                0x0000000008001b10       0x60 ./Drivers/STM32F4xx_HAL_Driver/Src/stm32f4xx_hal.o
                0x0000000008001b10                HAL_InitTick
 .text.HAL_IncTick
                0x0000000008001b70       0x28 ./Drivers/STM32F4xx_HAL_Driver/Src/stm32f4xx_hal.o
                0x0000000008001b70                HAL_IncTick
 .text.HAL_GetTick
                0x0000000008001b98       0x18 ./Drivers/STM32F4xx_HAL_Driver/Src/stm32f4xx_hal.o
                0x0000000008001b98                HAL_GetTick
 .text.HAL_Delay
                0x0000000008001bb0       0x48 ./Drivers/STM32F4xx_HAL_Driver/Src/stm32f4xx_hal.o
                0x0000000008001bb0                HAL_Delay
 .text.__NVIC_SetPriorityGrouping
                0x0000000008001bf8       0x48 ./Drivers/STM32F4xx_HAL_Driver/Src/stm32f4xx_hal_cortex.o
 .text.__NVIC_GetPriorityGrouping
                0x0000000008001c40       0x1c ./Drivers/STM32F4xx_HAL_Driver/Src/stm32f4xx_hal_cortex.o
 .text.__NVIC_EnableIRQ
                0x0000000008001c5c       0x3c ./Drivers/STM32F4xx_HAL_Driver/Src/stm32f4xx_hal_cortex.o
 .text.__NVIC_SetPriority
                0x0000000008001c98       0x54 ./Drivers/STM32F4xx_HAL_Driver/Src/stm32f4xx_hal_cortex.o
 .text.NVIC_EncodePriority
                0x0000000008001cec       0x66 ./Drivers/STM32F4xx_HAL_Driver/Src/stm32f4xx_hal_cortex.o
 *fill*         0x0000000008001d52        0x2 
 .text.SysTick_Config
                0x0000000008001d54       0x44 ./Drivers/STM32F4xx_HAL_Driver/Src/stm32f4xx_hal_cortex.o
 .text.HAL_NVIC_SetPriorityGrouping
                0x0000000008001d98       0x16 ./Drivers/STM32F4xx_HAL_Driver/Src/stm32f4xx_hal_cortex.o
                0x0000000008001d98                HAL_NVIC_SetPriorityGrouping
 .text.HAL_NVIC_SetPriority
                0x0000000008001dae       0x38 ./Drivers/STM32F4xx_HAL_Driver/Src/stm32f4xx_hal_cortex.o
                0x0000000008001dae                HAL_NVIC_SetPriority
 .text.HAL_NVIC_EnableIRQ
                0x0000000008001de6       0x1c ./Drivers/STM32F4xx_HAL_Driver/Src/stm32f4xx_hal_cortex.o
                0x0000000008001de6                HAL_NVIC_EnableIRQ
 .text.HAL_SYSTICK_Config
                0x0000000008001e02       0x18 ./Drivers/STM32F4xx_HAL_Driver/Src/stm32f4xx_hal_cortex.o
                0x0000000008001e02                HAL_SYSTICK_Config
 .text.HAL_DAC_Init
                0x0000000008001e1a       0x44 ./Drivers/STM32F4xx_HAL_Driver/Src/stm32f4xx_hal_dac.o
                0x0000000008001e1a                HAL_DAC_Init
 .text.HAL_DAC_ConfigChannel
                0x0000000008001e5e       0x9e ./Drivers/STM32F4xx_HAL_Driver/Src/stm32f4xx_hal_dac.o
                0x0000000008001e5e                HAL_DAC_ConfigChannel
 .text.HAL_DMA_Init
                0x0000000008001efc      0x15c ./Drivers/STM32F4xx_HAL_Driver/Src/stm32f4xx_hal_dma.o
                0x0000000008001efc                HAL_DMA_Init
 .text.HAL_DMA_Start_IT
                0x0000000008002058       0xb0 ./Drivers/STM32F4xx_HAL_Driver/Src/stm32f4xx_hal_dma.o
                0x0000000008002058                HAL_DMA_Start_IT
 .text.HAL_DMA_Abort
                0x0000000008002108       0xe0 ./Drivers/STM32F4xx_HAL_Driver/Src/stm32f4xx_hal_dma.o
                0x0000000008002108                HAL_DMA_Abort
 .text.HAL_DMA_IRQHandler
                0x00000000080021e8      0x314 ./Drivers/STM32F4xx_HAL_Driver/Src/stm32f4xx_hal_dma.o
                0x00000000080021e8                HAL_DMA_IRQHandler
 .text.DMA_SetConfig
                0x00000000080024fc       0x5c ./Drivers/STM32F4xx_HAL_Driver/Src/stm32f4xx_hal_dma.o
 .text.DMA_CalcBaseAndBitshift
                0x0000000008002558       0x6c ./Drivers/STM32F4xx_HAL_Driver/Src/stm32f4xx_hal_dma.o
 .text.DMA_CheckFifoParam
                0x00000000080025c4       0xf8 ./Drivers/STM32F4xx_HAL_Driver/Src/stm32f4xx_hal_dma.o
 .text.HAL_GPIO_Init
                0x00000000080026bc      0x338 ./Drivers/STM32F4xx_HAL_Driver/Src/stm32f4xx_hal_gpio.o
                0x00000000080026bc                HAL_GPIO_Init
 .text.HAL_GPIO_ReadPin
                0x00000000080029f4       0x30 ./Drivers/STM32F4xx_HAL_Driver/Src/stm32f4xx_hal_gpio.o
                0x00000000080029f4                HAL_GPIO_ReadPin
 .text.HAL_GPIO_WritePin
                0x0000000008002a24       0x32 ./Drivers/STM32F4xx_HAL_Driver/Src/stm32f4xx_hal_gpio.o
                0x0000000008002a24                HAL_GPIO_WritePin
 .text.HAL_GPIO_TogglePin
                0x0000000008002a56       0x34 ./Drivers/STM32F4xx_HAL_Driver/Src/stm32f4xx_hal_gpio.o
                0x0000000008002a56                HAL_GPIO_TogglePin
 *fill*         0x0000000008002a8a        0x2 
 .text.HAL_GPIO_EXTI_IRQHandler
                0x0000000008002a8c       0x30 ./Drivers/STM32F4xx_HAL_Driver/Src/stm32f4xx_hal_gpio.o
                0x0000000008002a8c                HAL_GPIO_EXTI_IRQHandler
 .text.HAL_HCD_Init
                0x0000000008002abc       0xc4 ./Drivers/STM32F4xx_HAL_Driver/Src/stm32f4xx_hal_hcd.o
                0x0000000008002abc                HAL_HCD_Init
 .text.HAL_HCD_HC_Init
                0x0000000008002b80      0x11e ./Drivers/STM32F4xx_HAL_Driver/Src/stm32f4xx_hal_hcd.o
                0x0000000008002b80                HAL_HCD_HC_Init
 .text.HAL_HCD_HC_Halt
                0x0000000008002c9e       0x46 ./Drivers/STM32F4xx_HAL_Driver/Src/stm32f4xx_hal_hcd.o
                0x0000000008002c9e                HAL_HCD_HC_Halt
 .text.HAL_HCD_HC_SubmitRequest
                0x0000000008002ce4      0x2ac ./Drivers/STM32F4xx_HAL_Driver/Src/stm32f4xx_hal_hcd.o
                0x0000000008002ce4                HAL_HCD_HC_SubmitRequest
 .text.HAL_HCD_IRQHandler
                0x0000000008002f90      0x216 ./Drivers/STM32F4xx_HAL_Driver/Src/stm32f4xx_hal_hcd.o
                0x0000000008002f90                HAL_HCD_IRQHandler
 .text.HAL_HCD_Start
                0x00000000080031a6       0x46 ./Drivers/STM32F4xx_HAL_Driver/Src/stm32f4xx_hal_hcd.o
                0x00000000080031a6                HAL_HCD_Start
 .text.HAL_HCD_Stop
                0x00000000080031ec       0x3a ./Drivers/STM32F4xx_HAL_Driver/Src/stm32f4xx_hal_hcd.o
                0x00000000080031ec                HAL_HCD_Stop
 .text.HAL_HCD_ResetPort
                0x0000000008003226       0x1c ./Drivers/STM32F4xx_HAL_Driver/Src/stm32f4xx_hal_hcd.o
                0x0000000008003226                HAL_HCD_ResetPort
 .text.HAL_HCD_HC_GetURBState
                0x0000000008003242       0x28 ./Drivers/STM32F4xx_HAL_Driver/Src/stm32f4xx_hal_hcd.o
                0x0000000008003242                HAL_HCD_HC_GetURBState
 .text.HAL_HCD_HC_GetXferCount
                0x000000000800326a       0x28 ./Drivers/STM32F4xx_HAL_Driver/Src/stm32f4xx_hal_hcd.o
                0x000000000800326a                HAL_HCD_HC_GetXferCount
 .text.HAL_HCD_GetCurrentFrame
                0x0000000008003292       0x1c ./Drivers/STM32F4xx_HAL_Driver/Src/stm32f4xx_hal_hcd.o
                0x0000000008003292                HAL_HCD_GetCurrentFrame
 .text.HAL_HCD_GetCurrentSpeed
                0x00000000080032ae       0x1c ./Drivers/STM32F4xx_HAL_Driver/Src/stm32f4xx_hal_hcd.o
                0x00000000080032ae                HAL_HCD_GetCurrentSpeed
 .text.HCD_HC_IN_IRQHandler
                0x00000000080032ca      0x6aa ./Drivers/STM32F4xx_HAL_Driver/Src/stm32f4xx_hal_hcd.o
 .text.HCD_HC_OUT_IRQHandler
                0x0000000008003974      0x6d2 ./Drivers/STM32F4xx_HAL_Driver/Src/stm32f4xx_hal_hcd.o
 .text.HCD_RXQLVL_IRQHandler
                0x0000000008004046      0x1a4 ./Drivers/STM32F4xx_HAL_Driver/Src/stm32f4xx_hal_hcd.o
 .text.HCD_Port_IRQHandler
                0x00000000080041ea       0xe6 ./Drivers/STM32F4xx_HAL_Driver/Src/stm32f4xx_hal_hcd.o
 .text.HAL_I2C_Init
                0x00000000080042d0      0x288 ./Drivers/STM32F4xx_HAL_Driver/Src/stm32f4xx_hal_i2c.o
                0x00000000080042d0                HAL_I2C_Init
 .text.HAL_I2C_Master_Transmit
                0x0000000008004558      0x1fc ./Drivers/STM32F4xx_HAL_Driver/Src/stm32f4xx_hal_i2c.o
                0x0000000008004558                HAL_I2C_Master_Transmit
 .text.HAL_I2C_Master_Receive
                0x0000000008004754      0x44c ./Drivers/STM32F4xx_HAL_Driver/Src/stm32f4xx_hal_i2c.o
                0x0000000008004754                HAL_I2C_Master_Receive
 .text.I2C_MasterRequestWrite
                0x0000000008004ba0      0x104 ./Drivers/STM32F4xx_HAL_Driver/Src/stm32f4xx_hal_i2c.o
 .text.I2C_MasterRequestRead
                0x0000000008004ca4      0x19c ./Drivers/STM32F4xx_HAL_Driver/Src/stm32f4xx_hal_i2c.o
 .text.I2C_WaitOnFlagUntilTimeout
                0x0000000008004e40       0xae ./Drivers/STM32F4xx_HAL_Driver/Src/stm32f4xx_hal_i2c.o
 .text.I2C_WaitOnMasterAddressFlagUntilTimeout
                0x0000000008004eee       0xfe ./Drivers/STM32F4xx_HAL_Driver/Src/stm32f4xx_hal_i2c.o
 .text.I2C_WaitOnTXEFlagUntilTimeout
                0x0000000008004fec       0x82 ./Drivers/STM32F4xx_HAL_Driver/Src/stm32f4xx_hal_i2c.o
 .text.I2C_WaitOnBTFFlagUntilTimeout
                0x000000000800506e       0x82 ./Drivers/STM32F4xx_HAL_Driver/Src/stm32f4xx_hal_i2c.o
 .text.I2C_WaitOnRXNEFlagUntilTimeout
                0x00000000080050f0       0xac ./Drivers/STM32F4xx_HAL_Driver/Src/stm32f4xx_hal_i2c.o
 .text.I2C_IsAcknowledgeFailed
                0x000000000800519c       0x5e ./Drivers/STM32F4xx_HAL_Driver/Src/stm32f4xx_hal_i2c.o
 *fill*         0x00000000080051fa        0x2 
 .text.HAL_I2S_Init
                0x00000000080051fc      0x280 ./Drivers/STM32F4xx_HAL_Driver/Src/stm32f4xx_hal_i2s.o
                0x00000000080051fc                HAL_I2S_Init
 .text.HAL_I2S_Transmit_DMA
                0x000000000800547c      0x150 ./Drivers/STM32F4xx_HAL_Driver/Src/stm32f4xx_hal_i2s.o
                0x000000000800547c                HAL_I2S_Transmit_DMA
 .text.HAL_I2S_DMAPause
                0x00000000080055cc       0xc4 ./Drivers/STM32F4xx_HAL_Driver/Src/stm32f4xx_hal_i2s.o
                0x00000000080055cc                HAL_I2S_DMAPause
 .text.HAL_I2S_DMAResume
                0x0000000008005690      0x128 ./Drivers/STM32F4xx_HAL_Driver/Src/stm32f4xx_hal_i2s.o
                0x0000000008005690                HAL_I2S_DMAResume
 .text.HAL_I2S_DMAStop
                0x00000000080057b8      0x3b4 ./Drivers/STM32F4xx_HAL_Driver/Src/stm32f4xx_hal_i2s.o
                0x00000000080057b8                HAL_I2S_DMAStop
 .text.HAL_I2S_RxCpltCallback
                0x0000000008005b6c       0x14 ./Drivers/STM32F4xx_HAL_Driver/Src/stm32f4xx_hal_i2s.o
                0x0000000008005b6c                HAL_I2S_RxCpltCallback
 .text.HAL_I2S_ErrorCallback
                0x0000000008005b80       0x14 ./Drivers/STM32F4xx_HAL_Driver/Src/stm32f4xx_hal_i2s.o
                0x0000000008005b80                HAL_I2S_ErrorCallback
 .text.I2S_DMATxCplt
                0x0000000008005b94       0x42 ./Drivers/STM32F4xx_HAL_Driver/Src/stm32f4xx_hal_i2s.o
 .text.I2S_DMATxHalfCplt
                0x0000000008005bd6       0x1c ./Drivers/STM32F4xx_HAL_Driver/Src/stm32f4xx_hal_i2s.o
 .text.I2S_DMAError
                0x0000000008005bf2       0x4c ./Drivers/STM32F4xx_HAL_Driver/Src/stm32f4xx_hal_i2s.o
 .text.I2S_Transmit_IT
                0x0000000008005c3e       0x5c ./Drivers/STM32F4xx_HAL_Driver/Src/stm32f4xx_hal_i2s.o
 .text.I2S_Receive_IT
                0x0000000008005c9a       0x5e ./Drivers/STM32F4xx_HAL_Driver/Src/stm32f4xx_hal_i2s.o
 .text.I2S_IRQHandler
                0x0000000008005cf8      0x114 ./Drivers/STM32F4xx_HAL_Driver/Src/stm32f4xx_hal_i2s.o
 .text.I2S_WaitFlagStateUntilTimeout
                0x0000000008005e0c       0x72 ./Drivers/STM32F4xx_HAL_Driver/Src/stm32f4xx_hal_i2s.o
 *fill*         0x0000000008005e7e        0x2 
 .text.HAL_I2SEx_FullDuplex_IRQHandler
                0x0000000008005e80      0x2a8 ./Drivers/STM32F4xx_HAL_Driver/Src/stm32f4xx_hal_i2s_ex.o
                0x0000000008005e80                HAL_I2SEx_FullDuplex_IRQHandler
 .text.HAL_I2SEx_TxRxCpltCallback
                0x0000000008006128       0x14 ./Drivers/STM32F4xx_HAL_Driver/Src/stm32f4xx_hal_i2s_ex.o
                0x0000000008006128                HAL_I2SEx_TxRxCpltCallback
 .text.I2SEx_TxISR_I2S
                0x000000000800613c       0x62 ./Drivers/STM32F4xx_HAL_Driver/Src/stm32f4xx_hal_i2s_ex.o
 *fill*         0x000000000800619e        0x2 
 .text.I2SEx_TxISR_I2SExt
                0x00000000080061a0       0x98 ./Drivers/STM32F4xx_HAL_Driver/Src/stm32f4xx_hal_i2s_ex.o
 .text.I2SEx_RxISR_I2S
                0x0000000008006238       0x64 ./Drivers/STM32F4xx_HAL_Driver/Src/stm32f4xx_hal_i2s_ex.o
 .text.I2SEx_RxISR_I2SExt
                0x000000000800629c       0x98 ./Drivers/STM32F4xx_HAL_Driver/Src/stm32f4xx_hal_i2s_ex.o
 .text.HAL_RCC_OscConfig
                0x0000000008006334      0x4f0 ./Drivers/STM32F4xx_HAL_Driver/Src/stm32f4xx_hal_rcc.o
                0x0000000008006334                HAL_RCC_OscConfig
 .text.HAL_RCC_ClockConfig
                0x0000000008006824      0x1cc ./Drivers/STM32F4xx_HAL_Driver/Src/stm32f4xx_hal_rcc.o
                0x0000000008006824                HAL_RCC_ClockConfig
 .text.HAL_RCC_GetSysClockFreq
                0x00000000080069f0      0x20c ./Drivers/STM32F4xx_HAL_Driver/Src/stm32f4xx_hal_rcc.o
                0x00000000080069f0                HAL_RCC_GetSysClockFreq
 .text.HAL_RCC_GetHCLKFreq
                0x0000000008006bfc       0x18 ./Drivers/STM32F4xx_HAL_Driver/Src/stm32f4xx_hal_rcc.o
                0x0000000008006bfc                HAL_RCC_GetHCLKFreq
 .text.HAL_RCC_GetPCLK1Freq
                0x0000000008006c14       0x28 ./Drivers/STM32F4xx_HAL_Driver/Src/stm32f4xx_hal_rcc.o
                0x0000000008006c14                HAL_RCC_GetPCLK1Freq
 .text.HAL_RCCEx_PeriphCLKConfig
                0x0000000008006c3c      0x1c4 ./Drivers/STM32F4xx_HAL_Driver/Src/stm32f4xx_hal_rcc_ex.o
                0x0000000008006c3c                HAL_RCCEx_PeriphCLKConfig
 .text.HAL_RCCEx_GetPeriphCLKConfig
                0x0000000008006e00       0x58 ./Drivers/STM32F4xx_HAL_Driver/Src/stm32f4xx_hal_rcc_ex.o
                0x0000000008006e00                HAL_RCCEx_GetPeriphCLKConfig
 .text.HAL_RCCEx_GetPeriphCLKFreq
                0x0000000008006e58       0xbc ./Drivers/STM32F4xx_HAL_Driver/Src/stm32f4xx_hal_rcc_ex.o
                0x0000000008006e58                HAL_RCCEx_GetPeriphCLKFreq
 .text.HAL_TIM_Base_Init
                0x0000000008006f14       0x9e ./Drivers/STM32F4xx_HAL_Driver/Src/stm32f4xx_hal_tim.o
                0x0000000008006f14                HAL_TIM_Base_Init
 *fill*         0x0000000008006fb2        0x2 
 .text.HAL_TIM_Base_Start
                0x0000000008006fb4       0xd0 ./Drivers/STM32F4xx_HAL_Driver/Src/stm32f4xx_hal_tim.o
                0x0000000008006fb4                HAL_TIM_Base_Start
 .text.HAL_TIM_ConfigClockSource
                0x0000000008007084      0x18e ./Drivers/STM32F4xx_HAL_Driver/Src/stm32f4xx_hal_tim.o
                0x0000000008007084                HAL_TIM_ConfigClockSource
 *fill*         0x0000000008007212        0x2 
 .text.TIM_Base_SetConfig
                0x0000000008007214      0x140 ./Drivers/STM32F4xx_HAL_Driver/Src/stm32f4xx_hal_tim.o
                0x0000000008007214                TIM_Base_SetConfig
 .text.TIM_TI1_ConfigInputStage
                0x0000000008007354       0x5e ./Drivers/STM32F4xx_HAL_Driver/Src/stm32f4xx_hal_tim.o
 .text.TIM_TI2_ConfigInputStage
                0x00000000080073b2       0x60 ./Drivers/STM32F4xx_HAL_Driver/Src/stm32f4xx_hal_tim.o
 .text.TIM_ITRx_SetConfig
                0x0000000008007412       0x36 ./Drivers/STM32F4xx_HAL_Driver/Src/stm32f4xx_hal_tim.o
 .text.TIM_ETR_SetConfig
                0x0000000008007448       0x40 ./Drivers/STM32F4xx_HAL_Driver/Src/stm32f4xx_hal_tim.o
                0x0000000008007448                TIM_ETR_SetConfig
 .text.HAL_TIMEx_MasterConfigSynchronization
                0x0000000008007488       0xf8 ./Drivers/STM32F4xx_HAL_Driver/Src/stm32f4xx_hal_tim_ex.o
                0x0000000008007488                HAL_TIMEx_MasterConfigSynchronization
 .text.USB_CoreInit
                0x0000000008007580       0xc2 ./Drivers/STM32F4xx_HAL_Driver/Src/stm32f4xx_ll_usb.o
                0x0000000008007580                USB_CoreInit
 .text.USB_EnableGlobalInt
                0x0000000008007642       0x22 ./Drivers/STM32F4xx_HAL_Driver/Src/stm32f4xx_ll_usb.o
                0x0000000008007642                USB_EnableGlobalInt
 .text.USB_DisableGlobalInt
                0x0000000008007664       0x22 ./Drivers/STM32F4xx_HAL_Driver/Src/stm32f4xx_ll_usb.o
                0x0000000008007664                USB_DisableGlobalInt
 .text.USB_SetCurrentMode
                0x0000000008007686       0x98 ./Drivers/STM32F4xx_HAL_Driver/Src/stm32f4xx_ll_usb.o
                0x0000000008007686                USB_SetCurrentMode
 *fill*         0x000000000800771e        0x2 
 .text.USB_FlushTxFifo
                0x0000000008007720       0x68 ./Drivers/STM32F4xx_HAL_Driver/Src/stm32f4xx_ll_usb.o
                0x0000000008007720                USB_FlushTxFifo
 .text.USB_FlushRxFifo
                0x0000000008007788       0x60 ./Drivers/STM32F4xx_HAL_Driver/Src/stm32f4xx_ll_usb.o
                0x0000000008007788                USB_FlushRxFifo
 .text.USB_WritePacket
                0x00000000080077e8       0x7c ./Drivers/STM32F4xx_HAL_Driver/Src/stm32f4xx_ll_usb.o
                0x00000000080077e8                USB_WritePacket
 .text.USB_ReadPacket
                0x0000000008007864       0xb0 ./Drivers/STM32F4xx_HAL_Driver/Src/stm32f4xx_ll_usb.o
                0x0000000008007864                USB_ReadPacket
 .text.USB_ReadInterrupts
                0x0000000008007914       0x26 ./Drivers/STM32F4xx_HAL_Driver/Src/stm32f4xx_ll_usb.o
                0x0000000008007914                USB_ReadInterrupts
 .text.USB_GetMode
                0x000000000800793a       0x1c ./Drivers/STM32F4xx_HAL_Driver/Src/stm32f4xx_ll_usb.o
                0x000000000800793a                USB_GetMode
 *fill*         0x0000000008007956        0x2 
 .text.USB_CoreReset
                0x0000000008007958       0x68 ./Drivers/STM32F4xx_HAL_Driver/Src/stm32f4xx_ll_usb.o
 .text.USB_HostInit
                0x00000000080079c0      0x180 ./Drivers/STM32F4xx_HAL_Driver/Src/stm32f4xx_ll_usb.o
                0x00000000080079c0                USB_HostInit
 .text.USB_InitFSLSPClkSel
                0x0000000008007b40       0x74 ./Drivers/STM32F4xx_HAL_Driver/Src/stm32f4xx_ll_usb.o
                0x0000000008007b40                USB_InitFSLSPClkSel
 .text.USB_ResetPort
                0x0000000008007bb4       0x54 ./Drivers/STM32F4xx_HAL_Driver/Src/stm32f4xx_ll_usb.o
                0x0000000008007bb4                USB_ResetPort
 .text.USB_DriveVbus
                0x0000000008007c08       0x72 ./Drivers/STM32F4xx_HAL_Driver/Src/stm32f4xx_ll_usb.o
                0x0000000008007c08                USB_DriveVbus
 .text.USB_GetHostSpeed
                0x0000000008007c7a       0x2e ./Drivers/STM32F4xx_HAL_Driver/Src/stm32f4xx_ll_usb.o
                0x0000000008007c7a                USB_GetHostSpeed
 .text.USB_GetCurrentFrame
                0x0000000008007ca8       0x22 ./Drivers/STM32F4xx_HAL_Driver/Src/stm32f4xx_ll_usb.o
                0x0000000008007ca8                USB_GetCurrentFrame
 *fill*         0x0000000008007cca        0x2 
 .text.USB_HC_Init
                0x0000000008007ccc      0x244 ./Drivers/STM32F4xx_HAL_Driver/Src/stm32f4xx_ll_usb.o
                0x0000000008007ccc                USB_HC_Init
 .text.USB_HC_StartXfer
                0x0000000008007f10      0x284 ./Drivers/STM32F4xx_HAL_Driver/Src/stm32f4xx_ll_usb.o
                0x0000000008007f10                USB_HC_StartXfer
 .text.USB_HC_ReadInterrupt
                0x0000000008008194       0x22 ./Drivers/STM32F4xx_HAL_Driver/Src/stm32f4xx_ll_usb.o
                0x0000000008008194                USB_HC_ReadInterrupt
 .text.USB_HC_Halt
                0x00000000080081b6      0x1f8 ./Drivers/STM32F4xx_HAL_Driver/Src/stm32f4xx_ll_usb.o
                0x00000000080081b6                USB_HC_Halt
 *fill*         0x00000000080083ae        0x2 
 .text.USB_DoPing
                0x00000000080083b0       0x78 ./Drivers/STM32F4xx_HAL_Driver/Src/stm32f4xx_ll_usb.o
                0x00000000080083b0                USB_DoPing
 .text.USB_StopHost
                0x0000000008008428      0x124 ./Drivers/STM32F4xx_HAL_Driver/Src/stm32f4xx_ll_usb.o
                0x0000000008008428                USB_StopHost
 .text.MX_FATFS_Init
                0x000000000800854c       0x24 ./FATFS/App/fatfs.o
                0x000000000800854c                MX_FATFS_Init
 .text.get_fattime
                0x0000000008008570       0x10 ./FATFS/App/fatfs.o
                0x0000000008008570                get_fattime
 .text.USBH_initialize
                0x0000000008008580       0x18 ./FATFS/Target/usbh_diskio.o
                0x0000000008008580                USBH_initialize
 .text.USBH_status
                0x0000000008008598       0x38 ./FATFS/Target/usbh_diskio.o
                0x0000000008008598                USBH_status
 .text.USBH_read
                0x00000000080085d0       0x74 ./FATFS/Target/usbh_diskio.o
                0x00000000080085d0                USBH_read
 .text.USBH_write
                0x0000000008008644       0x84 ./FATFS/Target/usbh_diskio.o
                0x0000000008008644                USBH_write
 .text.USBH_ioctl
                0x00000000080086c8       0xd8 ./FATFS/Target/usbh_diskio.o
                0x00000000080086c8                USBH_ioctl
 .text.USBH_MSC_InterfaceInit
                0x00000000080087a0      0x244 ./Middlewares/ST/STM32_USB_Host_Library/Class/MSC/Src/usbh_msc.o
 .text.USBH_MSC_InterfaceDeInit
                0x00000000080089e4       0x8c ./Middlewares/ST/STM32_USB_Host_Library/Class/MSC/Src/usbh_msc.o
 .text.USBH_MSC_ClassRequest
                0x0000000008008a70       0xce ./Middlewares/ST/STM32_USB_Host_Library/Class/MSC/Src/usbh_msc.o
 *fill*         0x0000000008008b3e        0x2 
 .text.USBH_MSC_Process
                0x0000000008008b40      0x520 ./Middlewares/ST/STM32_USB_Host_Library/Class/MSC/Src/usbh_msc.o
 .text.USBH_MSC_SOFProcess
                0x0000000008009060       0x16 ./Middlewares/ST/STM32_USB_Host_Library/Class/MSC/Src/usbh_msc.o
 .text.USBH_MSC_RdWrProcess
                0x0000000008009076      0x19e ./Middlewares/ST/STM32_USB_Host_Library/Class/MSC/Src/usbh_msc.o
 .text.USBH_MSC_UnitIsReady
                0x0000000008009214       0x4c ./Middlewares/ST/STM32_USB_Host_Library/Class/MSC/Src/usbh_msc.o
                0x0000000008009214                USBH_MSC_UnitIsReady
 .text.USBH_MSC_GetLUNInfo
                0x0000000008009260       0x48 ./Middlewares/ST/STM32_USB_Host_Library/Class/MSC/Src/usbh_msc.o
                0x0000000008009260                USBH_MSC_GetLUNInfo
 .text.USBH_MSC_Read
                0x00000000080092a8       0xd2 ./Middlewares/ST/STM32_USB_Host_Library/Class/MSC/Src/usbh_msc.o
                0x00000000080092a8                USBH_MSC_Read
 .text.USBH_MSC_Write
                0x000000000800937a       0xd2 ./Middlewares/ST/STM32_USB_Host_Library/Class/MSC/Src/usbh_msc.o
                0x000000000800937a                USBH_MSC_Write
 .text.USBH_MSC_BOT_REQ_Reset
                0x000000000800944c       0x3a ./Middlewares/ST/STM32_USB_Host_Library/Class/MSC/Src/usbh_msc_bot.o
                0x000000000800944c                USBH_MSC_BOT_REQ_Reset
 .text.USBH_MSC_BOT_REQ_GetMaxLUN
                0x0000000008009486       0x3c ./Middlewares/ST/STM32_USB_Host_Library/Class/MSC/Src/usbh_msc_bot.o
                0x0000000008009486                USBH_MSC_BOT_REQ_GetMaxLUN
 *fill*         0x00000000080094c2        0x2 
 .text.USBH_MSC_BOT_Init
                0x00000000080094c4       0x44 ./Middlewares/ST/STM32_USB_Host_Library/Class/MSC/Src/usbh_msc_bot.o
                0x00000000080094c4                USBH_MSC_BOT_Init
 .text.USBH_MSC_BOT_Process
                0x0000000008009508      0x39c ./Middlewares/ST/STM32_USB_Host_Library/Class/MSC/Src/usbh_msc_bot.o
                0x0000000008009508                USBH_MSC_BOT_Process
 .text.USBH_MSC_BOT_Abort
                0x00000000080098a4       0x58 ./Middlewares/ST/STM32_USB_Host_Library/Class/MSC/Src/usbh_msc_bot.o
 .text.USBH_MSC_DecodeCSW
                0x00000000080098fc       0x88 ./Middlewares/ST/STM32_USB_Host_Library/Class/MSC/Src/usbh_msc_bot.o
 .text.USBH_MSC_SCSI_TestUnitReady
                0x0000000008009984       0x86 ./Middlewares/ST/STM32_USB_Host_Library/Class/MSC/Src/usbh_msc_scsi.o
                0x0000000008009984                USBH_MSC_SCSI_TestUnitReady
 .text.USBH_MSC_SCSI_ReadCapacity
                0x0000000008009a0a       0xf6 ./Middlewares/ST/STM32_USB_Host_Library/Class/MSC/Src/usbh_msc_scsi.o
                0x0000000008009a0a                USBH_MSC_SCSI_ReadCapacity
 .text.USBH_MSC_SCSI_Inquiry
                0x0000000008009b00      0x14a ./Middlewares/ST/STM32_USB_Host_Library/Class/MSC/Src/usbh_msc_scsi.o
                0x0000000008009b00                USBH_MSC_SCSI_Inquiry
 .text.USBH_MSC_SCSI_RequestSense
                0x0000000008009c4a       0xf2 ./Middlewares/ST/STM32_USB_Host_Library/Class/MSC/Src/usbh_msc_scsi.o
                0x0000000008009c4a                USBH_MSC_SCSI_RequestSense
 .text.USBH_MSC_SCSI_Write
                0x0000000008009d3c       0xd6 ./Middlewares/ST/STM32_USB_Host_Library/Class/MSC/Src/usbh_msc_scsi.o
                0x0000000008009d3c                USBH_MSC_SCSI_Write
 .text.USBH_MSC_SCSI_Read
                0x0000000008009e12       0xd6 ./Middlewares/ST/STM32_USB_Host_Library/Class/MSC/Src/usbh_msc_scsi.o
                0x0000000008009e12                USBH_MSC_SCSI_Read
 .text.USBH_Init
                0x0000000008009ee8       0x74 ./Middlewares/ST/STM32_USB_Host_Library/Core/Src/usbh_core.o
                0x0000000008009ee8                USBH_Init
 .text.DeInitStateMachine
                0x0000000008009f5c       0xa8 ./Middlewares/ST/STM32_USB_Host_Library/Core/Src/usbh_core.o
 .text.USBH_RegisterClass
                0x000000000800a004       0x54 ./Middlewares/ST/STM32_USB_Host_Library/Core/Src/usbh_core.o
                0x000000000800a004                USBH_RegisterClass
 .text.USBH_SelectInterface
                0x000000000800a058       0x38 ./Middlewares/ST/STM32_USB_Host_Library/Core/Src/usbh_core.o
                0x000000000800a058                USBH_SelectInterface
 .text.USBH_FindInterface
                0x000000000800a090       0x8c ./Middlewares/ST/STM32_USB_Host_Library/Core/Src/usbh_core.o
                0x000000000800a090                USBH_FindInterface
 .text.USBH_Start
                0x000000000800a11c       0x20 ./Middlewares/ST/STM32_USB_Host_Library/Core/Src/usbh_core.o
                0x000000000800a11c                USBH_Start
 .text.USBH_Process
                0x000000000800a13c      0x3d8 ./Middlewares/ST/STM32_USB_Host_Library/Core/Src/usbh_core.o
                0x000000000800a13c                USBH_Process
 .text.USBH_HandleEnum
                0x000000000800a514      0x3c8 ./Middlewares/ST/STM32_USB_Host_Library/Core/Src/usbh_core.o
 .text.USBH_LL_SetTimer
                0x000000000800a8dc       0x1e ./Middlewares/ST/STM32_USB_Host_Library/Core/Src/usbh_core.o
                0x000000000800a8dc                USBH_LL_SetTimer
 .text.USBH_LL_IncTimer
                0x000000000800a8fa       0x24 ./Middlewares/ST/STM32_USB_Host_Library/Core/Src/usbh_core.o
                0x000000000800a8fa                USBH_LL_IncTimer
 .text.USBH_HandleSof
                0x000000000800a91e       0x30 ./Middlewares/ST/STM32_USB_Host_Library/Core/Src/usbh_core.o
 .text.USBH_LL_PortEnabled
                0x000000000800a94e       0x1c ./Middlewares/ST/STM32_USB_Host_Library/Core/Src/usbh_core.o
                0x000000000800a94e                USBH_LL_PortEnabled
 .text.USBH_LL_PortDisabled
                0x000000000800a96a       0x1c ./Middlewares/ST/STM32_USB_Host_Library/Core/Src/usbh_core.o
                0x000000000800a96a                USBH_LL_PortDisabled
 .text.USBH_LL_Connect
                0x000000000800a986       0x2e ./Middlewares/ST/STM32_USB_Host_Library/Core/Src/usbh_core.o
                0x000000000800a986                USBH_LL_Connect
 .text.USBH_LL_Disconnect
                0x000000000800a9b4       0x48 ./Middlewares/ST/STM32_USB_Host_Library/Core/Src/usbh_core.o
                0x000000000800a9b4                USBH_LL_Disconnect
 .text.USBH_Get_DevDesc
                0x000000000800a9fc       0x50 ./Middlewares/ST/STM32_USB_Host_Library/Core/Src/usbh_ctlreq.o
                0x000000000800a9fc                USBH_Get_DevDesc
 .text.USBH_Get_CfgDesc
                0x000000000800aa4c       0x48 ./Middlewares/ST/STM32_USB_Host_Library/Core/Src/usbh_ctlreq.o
                0x000000000800aa4c                USBH_Get_CfgDesc
 .text.USBH_Get_StringDesc
                0x000000000800aa94       0x56 ./Middlewares/ST/STM32_USB_Host_Library/Core/Src/usbh_ctlreq.o
                0x000000000800aa94                USBH_Get_StringDesc
 .text.USBH_GetDescriptor
                0x000000000800aaea       0x6a ./Middlewares/ST/STM32_USB_Host_Library/Core/Src/usbh_ctlreq.o
                0x000000000800aaea                USBH_GetDescriptor
 .text.USBH_SetAddress
                0x000000000800ab54       0x48 ./Middlewares/ST/STM32_USB_Host_Library/Core/Src/usbh_ctlreq.o
                0x000000000800ab54                USBH_SetAddress
 .text.USBH_SetCfg
                0x000000000800ab9c       0x46 ./Middlewares/ST/STM32_USB_Host_Library/Core/Src/usbh_ctlreq.o
                0x000000000800ab9c                USBH_SetCfg
 .text.USBH_SetFeature
                0x000000000800abe2       0x48 ./Middlewares/ST/STM32_USB_Host_Library/Core/Src/usbh_ctlreq.o
                0x000000000800abe2                USBH_SetFeature
 .text.USBH_ClrFeature
                0x000000000800ac2a       0x48 ./Middlewares/ST/STM32_USB_Host_Library/Core/Src/usbh_ctlreq.o
                0x000000000800ac2a                USBH_ClrFeature
 .text.USBH_ParseDevDesc
                0x000000000800ac72      0x122 ./Middlewares/ST/STM32_USB_Host_Library/Core/Src/usbh_ctlreq.o
 .text.USBH_ParseCfgDesc
                0x000000000800ad94      0x1ec ./Middlewares/ST/STM32_USB_Host_Library/Core/Src/usbh_ctlreq.o
 .text.USBH_ParseInterfaceDesc
                0x000000000800af80       0x5e ./Middlewares/ST/STM32_USB_Host_Library/Core/Src/usbh_ctlreq.o
 .text.USBH_ParseEPDesc
                0x000000000800afde      0x14a ./Middlewares/ST/STM32_USB_Host_Library/Core/Src/usbh_ctlreq.o
 .text.USBH_ParseStringDesc
                0x000000000800b128       0x66 ./Middlewares/ST/STM32_USB_Host_Library/Core/Src/usbh_ctlreq.o
 .text.USBH_GetNextDesc
                0x000000000800b18e       0x36 ./Middlewares/ST/STM32_USB_Host_Library/Core/Src/usbh_ctlreq.o
                0x000000000800b18e                USBH_GetNextDesc
 .text.USBH_CtlReq
                0x000000000800b1c4       0x7a ./Middlewares/ST/STM32_USB_Host_Library/Core/Src/usbh_ctlreq.o
                0x000000000800b1c4                USBH_CtlReq
 *fill*         0x000000000800b23e        0x2 
 .text.USBH_HandleControl
                0x000000000800b240      0x2e8 ./Middlewares/ST/STM32_USB_Host_Library/Core/Src/usbh_ctlreq.o
 .text.USBH_CtlSendSetup
                0x000000000800b528       0x34 ./Middlewares/ST/STM32_USB_Host_Library/Core/Src/usbh_ioreq.o
                0x000000000800b528                USBH_CtlSendSetup
 .text.USBH_CtlSendData
                0x000000000800b55c       0x4a ./Middlewares/ST/STM32_USB_Host_Library/Core/Src/usbh_ioreq.o
                0x000000000800b55c                USBH_CtlSendData
 .text.USBH_CtlReceiveData
                0x000000000800b5a6       0x3c ./Middlewares/ST/STM32_USB_Host_Library/Core/Src/usbh_ioreq.o
                0x000000000800b5a6                USBH_CtlReceiveData
 .text.USBH_BulkSendData
                0x000000000800b5e2       0x4a ./Middlewares/ST/STM32_USB_Host_Library/Core/Src/usbh_ioreq.o
                0x000000000800b5e2                USBH_BulkSendData
 .text.USBH_BulkReceiveData
                0x000000000800b62c       0x3c ./Middlewares/ST/STM32_USB_Host_Library/Core/Src/usbh_ioreq.o
                0x000000000800b62c                USBH_BulkReceiveData
 .text.USBH_OpenPipe
                0x000000000800b668       0x3e ./Middlewares/ST/STM32_USB_Host_Library/Core/Src/usbh_pipes.o
                0x000000000800b668                USBH_OpenPipe
 .text.USBH_ClosePipe
                0x000000000800b6a6       0x20 ./Middlewares/ST/STM32_USB_Host_Library/Core/Src/usbh_pipes.o
                0x000000000800b6a6                USBH_ClosePipe
 .text.USBH_AllocPipe
                0x000000000800b6c6       0x42 ./Middlewares/ST/STM32_USB_Host_Library/Core/Src/usbh_pipes.o
                0x000000000800b6c6                USBH_AllocPipe
 .text.USBH_FreePipe
                0x000000000800b708       0x3c ./Middlewares/ST/STM32_USB_Host_Library/Core/Src/usbh_pipes.o
                0x000000000800b708                USBH_FreePipe
 .text.USBH_GetFreePipe
                0x000000000800b744       0x48 ./Middlewares/ST/STM32_USB_Host_Library/Core/Src/usbh_pipes.o
 .text.disk_status
                0x000000000800b78c       0x34 ./Middlewares/Third_Party/FatFs/src/diskio.o
                0x000000000800b78c                disk_status
 .text.disk_initialize
                0x000000000800b7c0       0x4c ./Middlewares/Third_Party/FatFs/src/diskio.o
                0x000000000800b7c0                disk_initialize
 .text.disk_read
                0x000000000800b80c       0x40 ./Middlewares/Third_Party/FatFs/src/diskio.o
                0x000000000800b80c                disk_read
 .text.disk_write
                0x000000000800b84c       0x40 ./Middlewares/Third_Party/FatFs/src/diskio.o
                0x000000000800b84c                disk_write
 .text.disk_ioctl
                0x000000000800b88c       0x3c ./Middlewares/Third_Party/FatFs/src/diskio.o
                0x000000000800b88c                disk_ioctl
 .text.ld_word  0x000000000800b8c8       0x30 ./Middlewares/Third_Party/FatFs/src/ff.o
 .text.ld_dword
                0x000000000800b8f8       0x46 ./Middlewares/Third_Party/FatFs/src/ff.o
 .text.st_word  0x000000000800b93e       0x36 ./Middlewares/Third_Party/FatFs/src/ff.o
 .text.st_dword
                0x000000000800b974       0x58 ./Middlewares/Third_Party/FatFs/src/ff.o
 .text.mem_cpy  0x000000000800b9cc       0x42 ./Middlewares/Third_Party/FatFs/src/ff.o
 .text.mem_set  0x000000000800ba0e       0x36 ./Middlewares/Third_Party/FatFs/src/ff.o
 .text.mem_cmp  0x000000000800ba44       0x4e ./Middlewares/Third_Party/FatFs/src/ff.o
 .text.chk_chr  0x000000000800ba92       0x36 ./Middlewares/Third_Party/FatFs/src/ff.o
 .text.chk_lock
                0x000000000800bac8       0xb8 ./Middlewares/Third_Party/FatFs/src/ff.o
 .text.enq_lock
                0x000000000800bb80       0x44 ./Middlewares/Third_Party/FatFs/src/ff.o
 .text.inc_lock
                0x000000000800bbc4      0x11c ./Middlewares/Third_Party/FatFs/src/ff.o
 .text.dec_lock
                0x000000000800bce0       0x78 ./Middlewares/Third_Party/FatFs/src/ff.o
 .text.clear_lock
                0x000000000800bd58       0x48 ./Middlewares/Third_Party/FatFs/src/ff.o
 .text.sync_window
                0x000000000800bda0       0x88 ./Middlewares/Third_Party/FatFs/src/ff.o
 .text.move_window
                0x000000000800be28       0x5a ./Middlewares/Third_Party/FatFs/src/ff.o
 *fill*         0x000000000800be82        0x2 
 .text.sync_fs  0x000000000800be84       0xdc ./Middlewares/Third_Party/FatFs/src/ff.o
 .text.clust2sect
                0x000000000800bf60       0x3e ./Middlewares/Third_Party/FatFs/src/ff.o
 .text.get_fat  0x000000000800bf9e      0x150 ./Middlewares/Third_Party/FatFs/src/ff.o
 .text.put_fat  0x000000000800c0ee      0x1d8 ./Middlewares/Third_Party/FatFs/src/ff.o
 .text.remove_chain
                0x000000000800c2c6       0xca ./Middlewares/Third_Party/FatFs/src/ff.o
 .text.create_chain
                0x000000000800c390      0x130 ./Middlewares/Third_Party/FatFs/src/ff.o
 .text.clmt_clust
                0x000000000800c4c0       0x68 ./Middlewares/Third_Party/FatFs/src/ff.o
 .text.dir_sdi  0x000000000800c528       0xf6 ./Middlewares/Third_Party/FatFs/src/ff.o
 .text.dir_next
                0x000000000800c61e      0x18a ./Middlewares/Third_Party/FatFs/src/ff.o
 .text.dir_alloc
                0x000000000800c7a8       0x8e ./Middlewares/Third_Party/FatFs/src/ff.o
 .text.ld_clust
                0x000000000800c836       0x3e ./Middlewares/Third_Party/FatFs/src/ff.o
 .text.st_clust
                0x000000000800c874       0x40 ./Middlewares/Third_Party/FatFs/src/ff.o
 .text.dir_find
                0x000000000800c8b4       0xaa ./Middlewares/Third_Party/FatFs/src/ff.o
 .text.dir_register
                0x000000000800c95e       0x64 ./Middlewares/Third_Party/FatFs/src/ff.o
 *fill*         0x000000000800c9c2        0x2 
 .text.create_name
                0x000000000800c9c4      0x128 ./Middlewares/Third_Party/FatFs/src/ff.o
 .text.follow_path
                0x000000000800caec       0xe2 ./Middlewares/Third_Party/FatFs/src/ff.o
 .text.get_ldnumber
                0x000000000800cbce       0x88 ./Middlewares/Third_Party/FatFs/src/ff.o
 *fill*         0x000000000800cc56        0x2 
 .text.check_fs
                0x000000000800cc58       0xac ./Middlewares/Third_Party/FatFs/src/ff.o
 .text.find_volume
                0x000000000800cd04      0x498 ./Middlewares/Third_Party/FatFs/src/ff.o
 .text.validate
                0x000000000800d19c       0x6a ./Middlewares/Third_Party/FatFs/src/ff.o
 *fill*         0x000000000800d206        0x2 
 .text.f_mount  0x000000000800d208       0x8c ./Middlewares/Third_Party/FatFs/src/ff.o
                0x000000000800d208                f_mount
 .text.f_open   0x000000000800d294      0x37c ./Middlewares/Third_Party/FatFs/src/ff.o
                0x000000000800d294                f_open
 .text.f_read   0x000000000800d610      0x27e ./Middlewares/Third_Party/FatFs/src/ff.o
                0x000000000800d610                f_read
 .text.f_sync   0x000000000800d88e       0xfc ./Middlewares/Third_Party/FatFs/src/ff.o
                0x000000000800d88e                f_sync
 .text.f_close  0x000000000800d98a       0x54 ./Middlewares/Third_Party/FatFs/src/ff.o
                0x000000000800d98a                f_close
 .text.f_lseek  0x000000000800d9de      0x412 ./Middlewares/Third_Party/FatFs/src/ff.o
                0x000000000800d9de                f_lseek
 .text.FATFS_LinkDriverEx
                0x000000000800ddf0       0x98 ./Middlewares/Third_Party/FatFs/src/ff_gen_drv.o
                0x000000000800ddf0                FATFS_LinkDriverEx
 .text.FATFS_LinkDriver
                0x000000000800de88       0x1e ./Middlewares/Third_Party/FatFs/src/ff_gen_drv.o
                0x000000000800de88                FATFS_LinkDriver
 *fill*         0x000000000800dea6        0x2 
 .text.MX_USB_HOST_Init
                0x000000000800dea8       0x4c ./USB_HOST/App/usb_host.o
                0x000000000800dea8                MX_USB_HOST_Init
 .text.MX_USB_HOST_Process
                0x000000000800def4       0x14 ./USB_HOST/App/usb_host.o
                0x000000000800def4                MX_USB_HOST_Process
 .text.USBH_UserProcess
                0x000000000800df08       0x5c ./USB_HOST/App/usb_host.o
 .text.HAL_HCD_MspInit
                0x000000000800df64       0xc4 ./USB_HOST/Target/usbh_conf.o
                0x000000000800df64                HAL_HCD_MspInit
 .text.HAL_HCD_SOF_Callback
                0x000000000800e028       0x1c ./USB_HOST/Target/usbh_conf.o
                0x000000000800e028                HAL_HCD_SOF_Callback
 .text.HAL_HCD_Connect_Callback
                0x000000000800e044       0x1c ./USB_HOST/Target/usbh_conf.o
                0x000000000800e044                HAL_HCD_Connect_Callback
 .text.HAL_HCD_Disconnect_Callback
                0x000000000800e060       0x1c ./USB_HOST/Target/usbh_conf.o
                0x000000000800e060                HAL_HCD_Disconnect_Callback
 .text.HAL_HCD_HC_NotifyURBChange_Callback
                0x000000000800e07c       0x1c ./USB_HOST/Target/usbh_conf.o
                0x000000000800e07c                HAL_HCD_HC_NotifyURBChange_Callback
 .text.HAL_HCD_PortEnabled_Callback
                0x000000000800e098       0x1c ./USB_HOST/Target/usbh_conf.o
                0x000000000800e098                HAL_HCD_PortEnabled_Callback
 .text.HAL_HCD_PortDisabled_Callback
                0x000000000800e0b4       0x1c ./USB_HOST/Target/usbh_conf.o
                0x000000000800e0b4                HAL_HCD_PortDisabled_Callback
 .text.USBH_LL_Init
                0x000000000800e0d0       0x78 ./USB_HOST/Target/usbh_conf.o
                0x000000000800e0d0                USBH_LL_Init
 .text.USBH_LL_Start
                0x000000000800e148       0x36 ./USB_HOST/Target/usbh_conf.o
                0x000000000800e148                USBH_LL_Start
 .text.USBH_LL_Stop
                0x000000000800e17e       0x36 ./USB_HOST/Target/usbh_conf.o
                0x000000000800e17e                USBH_LL_Stop
 .text.USBH_LL_GetSpeed
                0x000000000800e1b4       0x4e ./USB_HOST/Target/usbh_conf.o
                0x000000000800e1b4                USBH_LL_GetSpeed
 .text.USBH_LL_ResetPort
                0x000000000800e202       0x36 ./USB_HOST/Target/usbh_conf.o
                0x000000000800e202                USBH_LL_ResetPort
 .text.USBH_LL_GetLastXferSize
                0x000000000800e238       0x26 ./USB_HOST/Target/usbh_conf.o
                0x000000000800e238                USBH_LL_GetLastXferSize
 .text.USBH_LL_OpenPipe
                0x000000000800e25e       0x5e ./USB_HOST/Target/usbh_conf.o
                0x000000000800e25e                USBH_LL_OpenPipe
 .text.USBH_LL_ClosePipe
                0x000000000800e2bc       0x3e ./USB_HOST/Target/usbh_conf.o
                0x000000000800e2bc                USBH_LL_ClosePipe
 .text.USBH_LL_SubmitURB
                0x000000000800e2fa       0x62 ./USB_HOST/Target/usbh_conf.o
                0x000000000800e2fa                USBH_LL_SubmitURB
 .text.USBH_LL_GetURBState
                0x000000000800e35c       0x26 ./USB_HOST/Target/usbh_conf.o
                0x000000000800e35c                USBH_LL_GetURBState
 .text.USBH_LL_DriverVBUS
                0x000000000800e382       0x1c ./USB_HOST/Target/usbh_conf.o
                0x000000000800e382                USBH_LL_DriverVBUS
 .text.USBH_LL_SetToggle
                0x000000000800e39e       0x60 ./USB_HOST/Target/usbh_conf.o
                0x000000000800e39e                USBH_LL_SetToggle
 .text.USBH_LL_GetToggle
                0x000000000800e3fe       0x60 ./USB_HOST/Target/usbh_conf.o
                0x000000000800e3fe                USBH_LL_GetToggle
 .text.USBH_Delay
                0x000000000800e45e       0x16 ./USB_HOST/Target/usbh_conf.o
                0x000000000800e45e                USBH_Delay
 .text.USBH_Get_USB_Status
                0x000000000800e474       0x58 ./USB_HOST/Target/usbh_conf.o
                0x000000000800e474                USBH_Get_USB_Status
 .text.__errno  0x000000000800e4cc        0xc c:/st/stm32cubeide_1.11.0/stm32cubeide/plugins/com.st.stm32cube.ide.mcu.externaltools.gnu-tools-for-stm32.10.3-2021.10.win32_1.0.100.202210260954/tools/bin/../lib/gcc/arm-none-eabi/10.3.1/../../../../arm-none-eabi/lib/thumb/v7e-m+fp/hard\libc_nano.a(lib_a-errno.o)
                0x000000000800e4cc                __errno
 .text.__libc_init_array
                0x000000000800e4d8       0x48 c:/st/stm32cubeide_1.11.0/stm32cubeide/plugins/com.st.stm32cube.ide.mcu.externaltools.gnu-tools-for-stm32.10.3-2021.10.win32_1.0.100.202210260954/tools/bin/../lib/gcc/arm-none-eabi/10.3.1/../../../../arm-none-eabi/lib/thumb/v7e-m+fp/hard\libc_nano.a(lib_a-init.o)
                0x000000000800e4d8                __libc_init_array
 .text.malloc   0x000000000800e520       0x10 c:/st/stm32cubeide_1.11.0/stm32cubeide/plugins/com.st.stm32cube.ide.mcu.externaltools.gnu-tools-for-stm32.10.3-2021.10.win32_1.0.100.202210260954/tools/bin/../lib/gcc/arm-none-eabi/10.3.1/../../../../arm-none-eabi/lib/thumb/v7e-m+fp/hard\libc_nano.a(lib_a-malloc.o)
                0x000000000800e520                malloc
 .text.free     0x000000000800e530       0x10 c:/st/stm32cubeide_1.11.0/stm32cubeide/plugins/com.st.stm32cube.ide.mcu.externaltools.gnu-tools-for-stm32.10.3-2021.10.win32_1.0.100.202210260954/tools/bin/../lib/gcc/arm-none-eabi/10.3.1/../../../../arm-none-eabi/lib/thumb/v7e-m+fp/hard\libc_nano.a(lib_a-malloc.o)
                0x000000000800e530                free
 .text.memcpy   0x000000000800e540       0x1c c:/st/stm32cubeide_1.11.0/stm32cubeide/plugins/com.st.stm32cube.ide.mcu.externaltools.gnu-tools-for-stm32.10.3-2021.10.win32_1.0.100.202210260954/tools/bin/../lib/gcc/arm-none-eabi/10.3.1/../../../../arm-none-eabi/lib/thumb/v7e-m+fp/hard\libc_nano.a(lib_a-memcpy-stub.o)
                0x000000000800e540                memcpy
 .text.memset   0x000000000800e55c       0x10 c:/st/stm32cubeide_1.11.0/stm32cubeide/plugins/com.st.stm32cube.ide.mcu.externaltools.gnu-tools-for-stm32.10.3-2021.10.win32_1.0.100.202210260954/tools/bin/../lib/gcc/arm-none-eabi/10.3.1/../../../../arm-none-eabi/lib/thumb/v7e-m+fp/hard\libc_nano.a(lib_a-memset.o)
                0x000000000800e55c                memset
 .text._free_r  0x000000000800e56c       0x98 c:/st/stm32cubeide_1.11.0/stm32cubeide/plugins/com.st.stm32cube.ide.mcu.externaltools.gnu-tools-for-stm32.10.3-2021.10.win32_1.0.100.202210260954/tools/bin/../lib/gcc/arm-none-eabi/10.3.1/../../../../arm-none-eabi/lib/thumb/v7e-m+fp/hard\libc_nano.a(lib_a-nano-freer.o)
                0x000000000800e56c                _free_r
 .text.sbrk_aligned
                0x000000000800e604       0x40 c:/st/stm32cubeide_1.11.0/stm32cubeide/plugins/com.st.stm32cube.ide.mcu.externaltools.gnu-tools-for-stm32.10.3-2021.10.win32_1.0.100.202210260954/tools/bin/../lib/gcc/arm-none-eabi/10.3.1/../../../../arm-none-eabi/lib/thumb/v7e-m+fp/hard\libc_nano.a(lib_a-nano-mallocr.o)
 .text._malloc_r
                0x000000000800e644       0xe8 c:/st/stm32cubeide_1.11.0/stm32cubeide/plugins/com.st.stm32cube.ide.mcu.externaltools.gnu-tools-for-stm32.10.3-2021.10.win32_1.0.100.202210260954/tools/bin/../lib/gcc/arm-none-eabi/10.3.1/../../../../arm-none-eabi/lib/thumb/v7e-m+fp/hard\libc_nano.a(lib_a-nano-mallocr.o)
                0x000000000800e644                _malloc_r
 .text._sbrk_r  0x000000000800e72c       0x20 c:/st/stm32cubeide_1.11.0/stm32cubeide/plugins/com.st.stm32cube.ide.mcu.externaltools.gnu-tools-for-stm32.10.3-2021.10.win32_1.0.100.202210260954/tools/bin/../lib/gcc/arm-none-eabi/10.3.1/../../../../arm-none-eabi/lib/thumb/v7e-m+fp/hard\libc_nano.a(lib_a-sbrkr.o)
                0x000000000800e72c                _sbrk_r
 .text.sprintf  0x000000000800e74c       0x40 c:/st/stm32cubeide_1.11.0/stm32cubeide/plugins/com.st.stm32cube.ide.mcu.externaltools.gnu-tools-for-stm32.10.3-2021.10.win32_1.0.100.202210260954/tools/bin/../lib/gcc/arm-none-eabi/10.3.1/../../../../arm-none-eabi/lib/thumb/v7e-m+fp/hard\libc_nano.a(lib_a-sprintf.o)
                0x000000000800e74c                siprintf
                0x000000000800e74c                sprintf
 .text.__malloc_lock
                0x000000000800e78c        0xc c:/st/stm32cubeide_1.11.0/stm32cubeide/plugins/com.st.stm32cube.ide.mcu.externaltools.gnu-tools-for-stm32.10.3-2021.10.win32_1.0.100.202210260954/tools/bin/../lib/gcc/arm-none-eabi/10.3.1/../../../../arm-none-eabi/lib/thumb/v7e-m+fp/hard\libc_nano.a(lib_a-mlock.o)
                0x000000000800e78c                __malloc_lock
 .text.__malloc_unlock
                0x000000000800e798        0xc c:/st/stm32cubeide_1.11.0/stm32cubeide/plugins/com.st.stm32cube.ide.mcu.externaltools.gnu-tools-for-stm32.10.3-2021.10.win32_1.0.100.202210260954/tools/bin/../lib/gcc/arm-none-eabi/10.3.1/../../../../arm-none-eabi/lib/thumb/v7e-m+fp/hard\libc_nano.a(lib_a-mlock.o)
                0x000000000800e798                __malloc_unlock
 .text.__ssputs_r
                0x000000000800e7a4       0xb6 c:/st/stm32cubeide_1.11.0/stm32cubeide/plugins/com.st.stm32cube.ide.mcu.externaltools.gnu-tools-for-stm32.10.3-2021.10.win32_1.0.100.202210260954/tools/bin/../lib/gcc/arm-none-eabi/10.3.1/../../../../arm-none-eabi/lib/thumb/v7e-m+fp/hard\libc_nano.a(lib_a-nano-svfprintf.o)
                0x000000000800e7a4                __ssputs_r
 *fill*         0x000000000800e85a        0x2 
 .text._svfprintf_r
                0x000000000800e85c      0x200 c:/st/stm32cubeide_1.11.0/stm32cubeide/plugins/com.st.stm32cube.ide.mcu.externaltools.gnu-tools-for-stm32.10.3-2021.10.win32_1.0.100.202210260954/tools/bin/../lib/gcc/arm-none-eabi/10.3.1/../../../../arm-none-eabi/lib/thumb/v7e-m+fp/hard\libc_nano.a(lib_a-nano-svfprintf.o)
                0x000000000800e85c                _svfiprintf_r
                0x000000000800e85c                _svfprintf_r
 .text._printf_common
                0x000000000800ea5c       0xda c:/st/stm32cubeide_1.11.0/stm32cubeide/plugins/com.st.stm32cube.ide.mcu.externaltools.gnu-tools-for-stm32.10.3-2021.10.win32_1.0.100.202210260954/tools/bin/../lib/gcc/arm-none-eabi/10.3.1/../../../../arm-none-eabi/lib/thumb/v7e-m+fp/hard\libc_nano.a(lib_a-nano-vfprintf_i.o)
                0x000000000800ea5c                _printf_common
 *fill*         0x000000000800eb36        0x2 
 .text._printf_i
                0x000000000800eb38      0x24c c:/st/stm32cubeide_1.11.0/stm32cubeide/plugins/com.st.stm32cube.ide.mcu.externaltools.gnu-tools-for-stm32.10.3-2021.10.win32_1.0.100.202210260954/tools/bin/../lib/gcc/arm-none-eabi/10.3.1/../../../../arm-none-eabi/lib/thumb/v7e-m+fp/hard\libc_nano.a(lib_a-nano-vfprintf_i.o)
                0x000000000800eb38                _printf_i
 .text.__retarget_lock_acquire_recursive
                0x000000000800ed84        0x2 c:/st/stm32cubeide_1.11.0/stm32cubeide/plugins/com.st.stm32cube.ide.mcu.externaltools.gnu-tools-for-stm32.10.3-2021.10.win32_1.0.100.202210260954/tools/bin/../lib/gcc/arm-none-eabi/10.3.1/../../../../arm-none-eabi/lib/thumb/v7e-m+fp/hard\libc_nano.a(lib_a-lock.o)
                0x000000000800ed84                __retarget_lock_acquire_recursive
 .text.__retarget_lock_release_recursive
                0x000000000800ed86        0x2 c:/st/stm32cubeide_1.11.0/stm32cubeide/plugins/com.st.stm32cube.ide.mcu.externaltools.gnu-tools-for-stm32.10.3-2021.10.win32_1.0.100.202210260954/tools/bin/../lib/gcc/arm-none-eabi/10.3.1/../../../../arm-none-eabi/lib/thumb/v7e-m+fp/hard\libc_nano.a(lib_a-lock.o)
                0x000000000800ed86                __retarget_lock_release_recursive
 .text.memmove  0x000000000800ed88       0x34 c:/st/stm32cubeide_1.11.0/stm32cubeide/plugins/com.st.stm32cube.ide.mcu.externaltools.gnu-tools-for-stm32.10.3-2021.10.win32_1.0.100.202210260954/tools/bin/../lib/gcc/arm-none-eabi/10.3.1/../../../../arm-none-eabi/lib/thumb/v7e-m+fp/hard\libc_nano.a(lib_a-memmove.o)
                0x000000000800ed88                memmove
 .text._realloc_r
                0x000000000800edbc       0x5e c:/st/stm32cubeide_1.11.0/stm32cubeide/plugins/com.st.stm32cube.ide.mcu.externaltools.gnu-tools-for-stm32.10.3-2021.10.win32_1.0.100.202210260954/tools/bin/../lib/gcc/arm-none-eabi/10.3.1/../../../../arm-none-eabi/lib/thumb/v7e-m+fp/hard\libc_nano.a(lib_a-nano-reallocr.o)
                0x000000000800edbc                _realloc_r
 .text._malloc_usable_size_r
                0x000000000800ee1a       0x10 c:/st/stm32cubeide_1.11.0/stm32cubeide/plugins/com.st.stm32cube.ide.mcu.externaltools.gnu-tools-for-stm32.10.3-2021.10.win32_1.0.100.202210260954/tools/bin/../lib/gcc/arm-none-eabi/10.3.1/../../../../arm-none-eabi/lib/thumb/v7e-m+fp/hard\libc_nano.a(lib_a-nano-msizer.o)
                0x000000000800ee1a                _malloc_usable_size_r
 *(.glue_7)
 .glue_7        0x000000000800ee2a        0x0 linker stubs
 *(.glue_7t)
 .glue_7t       0x000000000800ee2a        0x0 linker stubs
 *(.eh_frame)
 *fill*         0x000000000800ee2a        0x2 
 .eh_frame      0x000000000800ee2c        0x0 c:/st/stm32cubeide_1.11.0/stm32cubeide/plugins/com.st.stm32cube.ide.mcu.externaltools.gnu-tools-for-stm32.10.3-2021.10.win32_1.0.100.202210260954/tools/bin/../lib/gcc/arm-none-eabi/10.3.1/thumb/v7e-m+fp/hard/crtbegin.o
 *(.init)
 .init          0x000000000800ee2c        0x4 c:/st/stm32cubeide_1.11.0/stm32cubeide/plugins/com.st.stm32cube.ide.mcu.externaltools.gnu-tools-for-stm32.10.3-2021.10.win32_1.0.100.202210260954/tools/bin/../lib/gcc/arm-none-eabi/10.3.1/thumb/v7e-m+fp/hard/crti.o
                0x000000000800ee2c                _init
 .init          0x000000000800ee30        0x8 c:/st/stm32cubeide_1.11.0/stm32cubeide/plugins/com.st.stm32cube.ide.mcu.externaltools.gnu-tools-for-stm32.10.3-2021.10.win32_1.0.100.202210260954/tools/bin/../lib/gcc/arm-none-eabi/10.3.1/thumb/v7e-m+fp/hard/crtn.o
 *(.fini)
 .fini          0x000000000800ee38        0x4 c:/st/stm32cubeide_1.11.0/stm32cubeide/plugins/com.st.stm32cube.ide.mcu.externaltools.gnu-tools-for-stm32.10.3-2021.10.win32_1.0.100.202210260954/tools/bin/../lib/gcc/arm-none-eabi/10.3.1/thumb/v7e-m+fp/hard/crti.o
                0x000000000800ee38                _fini
 .fini          0x000000000800ee3c        0x8 c:/st/stm32cubeide_1.11.0/stm32cubeide/plugins/com.st.stm32cube.ide.mcu.externaltools.gnu-tools-for-stm32.10.3-2021.10.win32_1.0.100.202210260954/tools/bin/../lib/gcc/arm-none-eabi/10.3.1/thumb/v7e-m+fp/hard/crtn.o
                0x000000000800ee44                . = ALIGN (0x4)
                0x000000000800ee44                _etext = .

.vfp11_veneer   0x000000000800ee44        0x0
 .vfp11_veneer  0x000000000800ee44        0x0 linker stubs

.v4_bx          0x000000000800ee44        0x0
 .v4_bx         0x000000000800ee44        0x0 linker stubs

.iplt           0x000000000800ee44        0x0
 .iplt          0x000000000800ee44        0x0 c:/st/stm32cubeide_1.11.0/stm32cubeide/plugins/com.st.stm32cube.ide.mcu.externaltools.gnu-tools-for-stm32.10.3-2021.10.win32_1.0.100.202210260954/tools/bin/../lib/gcc/arm-none-eabi/10.3.1/thumb/v7e-m+fp/hard/crtbegin.o

.rodata         0x000000000800ee44      0x1ec
                0x000000000800ee44                . = ALIGN (0x4)
 *(.rodata)
 .rodata        0x000000000800ee44       0x5c ./Core/Src/main.o
 .rodata        0x000000000800eea0        0x4 ./Middlewares/ST/STM32_USB_Host_Library/Class/MSC/Src/usbh_msc.o
 .rodata        0x000000000800eea4       0x44 ./Middlewares/Third_Party/FatFs/src/ff.o
 *(.rodata*)
 .rodata.AHBPrescTable
                0x000000000800eee8       0x10 ./Core/Src/system_stm32f4xx.o
                0x000000000800eee8                AHBPrescTable
 .rodata.APBPrescTable
                0x000000000800eef8        0x8 ./Core/Src/system_stm32f4xx.o
                0x000000000800eef8                APBPrescTable
 .rodata.I2SFreq
                0x000000000800ef00       0x20 ./Core/Src/wav_player.o
 .rodata.I2SPLLN
                0x000000000800ef20       0x20 ./Core/Src/wav_player.o
 .rodata.I2SPLLR
                0x000000000800ef40       0x20 ./Core/Src/wav_player.o
 .rodata.flagBitshiftOffset.0
                0x000000000800ef60        0x8 ./Drivers/STM32F4xx_HAL_Driver/Src/stm32f4xx_hal_dma.o
 .rodata.USBH_Driver
                0x000000000800ef68       0x14 ./FATFS/Target/usbh_diskio.o
                0x000000000800ef68                USBH_Driver
 .rodata.ExCvt  0x000000000800ef7c       0x80 ./Middlewares/Third_Party/FatFs/src/ff.o
 .rodata._svfprintf_r.str1.1
                0x000000000800effc       0x11 c:/st/stm32cubeide_1.11.0/stm32cubeide/plugins/com.st.stm32cube.ide.mcu.externaltools.gnu-tools-for-stm32.10.3-2021.10.win32_1.0.100.202210260954/tools/bin/../lib/gcc/arm-none-eabi/10.3.1/../../../../arm-none-eabi/lib/thumb/v7e-m+fp/hard\libc_nano.a(lib_a-nano-svfprintf.o)
 .rodata._printf_i.str1.1
                0x000000000800f00d       0x22 c:/st/stm32cubeide_1.11.0/stm32cubeide/plugins/com.st.stm32cube.ide.mcu.externaltools.gnu-tools-for-stm32.10.3-2021.10.win32_1.0.100.202210260954/tools/bin/../lib/gcc/arm-none-eabi/10.3.1/../../../../arm-none-eabi/lib/thumb/v7e-m+fp/hard\libc_nano.a(lib_a-nano-vfprintf_i.o)
                0x000000000800f030                . = ALIGN (0x4)
 *fill*         0x000000000800f02f        0x1 

.ARM.extab      0x000000000800f030        0x0
                0x000000000800f030                . = ALIGN (0x4)
 *(.ARM.extab* .gnu.linkonce.armextab.*)
                0x000000000800f030                . = ALIGN (0x4)

.ARM            0x000000000800f030        0x8
                0x000000000800f030                . = ALIGN (0x4)
                0x000000000800f030                __exidx_start = .
 *(.ARM.exidx*)
 .ARM.exidx     0x000000000800f030        0x8 c:/st/stm32cubeide_1.11.0/stm32cubeide/plugins/com.st.stm32cube.ide.mcu.externaltools.gnu-tools-for-stm32.10.3-2021.10.win32_1.0.100.202210260954/tools/bin/../lib/gcc/arm-none-eabi/10.3.1/thumb/v7e-m+fp/hard\libgcc.a(_udivmoddi4.o)
                0x000000000800f038                __exidx_end = .
                0x000000000800f038                . = ALIGN (0x4)

.rel.dyn        0x000000000800f038        0x0
 .rel.iplt      0x000000000800f038        0x0 c:/st/stm32cubeide_1.11.0/stm32cubeide/plugins/com.st.stm32cube.ide.mcu.externaltools.gnu-tools-for-stm32.10.3-2021.10.win32_1.0.100.202210260954/tools/bin/../lib/gcc/arm-none-eabi/10.3.1/thumb/v7e-m+fp/hard/crtbegin.o

.preinit_array  0x000000000800f038        0x0
                0x000000000800f038                . = ALIGN (0x4)
                0x000000000800f038                PROVIDE (__preinit_array_start = .)
 *(.preinit_array*)
                0x000000000800f038                PROVIDE (__preinit_array_end = .)
                0x000000000800f038                . = ALIGN (0x4)

.init_array     0x000000000800f038        0x4
                0x000000000800f038                . = ALIGN (0x4)
                0x000000000800f038                PROVIDE (__init_array_start = .)
 *(SORT_BY_NAME(.init_array.*))
 *(.init_array*)
 .init_array    0x000000000800f038        0x4 c:/st/stm32cubeide_1.11.0/stm32cubeide/plugins/com.st.stm32cube.ide.mcu.externaltools.gnu-tools-for-stm32.10.3-2021.10.win32_1.0.100.202210260954/tools/bin/../lib/gcc/arm-none-eabi/10.3.1/thumb/v7e-m+fp/hard/crtbegin.o
                0x000000000800f03c                PROVIDE (__init_array_end = .)
                0x000000000800f03c                . = ALIGN (0x4)

.fini_array     0x000000000800f03c        0x4
                0x000000000800f03c                . = ALIGN (0x4)
                [!provide]                        PROVIDE (__fini_array_start = .)
 *(SORT_BY_NAME(.fini_array.*))
 *(.fini_array*)
 .fini_array    0x000000000800f03c        0x4 c:/st/stm32cubeide_1.11.0/stm32cubeide/plugins/com.st.stm32cube.ide.mcu.externaltools.gnu-tools-for-stm32.10.3-2021.10.win32_1.0.100.202210260954/tools/bin/../lib/gcc/arm-none-eabi/10.3.1/thumb/v7e-m+fp/hard/crtbegin.o
                [!provide]                        PROVIDE (__fini_array_end = .)
                0x000000000800f040                . = ALIGN (0x4)
                0x000000000800f040                _sidata = LOADADDR (.data)

.data           0x0000000020000000       0xa4 load address 0x000000000800f040
                0x0000000020000000                . = ALIGN (0x4)
                0x0000000020000000                _sdata = .
 *(.data)
 *(.data*)
 .data.songs    0x0000000020000000       0x10 ./Core/Src/main.o
                0x0000000020000000                songs
 .data.volume   0x0000000020000010        0x1 ./Core/Src/main.o
                0x0000000020000010                volume
 .data.song_idx
                0x0000000020000011        0x1 ./Core/Src/main.o
                0x0000000020000011                song_idx
 *fill*         0x0000000020000012        0x2 
 .data.SystemCoreClock
                0x0000000020000014        0x4 ./Core/Src/system_stm32f4xx.o
                0x0000000020000014                SystemCoreClock
 .data.uwTickPrio
                0x0000000020000018        0x4 ./Drivers/STM32F4xx_HAL_Driver/Src/stm32f4xx_hal.o
                0x0000000020000018                uwTickPrio
 .data.uwTickFreq
                0x000000002000001c        0x1 ./Drivers/STM32F4xx_HAL_Driver/Src/stm32f4xx_hal.o
                0x000000002000001c                uwTickFreq
 *fill*         0x000000002000001d        0x3 
 .data.USBH_msc
                0x0000000020000020       0x20 ./Middlewares/ST/STM32_USB_Host_Library/Class/MSC/Src/usbh_msc.o
                0x0000000020000020                USBH_msc
 .data._impure_ptr
                0x0000000020000040        0x4 c:/st/stm32cubeide_1.11.0/stm32cubeide/plugins/com.st.stm32cube.ide.mcu.externaltools.gnu-tools-for-stm32.10.3-2021.10.win32_1.0.100.202210260954/tools/bin/../lib/gcc/arm-none-eabi/10.3.1/../../../../arm-none-eabi/lib/thumb/v7e-m+fp/hard\libc_nano.a(lib_a-impure.o)
                0x0000000020000040                _impure_ptr
 .data.impure_data
                0x0000000020000044       0x60 c:/st/stm32cubeide_1.11.0/stm32cubeide/plugins/com.st.stm32cube.ide.mcu.externaltools.gnu-tools-for-stm32.10.3-2021.10.win32_1.0.100.202210260954/tools/bin/../lib/gcc/arm-none-eabi/10.3.1/../../../../arm-none-eabi/lib/thumb/v7e-m+fp/hard\libc_nano.a(lib_a-impure.o)
 *(.RamFunc)
 *(.RamFunc*)
                0x00000000200000a4                . = ALIGN (0x4)
                0x00000000200000a4                _edata = .
                0x000000000800f0e4                _siccmram = LOADADDR (.ccmram)

.igot.plt       0x00000000200000a4        0x0 load address 0x000000000800f0e4
 .igot.plt      0x00000000200000a4        0x0 c:/st/stm32cubeide_1.11.0/stm32cubeide/plugins/com.st.stm32cube.ide.mcu.externaltools.gnu-tools-for-stm32.10.3-2021.10.win32_1.0.100.202210260954/tools/bin/../lib/gcc/arm-none-eabi/10.3.1/thumb/v7e-m+fp/hard/crtbegin.o

.ccmram         0x0000000010000000        0x0 load address 0x000000000800f0e4
                0x0000000010000000                . = ALIGN (0x4)
                0x0000000010000000                _sccmram = .
 *(.ccmram)
 *(.ccmram*)
                0x0000000010000000                . = ALIGN (0x4)
                0x0000000010000000                _eccmram = .
                0x0000000010000000                . = ALIGN (0x4)

.bss            0x00000000200000a4     0x1d78
                0x00000000200000a4                _sbss = .
                0x00000000200000a4                __bss_start__ = _sbss
 *(.bss)
 .bss           0x00000000200000a4       0x1c c:/st/stm32cubeide_1.11.0/stm32cubeide/plugins/com.st.stm32cube.ide.mcu.externaltools.gnu-tools-for-stm32.10.3-2021.10.win32_1.0.100.202210260954/tools/bin/../lib/gcc/arm-none-eabi/10.3.1/thumb/v7e-m+fp/hard/crtbegin.o
 *(.bss*)
 .bss.i2cx      0x00000000200000c0       0x54 ./Core/Src/cs43l22.o
 .bss.hdac      0x0000000020000114       0x14 ./Core/Src/main.o
                0x0000000020000114                hdac
 .bss.hi2c1     0x0000000020000128       0x54 ./Core/Src/main.o
                0x0000000020000128                hi2c1
 .bss.hi2s3     0x000000002000017c       0x48 ./Core/Src/main.o
                0x000000002000017c                hi2s3
 .bss.hdma_spi3_tx
                0x00000000200001c4       0x60 ./Core/Src/main.o
                0x00000000200001c4                hdma_spi3_tx
 .bss.htim1     0x0000000020000224       0x48 ./Core/Src/main.o
                0x0000000020000224                htim1
 .bss.song_mov  0x000000002000026c        0x1 ./Core/Src/main.o
                0x000000002000026c                song_mov
 *fill*         0x000000002000026d        0x3 
 .bss.__sbrk_heap_end
                0x0000000020000270        0x4 ./Core/Src/sysmem.o
 .bss.i2sptr    0x0000000020000274        0x4 ./Core/Src/wav_player.o
 .bss.wavFile   0x0000000020000278      0x230 ./Core/Src/wav_player.o
 .bss.fileLength
                0x00000000200004a8        0x4 ./Core/Src/wav_player.o
 .bss.audioBuffer
                0x00000000200004ac     0x1000 ./Core/Src/wav_player.o
 .bss.audioRemainSize
                0x00000000200014ac        0x4 ./Core/Src/wav_player.o
 .bss.samplingFreq
                0x00000000200014b0        0x4 ./Core/Src/wav_player.o
 .bss.player_bytes_read
                0x00000000200014b4        0x4 ./Core/Src/wav_player.o
 .bss.is_song_finished
                0x00000000200014b8        0x1 ./Core/Src/wav_player.o
 .bss.playerControlSM
                0x00000000200014b9        0x1 ./Core/Src/wav_player.o
 *fill*         0x00000000200014ba        0x2 
 .bss.uwTick    0x00000000200014bc        0x4 ./Drivers/STM32F4xx_HAL_Driver/Src/stm32f4xx_hal.o
                0x00000000200014bc                uwTick
 .bss.retUSBH   0x00000000200014c0        0x1 ./FATFS/App/fatfs.o
                0x00000000200014c0                retUSBH
 *fill*         0x00000000200014c1        0x3 
 .bss.USBHPath  0x00000000200014c4        0x4 ./FATFS/App/fatfs.o
                0x00000000200014c4                USBHPath
 .bss.USBHFatFS
                0x00000000200014c8      0x230 ./FATFS/App/fatfs.o
                0x00000000200014c8                USBHFatFS
 .bss.FatFs     0x00000000200016f8        0x4 ./Middlewares/Third_Party/FatFs/src/ff.o
 .bss.Fsid      0x00000000200016fc        0x2 ./Middlewares/Third_Party/FatFs/src/ff.o
 *fill*         0x00000000200016fe        0x2 
 .bss.Files     0x0000000020001700       0x20 ./Middlewares/Third_Party/FatFs/src/ff.o
 .bss.disk      0x0000000020001720        0xc ./Middlewares/Third_Party/FatFs/src/ff_gen_drv.o
                0x0000000020001720                disk
 .bss.hUsbHostFS
                0x000000002000172c      0x3d8 ./USB_HOST/App/usb_host.o
                0x000000002000172c                hUsbHostFS
 .bss.Appli_state
                0x0000000020001b04        0x1 ./USB_HOST/App/usb_host.o
                0x0000000020001b04                Appli_state
 *fill*         0x0000000020001b05        0x3 
 .bss.hhcd_USB_OTG_FS
                0x0000000020001b08      0x304 ./USB_HOST/Target/usbh_conf.o
                0x0000000020001b08                hhcd_USB_OTG_FS
 .bss.__malloc_free_list
                0x0000000020001e0c        0x4 c:/st/stm32cubeide_1.11.0/stm32cubeide/plugins/com.st.stm32cube.ide.mcu.externaltools.gnu-tools-for-stm32.10.3-2021.10.win32_1.0.100.202210260954/tools/bin/../lib/gcc/arm-none-eabi/10.3.1/../../../../arm-none-eabi/lib/thumb/v7e-m+fp/hard\libc_nano.a(lib_a-nano-mallocr.o)
                0x0000000020001e0c                __malloc_free_list
 .bss.__malloc_sbrk_start
                0x0000000020001e10        0x4 c:/st/stm32cubeide_1.11.0/stm32cubeide/plugins/com.st.stm32cube.ide.mcu.externaltools.gnu-tools-for-stm32.10.3-2021.10.win32_1.0.100.202210260954/tools/bin/../lib/gcc/arm-none-eabi/10.3.1/../../../../arm-none-eabi/lib/thumb/v7e-m+fp/hard\libc_nano.a(lib_a-nano-mallocr.o)
                0x0000000020001e10                __malloc_sbrk_start
 .bss.errno     0x0000000020001e14        0x4 c:/st/stm32cubeide_1.11.0/stm32cubeide/plugins/com.st.stm32cube.ide.mcu.externaltools.gnu-tools-for-stm32.10.3-2021.10.win32_1.0.100.202210260954/tools/bin/../lib/gcc/arm-none-eabi/10.3.1/../../../../arm-none-eabi/lib/thumb/v7e-m+fp/hard\libc_nano.a(lib_a-reent.o)
                0x0000000020001e14                errno
 .bss.__lock___malloc_recursive_mutex
                0x0000000020001e18        0x1 c:/st/stm32cubeide_1.11.0/stm32cubeide/plugins/com.st.stm32cube.ide.mcu.externaltools.gnu-tools-for-stm32.10.3-2021.10.win32_1.0.100.202210260954/tools/bin/../lib/gcc/arm-none-eabi/10.3.1/../../../../arm-none-eabi/lib/thumb/v7e-m+fp/hard\libc_nano.a(lib_a-lock.o)
                0x0000000020001e18                __lock___malloc_recursive_mutex
 *(COMMON)
                0x0000000020001e1c                . = ALIGN (0x4)
 *fill*         0x0000000020001e19        0x3 
                0x0000000020001e1c                _ebss = .
                0x0000000020001e1c                __bss_end__ = _ebss

._user_heap_stack
                0x0000000020001e1c     0x4004
                0x0000000020001e20                . = ALIGN (0x8)
 *fill*         0x0000000020001e1c        0x4 
                [!provide]                        PROVIDE (end = .)
                0x0000000020001e20                PROVIDE (_end = .)
                0x0000000020003e20                . = (. + _Min_Heap_Size)
 *fill*         0x0000000020001e20     0x2000 
                0x0000000020005e20                . = (. + _Min_Stack_Size)
 *fill*         0x0000000020003e20     0x2000 
                0x0000000020005e20                . = ALIGN (0x8)

/DISCARD/
 libc.a(*)
 libm.a(*)
 libgcc.a(*)

.ARM.attributes
                0x0000000000000000       0x30
 *(.ARM.attributes)
 .ARM.attributes
                0x0000000000000000       0x1e c:/st/stm32cubeide_1.11.0/stm32cubeide/plugins/com.st.stm32cube.ide.mcu.externaltools.gnu-tools-for-stm32.10.3-2021.10.win32_1.0.100.202210260954/tools/bin/../lib/gcc/arm-none-eabi/10.3.1/thumb/v7e-m+fp/hard/crti.o
 .ARM.attributes
                0x000000000000001e       0x34 c:/st/stm32cubeide_1.11.0/stm32cubeide/plugins/com.st.stm32cube.ide.mcu.externaltools.gnu-tools-for-stm32.10.3-2021.10.win32_1.0.100.202210260954/tools/bin/../lib/gcc/arm-none-eabi/10.3.1/thumb/v7e-m+fp/hard/crtbegin.o
 .ARM.attributes
                0x0000000000000052       0x34 ./Core/Src/cs43l22.o
 .ARM.attributes
                0x0000000000000086       0x34 ./Core/Src/lcd.o
 .ARM.attributes
                0x00000000000000ba       0x34 ./Core/Src/main.o
 .ARM.attributes
                0x00000000000000ee       0x34 ./Core/Src/stm32f4xx_hal_msp.o
 .ARM.attributes
                0x0000000000000122       0x34 ./Core/Src/stm32f4xx_it.o
 .ARM.attributes
                0x0000000000000156       0x34 ./Core/Src/sysmem.o
 .ARM.attributes
                0x000000000000018a       0x34 ./Core/Src/system_stm32f4xx.o
 .ARM.attributes
                0x00000000000001be       0x34 ./Core/Src/wav_player.o
 .ARM.attributes
                0x00000000000001f2       0x21 ./Core/Startup/startup_stm32f407vgtx.o
 .ARM.attributes
                0x0000000000000213       0x34 ./Drivers/STM32F4xx_HAL_Driver/Src/stm32f4xx_hal.o
 .ARM.attributes
                0x0000000000000247       0x34 ./Drivers/STM32F4xx_HAL_Driver/Src/stm32f4xx_hal_cortex.o
 .ARM.attributes
                0x000000000000027b       0x34 ./Drivers/STM32F4xx_HAL_Driver/Src/stm32f4xx_hal_dac.o
 .ARM.attributes
                0x00000000000002af       0x34 ./Drivers/STM32F4xx_HAL_Driver/Src/stm32f4xx_hal_dma.o
 .ARM.attributes